data/master.csv
time,date,itemid,price,discount,price_before_discount,stock,sold,item_status,cmt_count,liked_count,item_name,is_latest
1672018577,20221226,8897653002,9,40%,16,60505,0,normal,9,12,"[in stock]100 Peças Terminais Elétricos Ilhós Tubular Simples Pré Isolado 2,5mm  VE",True
1671932405,20221225,8897653002,9,40%,16,60505,0,normal,9,12,"[in stock]100 Peças Terminais Elétricos Ilhós Tubular Simples Pré Isolado 2,5mm  VE",False
1671845080,20221224,8897653002,9,40%,16,60505,0,normal,9,12,"[in stock]100 Peças Terminais Elétricos Ilhós Tubular Simples Pré Isolado 2,5mm  VE",False
1671759364,20221223,8897653002,9,40%,16,60505,0,normal,9,12,"[in stock]100 Peças Terminais Elétricos Ilhós Tubular Simples Pré Isolado 2,5mm  VE",False
1671672940,20221222,8897653002,9,40%,16,60505,0,normal,9,12,"[in stock]100 Peças Terminais Elétricos Ilhós Tubular Simples Pré Isolado 2,5mm  VE",False
1671586403,20221221,8897653002,9,40%,16,60505,0,normal,9,12,"[in stock]100 Peças Terminais Elétricos Ilhós Tubular Simples Pré Isolado 2,5mm  VE",False
1671500220,20221220,8897653002,9,40%,16,60505,0,normal,9,12,"[in stock]100 Peças Terminais Elétricos Ilhós Tubular Simples Pré Isolado 2,5mm  VE",False
1671445343,20221219,8897653002,9,40%,16,60505,0,normal,9,12,"[in stock]100 Peças Terminais Elétricos Ilhós Tubular Simples Pré Isolado 2,5mm  VE",False
1671413633,20221219,8897653002,9,40%,16,56305,0,normal,9,12,"[in stock]100 Peças Terminais Elétricos Ilhós Tubular Simples Pré Isolado 2,5mm  VE",False
1671327361,20221218,8897653002,9,40%,16,56305,0,normal,9,12,"[in stock]100 Peças Terminais Elétricos Ilhós Tubular Simples Pré Isolado 2,5mm  VE",False
1671269875,20221217,8897653002,9,40%,16,56305,0,normal,9,12,"[in stock]100 Peças Terminais Elétricos Ilhós Tubular Simples Pré Isolado 2,5mm  VE",False
1671240870,20221217,8897653002,9,40%,16,56473,0,normal,9,12,"[in stock]100 Peças Terminais Elétricos Ilhós Tubular Simples Pré Isolado 2,5mm  VE",False
1671154456,20221216,8897653002,9,40%,16,56473,0,normal,9,12,"[in stock]100 Peças Terminais Elétricos Ilhós Tubular Simples Pré Isolado 2,5mm  VE",False
1671068709,20221215,8897653002,9,40%,16,56473,0,normal,9,12,"[in stock]100 Peças Terminais Elétricos Ilhós Tubular Simples Pré Isolado 2,5mm  VE",False
1670982166,20221214,8897653002,9,40%,16,56473,0,normal,9,12,"[in stock]100 Peças Terminais Elétricos Ilhós Tubular Simples Pré Isolado 2,5mm  VE",False
1670895997,20221213,8897653002,9,40%,16,56473,0,normal,9,12,"[in stock]100 Peças Terminais Elétricos Ilhós Tubular Simples Pré Isolado 2,5mm  VE",False
1670827441,20221212,8897653002,9,40%,16,56473,0,normal,9,12,"[in stock]100 Peças Terminais Elétricos Ilhós Tubular Simples Pré Isolado 2,5mm  VE",False
1670809441,20221212,8897653002,9,40%,16,52273,0,normal,9,12,"[in stock]100 Peças Terminais Elétricos Ilhós Tubular Simples Pré Isolado 2,5mm  VE",False
1670723286,20221211,8897653002,9,40%,16,52273,0,normal,9,12,"[in stock]100 Peças Terminais Elétricos Ilhós Tubular Simples Pré Isolado 2,5mm  VE",False
1670636233,20221210,8897653002,9,40%,16,52273,0,normal,9,12,"[in stock]100 Peças Terminais Elétricos Ilhós Tubular Simples Pré Isolado 2,5mm  VE",False
1670550236,20221209,8897653002,9,40%,16,52273,0,normal,9,12,"[in stock]100 Peças Terminais Elétricos Ilhós Tubular Simples Pré Isolado 2,5mm  VE",False
1670492335,20221208,8897653002,9,40%,16,52273,0,normal,9,12,"[in stock]100 Peças Terminais Elétricos Ilhós Tubular Simples Pré Isolado 2,5mm  VE",False
1670463626,20221208,8897653002,9,40%,16,43873,0,normal,9,12,"[in stock]100 Peças Terminais Elétricos Ilhós Tubular Simples Pré Isolado 2,5mm  VE",False
1670377483,20221207,8897653002,9,40%,16,43873,0,normal,9,12,"[in stock]100 Peças Terminais Elétricos Ilhós Tubular Simples Pré Isolado 2,5mm  VE",False
1670290757,20221206,8897653002,9,40%,16,43873,0,normal,9,12,"[in stock]100 Peças Terminais Elétricos Ilhós Tubular Simples Pré Isolado 2,5mm  VE",False
1670204469,20221205,8897653002,9,40%,16,43873,0,normal,9,12,"[in stock]100 Peças Terminais Elétricos Ilhós Tubular Simples Pré Isolado 2,5mm  VE",False
1670118123,20221204,8897653002,9,40%,16,43873,0,normal,9,12,"[in stock]100 Peças Terminais Elétricos Ilhós Tubular Simples Pré Isolado 2,5mm  VE",False
1670031348,20221203,8897653002,9,40%,16,43873,0,normal,9,12,"[in stock]100 Peças Terminais Elétricos Ilhós Tubular Simples Pré Isolado 2,5mm  VE",False
1669945210,20221202,8897653002,9,40%,16,43873,0,normal,9,12,"[in stock]100 Peças Terminais Elétricos Ilhós Tubular Simples Pré Isolado 2,5mm  VE",False
1669887630,20221201,8897653002,9,40%,16,43873,0,normal,9,12,"[in stock]100 Peças Terminais Elétricos Ilhós Tubular Simples Pré Isolado 2,5mm  VE",False
1669860042,20221201,8897653002,9,40%,16,44083,0,normal,9,12,"[in stock]100 Peças Terminais Elétricos Ilhós Tubular Simples Pré Isolado 2,5mm  VE",False
1669776832,20221130,8897653002,9,40%,16,44083,0,normal,9,12,"[in stock]100 Peças Terminais Elétricos Ilhós Tubular Simples Pré Isolado 2,5mm  VE",False
1669772897,20221130,8897653002,9,40%,16,44293,0,normal,9,12,"[in stock]100 Peças Terminais Elétricos Ilhós Tubular Simples Pré Isolado 2,5mm  VE",False
1669686416,20221129,8897653002,9,40%,16,44293,0,normal,9,12,"[in stock]100 Peças Terminais Elétricos Ilhós Tubular Simples Pré Isolado 2,5mm  VE",False
1669604384,20221128,8897653002,9,40%,16,44293,0,normal,9,12,"[in stock]100 Peças Terminais Elétricos Ilhós Tubular Simples Pré Isolado 2,5mm  VE",False
1669600045,20221128,8897653002,9,40%,16,40093,0,normal,9,12,"[in stock]100 Peças Terminais Elétricos Ilhós Tubular Simples Pré Isolado 2,5mm  VE",False
1669514076,20221127,8897653002,9,40%,16,40093,0,normal,9,12,"[in stock]100 Peças Terminais Elétricos Ilhós Tubular Simples Pré Isolado 2,5mm  VE",False
1669427070,20221126,8897653002,9,40%,16,40093,0,normal,9,12,"[in stock]100 Peças Terminais Elétricos Ilhós Tubular Simples Pré Isolado 2,5mm  VE",False
1669380018,20221125,8897653002,9,40%,16,40093,0,normal,9,12,"[in stock]100 Peças Terminais Elétricos Ilhós Tubular Simples Pré Isolado 2,5mm  VE",False
1669350508,20221125,8897653002,9,40%,16,40219,0,normal,9,12,"[in stock]100 Peças Terminais Elétricos Ilhós Tubular Simples Pré Isolado 2,5mm  VE",False
1669003268,20221121,8897653002,9,40%,16,36019,0,normal,9,12,"[in stock]100 Peças Terminais Elétricos Ilhós Tubular Simples Pré Isolado 2,5mm  VE",False
1668994894,20221121,8897653002,9,40%,16,36145,0,normal,9,12,"[in stock]100 Peças Terminais Elétricos Ilhós Tubular Simples Pré Isolado 2,5mm  VE",False
1668908689,20221120,8897653002,9,40%,16,36145,0,normal,9,12,"[in stock]100 Peças Terminais Elétricos Ilhós Tubular Simples Pré Isolado 2,5mm  VE",False
1668821999,20221119,8897653002,9,40%,16,36145,0,normal,9,12,"[in stock]100 Peças Terminais Elétricos Ilhós Tubular Simples Pré Isolado 2,5mm  VE",False
1668814789,20221118,8897653002,16,,0,36145,0,normal,9,12,"[in stock]100 Peças Terminais Elétricos Ilhós Tubular Simples Pré Isolado 2,5mm  VE",False
1668813483,20221118,8897653002,16,,0,36145,0,normal,9,12,"[in stock]100 Peças Terminais Elétricos Ilhós Tubular Simples Pré Isolado 2,5mm  VE",False
1668811287,20221118,8897653002,16,,0,36145,0,normal,9,12,"[in stock]100 Peças Terminais Elétricos Ilhós Tubular Simples Pré Isolado 2,5mm  VE",False
1668809861,20221118,8897653002,16,,0,36145,0,normal,9,12,"[in stock]100 Peças Terminais Elétricos Ilhós Tubular Simples Pré Isolado 2,5mm  VE",False
1668807488,20221118,8897653002,16,,0,36145,0,normal,9,12,"[in stock]100 Peças Terminais Elétricos Ilhós Tubular Simples Pré Isolado 2,5mm  VE",False
1668806159,20221118,8897653002,16,,0,36145,0,normal,9,12,"[in stock]100 Peças Terminais Elétricos Ilhós Tubular Simples Pré Isolado 2,5mm  VE",False
1668804008,20221118,8897653002,16,,0,36145,0,normal,9,12,"[in stock]100 Peças Terminais Elétricos Ilhós Tubular Simples Pré Isolado 2,5mm  VE",False
1668802738,20221118,8897653002,16,,0,36145,0,normal,9,12,"[in stock]100 Peças Terminais Elétricos Ilhós Tubular Simples Pré Isolado 2,5mm  VE",False
1668800237,20221118,8897653002,16,,0,36145,0,normal,9,12,"[in stock]100 Peças Terminais Elétricos Ilhós Tubular Simples Pré Isolado 2,5mm  VE",False
1668798878,20221118,8897653002,16,,0,36145,0,normal,9,12,"[in stock]100 Peças Terminais Elétricos Ilhós Tubular Simples Pré Isolado 2,5mm  VE",False
1668797179,20221118,8897653002,16,,0,36145,0,normal,9,12,"[in stock]100 Peças Terminais Elétricos Ilhós Tubular Simples Pré Isolado 2,5mm  VE",False
1668795839,20221118,8897653002,16,,0,36145,0,normal,9,12,"[in stock]100 Peças Terminais Elétricos Ilhós Tubular Simples Pré Isolado 2,5mm  VE",False
1668793228,20221118,8897653002,16,,0,36145,0,normal,9,12,"[in stock]100 Peças Terminais Elétricos Ilhós Tubular Simples Pré Isolado 2,5mm  VE",False
1668791833,20221118,8897653002,16,,0,36145,0,normal,9,12,"[in stock]100 Peças Terminais Elétricos Ilhós Tubular Simples Pré Isolado 2,5mm  VE",False
1668790364,20221118,8897653002,16,,0,36145,0,normal,9,12,"[in stock]100 Peças Terminais Elétricos Ilhós Tubular Simples Pré Isolado 2,5mm  VE",False
1668788710,20221118,8897653002,16,,0,36145,0,normal,9,12,"[in stock]100 Peças Terminais Elétricos Ilhós Tubular Simples Pré Isolado 2,5mm  VE",False
1668786090,20221118,8897653002,16,,0,36145,0,normal,9,12,"[in stock]100 Peças Terminais Elétricos Ilhós Tubular Simples Pré Isolado 2,5mm  VE",False
1668784713,20221118,8897653002,16,,0,36145,0,normal,9,12,"[in stock]100 Peças Terminais Elétricos Ilhós Tubular Simples Pré Isolado 2,5mm  VE",False
1668782406,20221118,8897653002,16,,0,36145,0,normal,9,12,"[in stock]100 Peças Terminais Elétricos Ilhós Tubular Simples Pré Isolado 2,5mm  VE",False
1668781063,20221118,8897653002,16,,0,36145,0,normal,9,12,"[in stock]100 Peças Terminais Elétricos Ilhós Tubular Simples Pré Isolado 2,5mm  VE",False
1668779511,20221118,8897653002,16,,0,36145,0,normal,9,12,"[in stock]100 Peças Terminais Elétricos Ilhós Tubular Simples Pré Isolado 2,5mm  VE",False
1668778545,20221118,8897653002,16,,0,36145,0,normal,9,12,"[in stock]100 Peças Terminais Elétricos Ilhós Tubular Simples Pré Isolado 2,5mm  VE",False
1668774857,20221118,8897653002,16,,0,36145,0,normal,9,12,"[in stock]100 Peças Terminais Elétricos Ilhós Tubular Simples Pré Isolado 2,5mm  VE",False
1668771420,20221118,8897653002,16,,0,36145,0,normal,9,12,"[in stock]100 Peças Terminais Elétricos Ilhós Tubular Simples Pré Isolado 2,5mm  VE",False
1668770094,20221118,8897653002,16,,0,36145,0,normal,9,12,"[in stock]100 Peças Terminais Elétricos Ilhós Tubular Simples Pré Isolado 2,5mm  VE",False
1668769970,20221118,8897653002,16,,0,36145,0,normal,9,12,"[in stock]100 Peças Terminais Elétricos Ilhós Tubular Simples Pré Isolado 2,5mm  VE",False
1668768133,20221118,8897653002,16,,0,36145,0,normal,9,12,"[in stock]100 Peças Terminais Elétricos Ilhós Tubular Simples Pré Isolado 2,5mm  VE",False
1668766779,20221118,8897653002,16,,0,36145,0,normal,9,12,"[in stock]100 Peças Terminais Elétricos Ilhós Tubular Simples Pré Isolado 2,5mm  VE",False
1668764396,20221118,8897653002,16,,0,36145,0,normal,9,12,"[in stock]100 Peças Terminais Elétricos Ilhós Tubular Simples Pré Isolado 2,5mm  VE",False
1668763075,20221118,8897653002,16,,0,36145,0,normal,9,12,"[in stock]100 Peças Terminais Elétricos Ilhós Tubular Simples Pré Isolado 2,5mm  VE",False
1668761035,20221118,8897653002,16,,0,36145,0,normal,9,12,"[in stock]100 Peças Terminais Elétricos Ilhós Tubular Simples Pré Isolado 2,5mm  VE",False
1668759760,20221118,8897653002,16,,0,36145,0,normal,9,12,"[in stock]100 Peças Terminais Elétricos Ilhós Tubular Simples Pré Isolado 2,5mm  VE",False
1668757018,20221118,8897653002,16,,0,36145,0,normal,9,12,"[in stock]100 Peças Terminais Elétricos Ilhós Tubular Simples Pré Isolado 2,5mm  VE",False
1668755794,20221118,8897653002,16,,0,36145,0,normal,9,12,"[in stock]100 Peças Terminais Elétricos Ilhós Tubular Simples Pré Isolado 2,5mm  VE",False
1668753980,20221118,8897653002,16,,0,36145,0,normal,9,12,"[in stock]100 Peças Terminais Elétricos Ilhós Tubular Simples Pré Isolado 2,5mm  VE",False
1668752592,20221118,8897653002,16,,0,36145,0,normal,9,12,"[in stock]100 Peças Terminais Elétricos Ilhós Tubular Simples Pré Isolado 2,5mm  VE",False
1668749922,20221118,8897653002,16,,0,36145,0,normal,9,12,"[in stock]100 Peças Terminais Elétricos Ilhós Tubular Simples Pré Isolado 2,5mm  VE",False
1668748615,20221118,8897653002,16,,0,36145,0,normal,9,12,"[in stock]100 Peças Terminais Elétricos Ilhós Tubular Simples Pré Isolado 2,5mm  VE",False
1668746794,20221118,8897653002,16,,0,36145,0,normal,9,12,"[in stock]100 Peças Terminais Elétricos Ilhós Tubular Simples Pré Isolado 2,5mm  VE",False
1668745400,20221118,8897653002,16,,0,36145,0,normal,9,12,"[in stock]100 Peças Terminais Elétricos Ilhós Tubular Simples Pré Isolado 2,5mm  VE",False
1668743732,20221118,8897653002,16,,0,36145,0,normal,9,12,"[in stock]100 Peças Terminais Elétricos Ilhós Tubular Simples Pré Isolado 2,5mm  VE",False
1668741288,20221118,8897653002,16,,0,36145,0,normal,9,12,"[in stock]100 Peças Terminais Elétricos Ilhós Tubular Simples Pré Isolado 2,5mm  VE",False
1668735874,20221118,8897653002,16,,0,36145,0,normal,9,12,"[in stock]100 Peças Terminais Elétricos Ilhós Tubular Simples Pré Isolado 2,5mm  VE",False
1668728454,20221117,8897653002,16,,0,36145,0,normal,9,12,"[in stock]100 Peças Terminais Elétricos Ilhós Tubular Simples Pré Isolado 2,5mm  VE",False
1668727168,20221117,8897653002,16,,0,36145,0,normal,9,12,"[in stock]100 Peças Terminais Elétricos Ilhós Tubular Simples Pré Isolado 2,5mm  VE",False
1668724853,20221117,8897653002,16,,0,36145,0,normal,9,12,"[in stock]100 Peças Terminais Elétricos Ilhós Tubular Simples Pré Isolado 2,5mm  VE",False
1668723498,20221117,8897653002,16,,0,36145,0,normal,9,12,"[in stock]100 Peças Terminais Elétricos Ilhós Tubular Simples Pré Isolado 2,5mm  VE",False
1668721098,20221117,8897653002,16,,0,36145,0,normal,9,12,"[in stock]100 Peças Terminais Elétricos Ilhós Tubular Simples Pré Isolado 2,5mm  VE",False
1668719766,20221117,8897653002,16,,0,36145,0,normal,9,12,"[in stock]100 Peças Terminais Elétricos Ilhós Tubular Simples Pré Isolado 2,5mm  VE",False
1668717608,20221117,8897653002,16,,0,36145,0,normal,9,12,"[in stock]100 Peças Terminais Elétricos Ilhós Tubular Simples Pré Isolado 2,5mm  VE",False
1668716337,20221117,8897653002,16,,0,36145,0,normal,9,12,"[in stock]100 Peças Terminais Elétricos Ilhós Tubular Simples Pré Isolado 2,5mm  VE",False
1668713827,20221117,8897653002,16,,0,36145,0,normal,9,12,"[in stock]100 Peças Terminais Elétricos Ilhós Tubular Simples Pré Isolado 2,5mm  VE",False
1668712483,20221117,8897653002,16,,0,36145,0,normal,9,12,"[in stock]100 Peças Terminais Elétricos Ilhós Tubular Simples Pré Isolado 2,5mm  VE",False
1668710669,20221117,8897653002,16,,0,36145,0,normal,9,12,"[in stock]100 Peças Terminais Elétricos Ilhós Tubular Simples Pré Isolado 2,5mm  VE",False
1668709305,20221117,8897653002,16,,0,36145,0,normal,9,12,"[in stock]100 Peças Terminais Elétricos Ilhós Tubular Simples Pré Isolado 2,5mm  VE",False
1668706817,20221117,8897653002,16,,0,36145,0,normal,9,12,"[in stock]100 Peças Terminais Elétricos Ilhós Tubular Simples Pré Isolado 2,5mm  VE",False
1668705492,20221117,8897653002,16,,0,36145,0,normal,9,12,"[in stock]100 Peças Terminais Elétricos Ilhós Tubular Simples Pré Isolado 2,5mm  VE",False
1668704111,20221117,8897653002,16,,0,36145,0,normal,9,12,"[in stock]100 Peças Terminais Elétricos Ilhós Tubular Simples Pré Isolado 2,5mm  VE",False
1668702351,20221117,8897653002,16,,0,36145,0,normal,9,12,"[in stock]100 Peças Terminais Elétricos Ilhós Tubular Simples Pré Isolado 2,5mm  VE",False
1668699706,20221117,8897653002,16,,0,36145,0,normal,9,12,"[in stock]100 Peças Terminais Elétricos Ilhós Tubular Simples Pré Isolado 2,5mm  VE",False
1668698358,20221117,8897653002,16,,0,36145,0,normal,9,12,"[in stock]100 Peças Terminais Elétricos Ilhós Tubular Simples Pré Isolado 2,5mm  VE",False
1668695964,20221117,8897653002,16,,0,36145,0,normal,9,12,"[in stock]100 Peças Terminais Elétricos Ilhós Tubular Simples Pré Isolado 2,5mm  VE",False
1668694599,20221117,8897653002,16,,0,36145,0,normal,9,12,"[in stock]100 Peças Terminais Elétricos Ilhós Tubular Simples Pré Isolado 2,5mm  VE",False
1668692117,20221117,8897653002,16,,0,36145,0,normal,9,12,"[in stock]100 Peças Terminais Elétricos Ilhós Tubular Simples Pré Isolado 2,5mm  VE",False
1668688690,20221117,8897653002,16,,0,36145,0,normal,9,12,"[in stock]100 Peças Terminais Elétricos Ilhós Tubular Simples Pré Isolado 2,5mm  VE",False
1668685011,20221117,8897653002,16,,0,36145,0,normal,9,12,"[in stock]100 Peças Terminais Elétricos Ilhós Tubular Simples Pré Isolado 2,5mm  VE",False
1668683679,20221117,8897653002,16,,0,36145,0,normal,9,12,"[in stock]100 Peças Terminais Elétricos Ilhós Tubular Simples Pré Isolado 2,5mm  VE",False
1668681711,20221117,8897653002,16,,0,36145,0,normal,9,12,"[in stock]100 Peças Terminais Elétricos Ilhós Tubular Simples Pré Isolado 2,5mm  VE",False
1668680349,20221117,8897653002,16,,0,36145,0,normal,9,12,"[in stock]100 Peças Terminais Elétricos Ilhós Tubular Simples Pré Isolado 2,5mm  VE",False
1668677990,20221117,8897653002,16,,0,36145,0,normal,9,12,"[in stock]100 Peças Terminais Elétricos Ilhós Tubular Simples Pré Isolado 2,5mm  VE",False
1668676663,20221117,8897653002,16,,0,36145,0,normal,9,12,"[in stock]100 Peças Terminais Elétricos Ilhós Tubular Simples Pré Isolado 2,5mm  VE",False
1668674812,20221117,8897653002,16,,0,36145,0,normal,9,12,"[in stock]100 Peças Terminais Elétricos Ilhós Tubular Simples Pré Isolado 2,5mm  VE",False
1668673496,20221117,8897653002,16,,0,36145,0,normal,9,12,"[in stock]100 Peças Terminais Elétricos Ilhós Tubular Simples Pré Isolado 2,5mm  VE",False
1668670600,20221117,8897653002,16,,0,36145,0,normal,9,12,"[in stock]100 Peças Terminais Elétricos Ilhós Tubular Simples Pré Isolado 2,5mm  VE",False
1668669378,20221117,8897653002,16,,0,36145,0,normal,9,12,"[in stock]100 Peças Terminais Elétricos Ilhós Tubular Simples Pré Isolado 2,5mm  VE",False
