data/master.csv
time,date,itemid,price,discount,price_before_discount,stock,sold,item_status,cmt_count,liked_count,item_name,is_latest
1668667550,20221117,8897653002,16,,0,36145,0,normal,9,12,"[in stock]100 Peças Terminais Elétricos Ilhós Tubular Simples Pré Isolado 2,5mm  VE",False
1668666148,20221117,8897653002,16,,0,36145,0,normal,9,12,"[in stock]100 Peças Terminais Elétricos Ilhós Tubular Simples Pré Isolado 2,5mm  VE",False
1668663540,20221117,8897653002,16,,0,36145,0,normal,9,12,"[in stock]100 Peças Terminais Elétricos Ilhós Tubular Simples Pré Isolado 2,5mm  VE",False
1668662237,20221117,8897653002,16,,0,36145,0,normal,9,12,"[in stock]100 Peças Terminais Elétricos Ilhós Tubular Simples Pré Isolado 2,5mm  VE",False
1668660356,20221117,8897653002,16,,0,36145,0,normal,9,12,"[in stock]100 Peças Terminais Elétricos Ilhós Tubular Simples Pré Isolado 2,5mm  VE",False
1668658930,20221117,8897653002,16,,0,36145,0,normal,9,12,"[in stock]100 Peças Terminais Elétricos Ilhós Tubular Simples Pré Isolado 2,5mm  VE",False
1668657263,20221117,8897653002,16,,0,36145,0,normal,9,12,"[in stock]100 Peças Terminais Elétricos Ilhós Tubular Simples Pré Isolado 2,5mm  VE",False
1668654783,20221117,8897653002,16,,0,36145,0,normal,9,12,"[in stock]100 Peças Terminais Elétricos Ilhós Tubular Simples Pré Isolado 2,5mm  VE",False
1668653574,20221117,8897653002,16,,0,36145,0,normal,9,12,"[in stock]100 Peças Terminais Elétricos Ilhós Tubular Simples Pré Isolado 2,5mm  VE",False
1668649242,20221117,8897653002,16,,0,36145,0,normal,9,12,"[in stock]100 Peças Terminais Elétricos Ilhós Tubular Simples Pré Isolado 2,5mm  VE",False
1668641991,20221116,8897653002,16,,0,36145,0,normal,9,12,"[in stock]100 Peças Terminais Elétricos Ilhós Tubular Simples Pré Isolado 2,5mm  VE",False
1668640690,20221116,8897653002,16,,0,36145,0,normal,9,12,"[in stock]100 Peças Terminais Elétricos Ilhós Tubular Simples Pré Isolado 2,5mm  VE",False
1668638403,20221116,8897653002,16,,0,36145,0,normal,9,12,"[in stock]100 Peças Terminais Elétricos Ilhós Tubular Simples Pré Isolado 2,5mm  VE",False
1668637030,20221116,8897653002,16,,0,36145,0,normal,9,12,"[in stock]100 Peças Terminais Elétricos Ilhós Tubular Simples Pré Isolado 2,5mm  VE",False
1668634683,20221116,8897653002,16,,0,36145,0,normal,9,12,"[in stock]100 Peças Terminais Elétricos Ilhós Tubular Simples Pré Isolado 2,5mm  VE",False
1668633339,20221116,8897653002,16,,0,36145,0,normal,9,12,"[in stock]100 Peças Terminais Elétricos Ilhós Tubular Simples Pré Isolado 2,5mm  VE",False
1668631203,20221116,8897653002,16,,0,36145,0,normal,9,12,"[in stock]100 Peças Terminais Elétricos Ilhós Tubular Simples Pré Isolado 2,5mm  VE",False
1668629942,20221116,8897653002,16,,0,36145,0,normal,9,12,"[in stock]100 Peças Terminais Elétricos Ilhós Tubular Simples Pré Isolado 2,5mm  VE",False
1668627447,20221116,8897653002,16,,0,36145,0,normal,9,12,"[in stock]100 Peças Terminais Elétricos Ilhós Tubular Simples Pré Isolado 2,5mm  VE",False
1668626078,20221116,8897653002,16,,0,36145,0,normal,9,12,"[in stock]100 Peças Terminais Elétricos Ilhós Tubular Simples Pré Isolado 2,5mm  VE",False
1668624293,20221116,8897653002,16,,0,36145,0,normal,9,12,"[in stock]100 Peças Terminais Elétricos Ilhós Tubular Simples Pré Isolado 2,5mm  VE",False
1668622945,20221116,8897653002,16,,0,36145,0,normal,9,12,"[in stock]100 Peças Terminais Elétricos Ilhós Tubular Simples Pré Isolado 2,5mm  VE",False
1668620376,20221116,8897653002,16,,0,36145,0,normal,9,12,"[in stock]100 Peças Terminais Elétricos Ilhós Tubular Simples Pré Isolado 2,5mm  VE",False
1668619004,20221116,8897653002,16,,0,36145,0,normal,9,12,"[in stock]100 Peças Terminais Elétricos Ilhós Tubular Simples Pré Isolado 2,5mm  VE",False
1668617502,20221116,8897653002,16,,0,36145,0,normal,9,12,"[in stock]100 Peças Terminais Elétricos Ilhós Tubular Simples Pré Isolado 2,5mm  VE",False
1668615912,20221116,8897653002,16,,0,36145,0,normal,9,12,"[in stock]100 Peças Terminais Elétricos Ilhós Tubular Simples Pré Isolado 2,5mm  VE",False
1668613303,20221116,8897653002,16,,0,36145,0,normal,9,12,"[in stock]100 Peças Terminais Elétricos Ilhós Tubular Simples Pré Isolado 2,5mm  VE",False
1668611938,20221116,8897653002,16,,0,36145,0,normal,9,12,"[in stock]100 Peças Terminais Elétricos Ilhós Tubular Simples Pré Isolado 2,5mm  VE",False
1668609569,20221116,8897653002,16,,0,36145,0,normal,9,12,"[in stock]100 Peças Terminais Elétricos Ilhós Tubular Simples Pré Isolado 2,5mm  VE",False
1668608180,20221116,8897653002,16,,0,36145,0,normal,9,12,"[in stock]100 Peças Terminais Elétricos Ilhós Tubular Simples Pré Isolado 2,5mm  VE",False
1668605877,20221116,8897653002,16,,0,36145,0,normal,9,12,"[in stock]100 Peças Terminais Elétricos Ilhós Tubular Simples Pré Isolado 2,5mm  VE",False
1668602163,20221116,8897653002,16,,0,36145,0,normal,9,12,"[in stock]100 Peças Terminais Elétricos Ilhós Tubular Simples Pré Isolado 2,5mm  VE",False
1668598607,20221116,8897653002,16,,0,36145,0,normal,9,12,"[in stock]100 Peças Terminais Elétricos Ilhós Tubular Simples Pré Isolado 2,5mm  VE",False
1668597313,20221116,8897653002,16,,0,36145,0,normal,9,12,"[in stock]100 Peças Terminais Elétricos Ilhós Tubular Simples Pré Isolado 2,5mm  VE",False
1668595308,20221116,8897653002,16,,0,36145,0,normal,9,12,"[in stock]100 Peças Terminais Elétricos Ilhós Tubular Simples Pré Isolado 2,5mm  VE",False
1668588447,20221116,8897653002,9,40%,16,36145,0,normal,9,12,"[in stock]100 Peças Terminais Elétricos Ilhós Tubular Simples Pré Isolado 2,5mm  VE",False
1668562905,20221116,8897653002,9,40%,16,36355,0,normal,9,12,"[in stock]100 Peças Terminais Elétricos Ilhós Tubular Simples Pré Isolado 2,5mm  VE",False
1668476424,20221115,8897653002,9,40%,16,36355,0,normal,9,12,"[in stock]100 Peças Terminais Elétricos Ilhós Tubular Simples Pré Isolado 2,5mm  VE",False
1668399067,20221114,8897653002,9,40%,16,36355,0,normal,9,12,"[in stock]100 Peças Terminais Elétricos Ilhós Tubular Simples Pré Isolado 2,5mm  VE",False
1668390178,20221114,8897653002,9,40%,16,34255,0,normal,9,12,"[in stock]100 Peças Terminais Elétricos Ilhós Tubular Simples Pré Isolado 2,5mm  VE",False
1668303747,20221113,8897653002,9,40%,16,34255,0,normal,9,12,"[in stock]100 Peças Terminais Elétricos Ilhós Tubular Simples Pré Isolado 2,5mm  VE",False
1668217419,20221112,8897653002,9,40%,16,34255,0,normal,9,12,"[in stock]100 Peças Terminais Elétricos Ilhós Tubular Simples Pré Isolado 2,5mm  VE",False
1668131249,20221111,8897653002,9,40%,16,34255,0,normal,9,12,"[in stock]100 Peças Terminais Elétricos Ilhós Tubular Simples Pré Isolado 2,5mm  VE",False
1668044852,20221110,8897653002,9,40%,16,34255,0,normal,9,12,"[in stock]100 Peças Terminais Elétricos Ilhós Tubular Simples Pré Isolado 2,5mm  VE",False
1667990624,20221109,8897653002,9,40%,16,34255,0,normal,9,12,"[in stock]100 Peças Terminais Elétricos Ilhós Tubular Simples Pré Isolado 2,5mm  VE",False
1667965273,20221109,8897653002,10,37%,16,34255,0,normal,9,12,"[in stock]100 Peças Terminais Elétricos Ilhós Tubular Simples Pré Isolado 2,5mm  VE",False
1667958877,20221109,8897653002,10,37%,16,32155,0,normal,9,12,"[in stock]100 Peças Terminais Elétricos Ilhós Tubular Simples Pré Isolado 2,5mm  VE",False
1667871853,20221108,8897653002,10,37%,16,32155,0,normal,9,12,"[in stock]100 Peças Terminais Elétricos Ilhós Tubular Simples Pré Isolado 2,5mm  VE",False
1667785477,20221107,8897653002,10,37%,16,32155,0,normal,9,12,"[in stock]100 Peças Terminais Elétricos Ilhós Tubular Simples Pré Isolado 2,5mm  VE",False
1667699358,20221106,8897653002,10,37%,16,32155,0,normal,9,12,"[in stock]100 Peças Terminais Elétricos Ilhós Tubular Simples Pré Isolado 2,5mm  VE",False
1667612816,20221105,8897653002,10,37%,16,32155,0,normal,9,12,"[in stock]100 Peças Terminais Elétricos Ilhós Tubular Simples Pré Isolado 2,5mm  VE",False
1667526884,20221104,8897653002,10,37%,16,32155,0,normal,9,12,"[in stock]100 Peças Terminais Elétricos Ilhós Tubular Simples Pré Isolado 2,5mm  VE",False
1667440146,20221103,8897653002,10,37%,16,32155,0,normal,9,12,"[in stock]100 Peças Terminais Elétricos Ilhós Tubular Simples Pré Isolado 2,5mm  VE",False
1667354514,20221102,8897653002,10,37%,16,32155,0,normal,9,12,"[in stock]100 Peças Terminais Elétricos Ilhós Tubular Simples Pré Isolado 2,5mm  VE",False
1667288612,20221101,8897653002,10,37%,16,32155,0,normal,9,12,"[in stock]100 Peças Terminais Elétricos Ilhós Tubular Simples Pré Isolado 2,5mm  VE",False
1667268783,20221101,8897653002,10,37%,16,32281,0,normal,9,12,"[in stock]100 Peças Terminais Elétricos Ilhós Tubular Simples Pré Isolado 2,5mm  VE",False
1667181995,20221031,8897653002,10,37%,16,32281,0,normal,9,12,"[in stock]100 Peças Terminais Elétricos Ilhós Tubular Simples Pré Isolado 2,5mm  VE",False
1667095474,20221030,8897653002,10,37%,16,32281,0,normal,9,12,"[in stock]100 Peças Terminais Elétricos Ilhós Tubular Simples Pré Isolado 2,5mm  VE",False
1667007956,20221029,8897653002,10,37%,16,32281,0,normal,9,12,"[in stock]100 Peças Terminais Elétricos Ilhós Tubular Simples Pré Isolado 2,5mm  VE",False
1666922465,20221028,8897653002,10,37%,16,32281,0,normal,9,12,"[in stock]100 Peças Terminais Elétricos Ilhós Tubular Simples Pré Isolado 2,5mm  VE",False
1666835585,20221027,8897653002,10,37%,16,32281,0,normal,9,12,"[in stock]100 Peças Terminais Elétricos Ilhós Tubular Simples Pré Isolado 2,5mm  VE",False
1666756377,20221026,8897653002,10,37%,16,32281,0,normal,9,12,"[in stock]100 Peças Terminais Elétricos Ilhós Tubular Simples Pré Isolado 2,5mm  VE",False
1666749331,20221026,8897653002,10,37%,16,28081,0,normal,9,12,"[in stock]100 Peças Terminais Elétricos Ilhós Tubular Simples Pré Isolado 2,5mm  VE",False
1666664365,20221025,8897653002,10,37%,16,28081,0,normal,9,12,"[in stock]100 Peças Terminais Elétricos Ilhós Tubular Simples Pré Isolado 2,5mm  VE",False
1666578318,20221024,8897653002,10,37%,16,28081,0,normal,9,12,"[in stock]100 Peças Terminais Elétricos Ilhós Tubular Simples Pré Isolado 2,5mm  VE",False
1666490817,20221023,8897653002,10,37%,16,28081,0,normal,9,12,"[in stock]100 Peças Terminais Elétricos Ilhós Tubular Simples Pré Isolado 2,5mm  VE",False
1666404009,20221022,8897653002,10,37%,16,28081,0,normal,9,12,"[in stock]100 Peças Terminais Elétricos Ilhós Tubular Simples Pré Isolado 2,5mm  VE",False
1666317058,20221021,8897653002,10,37%,16,28081,0,normal,9,12,"[in stock]100 Peças Terminais Elétricos Ilhós Tubular Simples Pré Isolado 2,5mm  VE",False
1666287745,20221020,8897653002,10,37%,16,28081,0,normal,9,12,"[in stock]100 Peças Terminais Elétricos Ilhós Tubular Simples Pré Isolado 2,5mm  VE",False
1666231667,20221020,8897653002,10,37%,16,28081,0,normal,9,11,"[in stock]100 Peças Terminais Elétricos Ilhós Tubular Simples Pré Isolado 2,5mm  VE",False
1666145249,20221019,8897653002,10,37%,16,28081,0,normal,9,11,"[in stock]100 Peças Terminais Elétricos Ilhós Tubular Simples Pré Isolado 2,5mm  VE",False
1666059071,20221018,8897653002,10,37%,16,28081,0,normal,9,11,"[in stock]100 Peças Terminais Elétricos Ilhós Tubular Simples Pré Isolado 2,5mm  VE",False
1665973540,20221017,8897653002,10,37%,16,28081,0,normal,9,11,"[in stock]100 Peças Terminais Elétricos Ilhós Tubular Simples Pré Isolado 2,5mm  VE",False
1665886961,20221016,8897653002,10,37%,16,28081,0,normal,9,11,"[in stock]100 Peças Terminais Elétricos Ilhós Tubular Simples Pré Isolado 2,5mm  VE",False
1665862847,20221015,8897653002,10,37%,16,28081,0,normal,9,11,"[in stock]100 Peças Terminais Elétricos Ilhós Tubular Simples Pré Isolado 2,5mm  VE",False
1665799885,20221015,8897653002,10,37%,16,28081,1,normal,9,11,"[in stock]100 Peças Terminais Elétricos Ilhós Tubular Simples Pré Isolado 2,5mm  VE",False
1665714186,20221014,8897653002,10,37%,16,28081,1,normal,9,11,"[in stock]100 Peças Terminais Elétricos Ilhós Tubular Simples Pré Isolado 2,5mm  VE",False
1665626805,20221013,8897653002,10,37%,16,28081,1,normal,9,11,"[in stock]100 Peças Terminais Elétricos Ilhós Tubular Simples Pré Isolado 2,5mm  VE",False
1665541234,20221012,8897653002,10,37%,16,28081,1,normal,9,11,"[in stock]100 Peças Terminais Elétricos Ilhós Tubular Simples Pré Isolado 2,5mm  VE",False
1665453760,20221011,8897653002,10,37%,16,28081,1,normal,9,11,"[in stock]100 Peças Terminais Elétricos Ilhós Tubular Simples Pré Isolado 2,5mm  VE",False
1665367663,20221010,8897653002,10,37%,16,28081,1,normal,9,11,"[in stock]100 Peças Terminais Elétricos Ilhós Tubular Simples Pré Isolado 2,5mm  VE",False
1665281132,20221009,8897653002,10,37%,16,28081,1,normal,9,11,"[in stock]100 Peças Terminais Elétricos Ilhós Tubular Simples Pré Isolado 2,5mm  VE",False
1665193703,20221008,8897653002,10,37%,16,28081,1,normal,9,11,"[in stock]100 Peças Terminais Elétricos Ilhós Tubular Simples Pré Isolado 2,5mm  VE",False
1665108292,20221007,8897653002,10,37%,16,28081,1,normal,9,11,"[in stock]100 Peças Terminais Elétricos Ilhós Tubular Simples Pré Isolado 2,5mm  VE",False
1665021164,20221006,8897653002,10,37%,16,28081,1,normal,9,11,"[in stock]100 Peças Terminais Elétricos Ilhós Tubular Simples Pré Isolado 2,5mm  VE",False
1664935150,20221005,8897653002,10,37%,16,28081,1,normal,9,11,"[in stock]100 Peças Terminais Elétricos Ilhós Tubular Simples Pré Isolado 2,5mm  VE",False
1664848842,20221004,8897653002,10,37%,16,28081,1,normal,9,11,"[in stock]100 Peças Terminais Elétricos Ilhós Tubular Simples Pré Isolado 2,5mm  VE",False
1664761872,20221003,8897653002,10,37%,16,28081,1,normal,9,11,"[in stock]100 Peças Terminais Elétricos Ilhós Tubular Simples Pré Isolado 2,5mm  VE",False
1664676762,20221002,8897653002,10,37%,16,28081,1,normal,9,11,"[in stock]100 Peças Terminais Elétricos Ilhós Tubular Simples Pré Isolado 2,5mm  VE",False
1664650395,20221001,8897653002,10,37%,16,28081,1,normal,9,11,"[in stock]100 Peças Terminais Elétricos Ilhós Tubular Simples Pré Isolado 2,5mm  VE",False
1664591149,20221001,8897653002,10,37%,16,28081,1,normal,9,10,"[in stock]100 Peças Terminais Elétricos Ilhós Tubular Simples Pré Isolado 2,5mm  VE",False
1664505781,20220930,8897653002,10,37%,16,28081,1,normal,9,10,"[in stock]100 Peças Terminais Elétricos Ilhós Tubular Simples Pré Isolado 2,5mm  VE",False
1664417585,20220929,8897653002,10,37%,16,28081,1,normal,9,10,"[in stock]100 Peças Terminais Elétricos Ilhós Tubular Simples Pré Isolado 2,5mm  VE",False
1664330759,20220928,8897653002,10,37%,16,28081,1,normal,9,10,"[in stock]100 Peças Terminais Elétricos Ilhós Tubular Simples Pré Isolado 2,5mm  VE",False
1664244309,20220927,8897653002,10,37%,16,28081,1,normal,9,10,"[in stock]100 Peças Terminais Elétricos Ilhós Tubular Simples Pré Isolado 2,5mm  VE",False
1664158224,20220926,8897653002,10,37%,16,28081,1,normal,9,10,"[in stock]100 Peças Terminais Elétricos Ilhós Tubular Simples Pré Isolado 2,5mm  VE",False
1664071773,20220925,8897653002,10,37%,16,28081,1,normal,9,10,"[in stock]100 Peças Terminais Elétricos Ilhós Tubular Simples Pré Isolado 2,5mm  VE",False
1663985387,20220924,8897653002,10,37%,16,28081,1,normal,9,10,"[in stock]100 Peças Terminais Elétricos Ilhós Tubular Simples Pré Isolado 2,5mm  VE",False
1663899064,20220923,8897653002,10,37%,16,28081,1,normal,9,10,"[in stock]100 Peças Terminais Elétricos Ilhós Tubular Simples Pré Isolado 2,5mm  VE",False
1663869141,20220922,8897653002,10,37%,16,28081,1,normal,9,10,"[in stock]100 Peças Terminais Elétricos Ilhós Tubular Simples Pré Isolado 2,5mm  VE",False
1663812349,20220922,8897653002,10,37%,16,28081,1,normal,9,9,"[in stock]100 Peças Terminais Elétricos Ilhós Tubular Simples Pré Isolado 2,5mm  VE",False
1663726873,20220921,8897653002,10,37%,16,28081,1,normal,9,9,"[in stock]100 Peças Terminais Elétricos Ilhós Tubular Simples Pré Isolado 2,5mm  VE",False
1663699987,20220920,8897653002,10,37%,16,28081,1,normal,9,9,"[in stock]100 Peças Terminais Elétricos Ilhós Tubular Simples Pré Isolado 2,5mm  VE",False
1663639549,20220920,8897653002,10,37%,16,28081,1,normal,9,8,"[in stock]100 Peças Terminais Elétricos Ilhós Tubular Simples Pré Isolado 2,5mm  VE",False
1663553678,20220919,8897653002,10,37%,16,28081,1,normal,9,8,"[in stock]100 Peças Terminais Elétricos Ilhós Tubular Simples Pré Isolado 2,5mm  VE",False
1663492741,20220918,8897653002,10,37%,16,28081,1,normal,9,8,"[in stock]100 Peças Terminais Elétricos Ilhós Tubular Simples Pré Isolado 2,5mm  VE",False
1663467893,20220918,8897653002,10,37%,16,28375,1,normal,9,8,"[in stock]100 Peças Terminais Elétricos Ilhós Tubular Simples Pré Isolado 2,5mm  VE",False
1663379968,20220917,8897653002,10,37%,16,28375,1,normal,9,8,"[in stock]100 Peças Terminais Elétricos Ilhós Tubular Simples Pré Isolado 2,5mm  VE",False
1663308353,20220916,8897653002,10,37%,16,28375,1,normal,9,8,"[in stock]100 Peças Terminais Elétricos Ilhós Tubular Simples Pré Isolado 2,5mm  VE",False
1663294809,20220916,8897653002,10,37%,16,28375,1,normal,9,7,"[in stock]100 Peças Terminais Elétricos Ilhós Tubular Simples Pré Isolado 2,5mm  VE",False
1663270769,20220915,8897653002,10,37%,16,28375,1,normal,9,7,"[in stock]100 Peças Terminais Elétricos Ilhós Tubular Simples Pré Isolado 2,5mm  VE",False
1663249871,20220915,8897653002,10,37%,16,28375,0,normal,9,7,"[in stock]100 Peças Terminais Elétricos Ilhós Tubular Simples Pré Isolado 2,5mm  VE",False
1663208380,20220915,8897653002,10,37%,16,28375,0,normal,8,7,"[in stock]100 Peças Terminais Elétricos Ilhós Tubular Simples Pré Isolado 2,5mm  VE",False
1663121114,20220914,8897653002,10,37%,16,28375,0,normal,8,7,"[in stock]100 Peças Terminais Elétricos Ilhós Tubular Simples Pré Isolado 2,5mm  VE",False
1663034978,20220913,8897653002,10,37%,16,28375,0,normal,8,7,"[in stock]100 Peças Terminais Elétricos Ilhós Tubular Simples Pré Isolado 2,5mm  VE",False
1662948978,20220912,8897653002,10,37%,16,28375,0,normal,8,7,"[in stock]100 Peças Terminais Elétricos Ilhós Tubular Simples Pré Isolado 2,5mm  VE",False
1662861995,20220911,8897653002,10,37%,16,28375,0,normal,8,7,"[in stock]100 Peças Terminais Elétricos Ilhós Tubular Simples Pré Isolado 2,5mm  VE",False
