data/master.csv
time,date,itemid,price,discount,price_before_discount,stock,sold,item_status,cmt_count,liked_count,item_name,is_latest
1662100821,20220902,10190871203,445,,0,12460,3,banned,32,85,Luvas De Goleiro De Futebol Adidas Americano Respirável,True
1662097817,20220902,10190871203,445,,0,12460,3,banned,32,85,Luvas De Goleiro De Futebol Adidas Americano Respirável,False
1662092743,20220902,10190871203,445,,0,12460,3,banned,32,85,Luvas De Goleiro De Futebol Adidas Americano Respirável,False
1662084123,20220902,10190871203,445,,0,12460,3,banned,32,85,Luvas De Goleiro De Futebol Adidas Americano Respirável,False
1662075864,20220901,10190871203,445,,0,12460,3,banned,32,85,Luvas De Goleiro De Futebol Adidas Americano Respirável,False
1662074398,20220901,10190871203,445,,0,12460,3,banned,32,85,Luvas De Goleiro De Futebol Adidas Americano Respirável,False
1662072097,20220901,10190871203,445,,0,12460,3,banned,32,85,Luvas De Goleiro De Futebol Adidas Americano Respirável,False
1662070733,20220901,10190871203,445,,0,12460,3,banned,32,85,Luvas De Goleiro De Futebol Adidas Americano Respirável,False
1662068486,20220901,10190871203,445,,0,12460,3,banned,32,85,Luvas De Goleiro De Futebol Adidas Americano Respirável,False
1662067045,20220901,10190871203,445,,0,12460,3,banned,32,85,Luvas De Goleiro De Futebol Adidas Americano Respirável,False
1662064882,20220901,10190871203,445,,0,12460,3,banned,32,85,Luvas De Goleiro De Futebol Adidas Americano Respirável,False
1662063599,20220901,10190871203,445,,0,12460,3,banned,32,85,Luvas De Goleiro De Futebol Adidas Americano Respirável,False
1662061050,20220901,10190871203,445,,0,12460,3,banned,32,85,Luvas De Goleiro De Futebol Adidas Americano Respirável,False
1662059710,20220901,10190871203,445,,0,12460,3,banned,32,85,Luvas De Goleiro De Futebol Adidas Americano Respirável,False
1662058180,20220901,10190871203,445,,0,12460,3,banned,32,85,Luvas De Goleiro De Futebol Adidas Americano Respirável,False
1662056701,20220901,10190871203,445,,0,12460,3,banned,32,85,Luvas De Goleiro De Futebol Adidas Americano Respirável,False
1662054424,20220901,10190871203,445,,0,12460,3,banned,32,85,Luvas De Goleiro De Futebol Adidas Americano Respirável,False
1662053390,20220901,10190871203,445,,0,12460,3,banned,32,85,Luvas De Goleiro De Futebol Adidas Americano Respirável,False
1662051626,20220901,10190871203,445,,0,12460,3,banned,32,85,Luvas De Goleiro De Futebol Adidas Americano Respirável,False
1662049608,20220901,10190871203,445,,0,12460,3,banned,32,85,Luvas De Goleiro De Futebol Adidas Americano Respirável,False
1662047150,20220901,10190871203,445,,0,12460,3,banned,32,85,Luvas De Goleiro De Futebol Adidas Americano Respirável,False
1662045678,20220901,10190871203,445,,0,12460,3,banned,32,85,Luvas De Goleiro De Futebol Adidas Americano Respirável,False
1662043258,20220901,10190871203,445,,0,12460,3,banned,32,85,Luvas De Goleiro De Futebol Adidas Americano Respirável,False
1662041854,20220901,10190871203,445,,0,12460,3,banned,32,85,Luvas De Goleiro De Futebol Adidas Americano Respirável,False
1662039433,20220901,10190871203,445,,0,12460,3,banned,32,85,Luvas De Goleiro De Futebol Adidas Americano Respirável,False
1662035868,20220901,10190871203,445,,0,12460,3,banned,32,85,Luvas De Goleiro De Futebol Adidas Americano Respirável,False
1662032338,20220901,10190871203,445,,0,12460,3,banned,32,85,Luvas De Goleiro De Futebol Adidas Americano Respirável,False
1662030999,20220901,10190871203,445,,0,12460,3,banned,32,85,Luvas De Goleiro De Futebol Adidas Americano Respirável,False
1662029060,20220901,10190871203,445,,0,12460,3,banned,32,85,Luvas De Goleiro De Futebol Adidas Americano Respirável,False
1662027663,20220901,10190871203,445,,0,12460,3,banned,32,85,Luvas De Goleiro De Futebol Adidas Americano Respirável,False
1662025360,20220901,10190871203,445,,0,12460,3,banned,32,85,Luvas De Goleiro De Futebol Adidas Americano Respirável,False
1662023923,20220901,10190871203,445,,0,12460,3,banned,32,85,Luvas De Goleiro De Futebol Adidas Americano Respirável,False
1662022240,20220901,10190871203,445,,0,12460,3,banned,32,85,Luvas De Goleiro De Futebol Adidas Americano Respirável,False
1662020794,20220901,10190871203,445,,0,12460,3,banned,32,85,Luvas De Goleiro De Futebol Adidas Americano Respirável,False
1662018075,20220901,10190871203,445,,0,12460,3,banned,32,85,Luvas De Goleiro De Futebol Adidas Americano Respirável,False
1662016802,20220901,10190871203,445,,0,12460,3,banned,32,85,Luvas De Goleiro De Futebol Adidas Americano Respirável,False
1662013880,20220901,10190871203,445,,0,12460,3,banned,32,85,Luvas De Goleiro De Futebol Adidas Americano Respirável,False
1662010681,20220901,10190871203,445,,0,12460,3,banned,32,85,Luvas De Goleiro De Futebol Adidas Americano Respirável,False
1662005317,20220901,10190871203,445,,0,12460,3,banned,32,85,Luvas De Goleiro De Futebol Adidas Americano Respirável,False
1661997343,20220901,10190871203,142,68%,445,12460,3,banned,32,85,Luvas De Goleiro De Futebol Adidas Americano Respirável,False
1661912571,20220831,10190871203,142,68%,445,12460,3,banned,32,85,Luvas De Goleiro De Futebol Adidas Americano Respirável,False
1661894236,20220830,10190871203,142,68%,445,12460,3,banned,32,85,Luvas De Goleiro De Futebol Adidas Americano Respirável,False
1661825689,20220830,10190871203,142,68%,445,12460,3,banned,32,84,Luvas De Goleiro De Futebol Adidas Americano Respirável,False
1661738920,20220829,10190871203,142,68%,445,12460,3,banned,32,84,Luvas De Goleiro De Futebol Adidas Americano Respirável,False
1661652675,20220828,10190871203,142,68%,445,12460,3,banned,32,84,Luvas De Goleiro De Futebol Adidas Americano Respirável,False
1661565768,20220827,10190871203,142,68%,445,12460,3,banned,32,84,Luvas De Goleiro De Futebol Adidas Americano Respirável,False
1661527271,20220826,10190871203,142,68%,445,12460,3,banned,32,84,Luvas De Goleiro De Futebol Adidas Americano Respirável,False
1661479412,20220826,10190871203,142,68%,445,12505,3,banned,32,84,Luvas De Goleiro De Futebol Adidas Americano Respirável,False
1661427629,20220825,10190871203,142,68%,445,12505,3,banned,32,84,Luvas De Goleiro De Futebol Adidas Americano Respirável,False
1661392872,20220825,10190871203,142,68%,445,12535,3,banned,32,84,Luvas De Goleiro De Futebol Adidas Americano Respirável,False
1661306330,20220824,10190871203,142,68%,445,12535,3,banned,32,84,Luvas De Goleiro De Futebol Adidas Americano Respirável,False
1661220070,20220823,10190871203,142,68%,445,12535,3,banned,32,83,Luvas De Goleiro De Futebol Adidas Americano Respirável,False
1661133319,20220822,10190871203,142,68%,445,12535,3,banned,32,83,Luvas De Goleiro De Futebol Adidas Americano Respirável,False
1661113150,20220821,10190871203,142,68%,445,12535,3,banned,32,83,Luvas De Goleiro De Futebol Adidas Americano Respirável,False
1661046590,20220821,10190871203,142,68%,445,12535,4,banned,32,83,Luvas De Goleiro De Futebol Adidas Americano Respirável,False
1661024226,20220820,10190871203,142,68%,445,12535,4,banned,32,83,Luvas De Goleiro De Futebol Adidas Americano Respirável,False
1660960372,20220820,10190871203,142,68%,445,12535,3,banned,32,83,Luvas De Goleiro De Futebol Adidas Americano Respirável,False
1660941719,20220819,10190871203,142,68%,445,12535,3,banned,32,83,Luvas De Goleiro De Futebol Adidas Americano Respirável,False
1660874153,20220819,10190871203,142,68%,445,12535,3,banned,31,83,Luvas De Goleiro De Futebol Adidas Americano Respirável,False
1660857396,20220818,10190871203,142,68%,445,12535,3,banned,31,83,Luvas De Goleiro De Futebol Adidas Americano Respirável,False
1660851446,20220818,10190871203,142,68%,445,12535,5,banned,31,83,Luvas De Goleiro De Futebol Adidas Americano Respirável,False
1660788090,20220818,10190871203,142,68%,445,12535,4,banned,31,83,Luvas De Goleiro De Futebol Adidas Americano Respirável,False
1660701879,20220817,10190871203,142,68%,445,12535,4,banned,31,83,Luvas De Goleiro De Futebol Adidas Americano Respirável,False
1660615050,20220816,10190871203,142,68%,445,12535,4,banned,31,83,Luvas De Goleiro De Futebol Adidas Americano Respirável,False
1660574510,20220815,10190871203,142,68%,445,12535,4,banned,31,83,Luvas De Goleiro De Futebol Adidas Americano Respirável,False
1660528630,20220815,10190871203,142,68%,445,12565,4,banned,31,83,Luvas De Goleiro De Futebol Adidas Americano Respirável,False
1660442077,20220814,10190871203,142,68%,445,12565,4,banned,31,83,Luvas De Goleiro De Futebol Adidas Americano Respirável,False
1660354829,20220813,10190871203,142,68%,445,12565,4,banned,31,83,Luvas De Goleiro De Futebol Adidas Americano Respirável,False
1660323899,20220812,10190871203,142,68%,445,12565,4,banned,31,83,Luvas De Goleiro De Futebol Adidas Americano Respirável,False
1660268821,20220812,10190871203,142,68%,445,12565,6,banned,31,83,Luvas De Goleiro De Futebol Adidas Americano Respirável,False
1660239677,20220811,10190871203,142,68%,445,12565,6,banned,31,83,Luvas De Goleiro De Futebol Adidas Americano Respirável,False
1660182188,20220811,10190871203,142,68%,445,12565,7,banned,31,83,Luvas De Goleiro De Futebol Adidas Americano Respirável,False
1660095614,20220810,10190871203,142,68%,445,12565,7,banned,31,83,Luvas De Goleiro De Futebol Adidas Americano Respirável,False
1660034703,20220809,10190871203,142,68%,445,12565,7,banned,31,83,Luvas De Goleiro De Futebol Adidas Americano Respirável,False
1660010207,20220809,10190871203,142,68%,445,12640,7,banned,31,83,Luvas De Goleiro De Futebol Adidas Americano Respirável,False
1659991311,20220808,10190871203,142,68%,445,12640,7,banned,31,83,Luvas De Goleiro De Futebol Adidas Americano Respirável,False
