data/master.csv
time,date,itemid,price,discount,price_before_discount,stock,sold,item_status,cmt_count,liked_count,item_name,is_latest
1672007886,20221225,11975332853,49,52%,74,159454,47,normal,144,3686,Kit De Acessórios Para Fazer Joias / Ferramenta / Alicate Para Pulseiras / Joias Diy,False
1672006649,20221225,11975332853,49,52%,74,159455,47,normal,144,3687,Kit De Acessórios Para Fazer Joias / Ferramenta / Alicate Para Pulseiras / Joias Diy,False
1672002944,20221225,11975332853,49,52%,74,159455,47,normal,144,3686,Kit De Acessórios Para Fazer Joias / Ferramenta / Alicate Para Pulseiras / Joias Diy,False
1672000717,20221225,11975332853,49,52%,74,159455,47,normal,144,3685,Kit De Acessórios Para Fazer Joias / Ferramenta / Alicate Para Pulseiras / Joias Diy,False
1671999522,20221225,11975332853,49,52%,74,159456,47,normal,144,3682,Kit De Acessórios Para Fazer Joias / Ferramenta / Alicate Para Pulseiras / Joias Diy,False
1671997093,20221225,11975332853,49,52%,74,159456,47,normal,144,3681,Kit De Acessórios Para Fazer Joias / Ferramenta / Alicate Para Pulseiras / Joias Diy,False
1671995664,20221225,11975332853,49,52%,74,159456,47,normal,144,3682,Kit De Acessórios Para Fazer Joias / Ferramenta / Alicate Para Pulseiras / Joias Diy,False
1671992511,20221225,11975332853,49,52%,74,159456,49,normal,144,3682,Kit De Acessórios Para Fazer Joias / Ferramenta / Alicate Para Pulseiras / Joias Diy,False
1671988545,20221225,11975332853,49,52%,74,159457,49,normal,144,3681,Kit De Acessórios Para Fazer Joias / Ferramenta / Alicate Para Pulseiras / Joias Diy,False
1671981483,20221225,11975332853,49,52%,74,159457,49,normal,144,3680,Kit De Acessórios Para Fazer Joias / Ferramenta / Alicate Para Pulseiras / Joias Diy,False
1671977743,20221225,11975332853,49,52%,74,159457,49,normal,144,3679,Kit De Acessórios Para Fazer Joias / Ferramenta / Alicate Para Pulseiras / Joias Diy,False
1671974484,20221225,11975332853,49,52%,74,159457,49,normal,144,3678,Kit De Acessórios Para Fazer Joias / Ferramenta / Alicate Para Pulseiras / Joias Diy,False
1671942154,20221225,11975332853,49,52%,74,159458,49,normal,144,3677,Kit De Acessórios Para Fazer Joias / Ferramenta / Alicate Para Pulseiras / Joias Diy,False
1671938409,20221225,11975332853,49,52%,74,159458,49,normal,144,3676,Kit De Acessórios Para Fazer Joias / Ferramenta / Alicate Para Pulseiras / Joias Diy,False
1671932416,20221225,11975332853,49,52%,74,149459,49,normal,144,3676,Kit De Acessórios Para Fazer Joias / Ferramenta / Alicate Para Pulseiras / Joias Diy,False
1671923907,20221224,11975332853,49,52%,74,149459,49,normal,144,3676,Kit De Acessórios Para Fazer Joias / Ferramenta / Alicate Para Pulseiras / Joias Diy,False
1671916538,20221224,11975332853,49,52%,74,149458,49,normal,144,3675,Kit De Acessórios Para Fazer Joias / Ferramenta / Alicate Para Pulseiras / Joias Diy,False
1671909241,20221224,11975332853,49,52%,74,149458,49,normal,144,3674,Kit De Acessórios Para Fazer Joias / Ferramenta / Alicate Para Pulseiras / Joias Diy,False
1671903508,20221224,11975332853,49,52%,74,149458,42,normal,144,3673,Kit De Acessórios Para Fazer Joias / Ferramenta / Alicate Para Pulseiras / Joias Diy,False
1671902154,20221224,11975332853,49,52%,74,149458,42,normal,144,3672,Kit De Acessórios Para Fazer Joias / Ferramenta / Alicate Para Pulseiras / Joias Diy,False
1671900284,20221224,11975332853,49,52%,74,149524,42,normal,144,3672,Kit De Acessórios Para Fazer Joias / Ferramenta / Alicate Para Pulseiras / Joias Diy,False
1671895082,20221224,11975332853,49,52%,74,149524,42,normal,144,3671,Kit De Acessórios Para Fazer Joias / Ferramenta / Alicate Para Pulseiras / Joias Diy,False
1671859001,20221224,11975332853,49,52%,74,149525,42,normal,144,3670,Kit De Acessórios Para Fazer Joias / Ferramenta / Alicate Para Pulseiras / Joias Diy,False
1671849995,20221224,11975332853,49,52%,74,149525,42,normal,144,3669,Kit De Acessórios Para Fazer Joias / Ferramenta / Alicate Para Pulseiras / Joias Diy,False
1671848474,20221224,11975332853,49,52%,74,149525,42,normal,144,3668,Kit De Acessórios Para Fazer Joias / Ferramenta / Alicate Para Pulseiras / Joias Diy,False
1671845089,20221224,11975332853,49,52%,74,149526,42,normal,144,3668,Kit De Acessórios Para Fazer Joias / Ferramenta / Alicate Para Pulseiras / Joias Diy,False
1671837536,20221223,11975332853,49,52%,74,149527,42,normal,144,3667,Kit De Acessórios Para Fazer Joias / Ferramenta / Alicate Para Pulseiras / Joias Diy,False
1671830177,20221223,11975332853,49,52%,74,149527,42,normal,144,3666,Kit De Acessórios Para Fazer Joias / Ferramenta / Alicate Para Pulseiras / Joias Diy,False
1671827900,20221223,11975332853,49,52%,74,149527,42,normal,144,3665,Kit De Acessórios Para Fazer Joias / Ferramenta / Alicate Para Pulseiras / Joias Diy,False
1671826776,20221223,11975332853,49,52%,74,149527,42,normal,144,3664,Kit De Acessórios Para Fazer Joias / Ferramenta / Alicate Para Pulseiras / Joias Diy,False
1671824301,20221223,11975332853,49,52%,74,149677,42,normal,144,3663,Kit De Acessórios Para Fazer Joias / Ferramenta / Alicate Para Pulseiras / Joias Diy,False
1671817090,20221223,11975332853,52,52%,74,129679,41,normal,144,3663,Kit De Acessórios Para Fazer Joias / Ferramenta / Alicate Para Pulseiras / Joias Diy,False
1671813967,20221223,11975332853,52,52%,74,129679,41,normal,144,3662,Kit De Acessórios Para Fazer Joias / Ferramenta / Alicate Para Pulseiras / Joias Diy,False
1671812770,20221223,11975332853,52,52%,74,129680,41,normal,144,3662,Kit De Acessórios Para Fazer Joias / Ferramenta / Alicate Para Pulseiras / Joias Diy,False
1671809900,20221223,11975332853,52,52%,74,129680,41,normal,144,3661,Kit De Acessórios Para Fazer Joias / Ferramenta / Alicate Para Pulseiras / Joias Diy,False
1671808757,20221223,11975332853,52,52%,74,129820,41,normal,144,3659,Kit De Acessórios Para Fazer Joias / Ferramenta / Alicate Para Pulseiras / Joias Diy,False
1671806293,20221223,11975332853,52,52%,74,129820,41,normal,144,3660,Kit De Acessórios Para Fazer Joias / Ferramenta / Alicate Para Pulseiras / Joias Diy,False
1671801808,20221223,11975332853,52,52%,74,129820,41,normal,144,3659,Kit De Acessórios Para Fazer Joias / Ferramenta / Alicate Para Pulseiras / Joias Diy,False
1671798899,20221223,11975332853,52,52%,74,129820,41,normal,144,3658,Kit De Acessórios Para Fazer Joias / Ferramenta / Alicate Para Pulseiras / Joias Diy,False
1671795496,20221223,11975332853,52,52%,74,129820,41,normal,143,3658,Kit De Acessórios Para Fazer Joias / Ferramenta / Alicate Para Pulseiras / Joias Diy,False
1671779826,20221223,11975332853,52,52%,74,129820,41,normal,143,3657,Kit De Acessórios Para Fazer Joias / Ferramenta / Alicate Para Pulseiras / Joias Diy,False
1671772643,20221223,11975332853,52,52%,74,129820,41,normal,143,3656,Kit De Acessórios Para Fazer Joias / Ferramenta / Alicate Para Pulseiras / Joias Diy,False
1671765654,20221223,11975332853,52,52%,74,130120,41,normal,143,3656,Kit De Acessórios Para Fazer Joias / Ferramenta / Alicate Para Pulseiras / Joias Diy,False
1671763181,20221223,11975332853,52,52%,74,130119,41,normal,143,3656,Kit De Acessórios Para Fazer Joias / Ferramenta / Alicate Para Pulseiras / Joias Diy,False
1671759375,20221223,11975332853,52,52%,74,130119,41,normal,143,3655,Kit De Acessórios Para Fazer Joias / Ferramenta / Alicate Para Pulseiras / Joias Diy,False
1671747496,20221222,11975332853,52,52%,74,130119,41,normal,143,3648,Kit De Acessórios Para Fazer Joias / Ferramenta / Alicate Para Pulseiras / Joias Diy,False
1671743809,20221222,11975332853,52,52%,74,130119,41,normal,143,3647,Kit De Acessórios Para Fazer Joias / Ferramenta / Alicate Para Pulseiras / Joias Diy,False
1671740403,20221222,11975332853,52,52%,74,130119,41,normal,143,3646,Kit De Acessórios Para Fazer Joias / Ferramenta / Alicate Para Pulseiras / Joias Diy,False
1671736499,20221222,11975332853,52,52%,74,130119,41,normal,143,3645,Kit De Acessórios Para Fazer Joias / Ferramenta / Alicate Para Pulseiras / Joias Diy,False
1671729439,20221222,11975332853,52,52%,74,130119,42,normal,142,3643,Kit De Acessórios Para Fazer Joias / Ferramenta / Alicate Para Pulseiras / Joias Diy,False
1671722446,20221222,11975332853,52,52%,74,130118,42,normal,142,3643,Kit De Acessórios Para Fazer Joias / Ferramenta / Alicate Para Pulseiras / Joias Diy,False
1671718648,20221222,11975332853,52,52%,74,130118,42,normal,141,3643,Kit De Acessórios Para Fazer Joias / Ferramenta / Alicate Para Pulseiras / Joias Diy,False
1671704451,20221222,11975332853,52,52%,74,130258,42,normal,141,3643,Kit De Acessórios Para Fazer Joias / Ferramenta / Alicate Para Pulseiras / Joias Diy,False
1671679225,20221222,11975332853,52,52%,74,130258,42,normal,141,3641,Kit De Acessórios Para Fazer Joias / Ferramenta / Alicate Para Pulseiras / Joias Diy,False
1671676747,20221222,11975332853,52,52%,74,130259,42,normal,141,3640,Kit De Acessórios Para Fazer Joias / Ferramenta / Alicate Para Pulseiras / Joias Diy,False
1671672951,20221222,11975332853,52,52%,74,130260,42,normal,141,3638,Kit De Acessórios Para Fazer Joias / Ferramenta / Alicate Para Pulseiras / Joias Diy,False
1671664848,20221221,11975332853,52,52%,74,130260,42,normal,140,3635,Kit De Acessórios Para Fazer Joias / Ferramenta / Alicate Para Pulseiras / Joias Diy,False
1671662294,20221221,11975332853,52,52%,74,130260,42,normal,140,3634,Kit De Acessórios Para Fazer Joias / Ferramenta / Alicate Para Pulseiras / Joias Diy,False
1671661085,20221221,11975332853,52,52%,74,130259,42,normal,140,3634,Kit De Acessórios Para Fazer Joias / Ferramenta / Alicate Para Pulseiras / Joias Diy,False
1671658696,20221221,11975332853,52,52%,74,130260,42,normal,140,3634,Kit De Acessórios Para Fazer Joias / Ferramenta / Alicate Para Pulseiras / Joias Diy,False
1671655114,20221221,11975332853,52,52%,74,130260,42,normal,140,3635,Kit De Acessórios Para Fazer Joias / Ferramenta / Alicate Para Pulseiras / Joias Diy,False
1671653981,20221221,11975332853,52,52%,74,130260,42,normal,140,3634,Kit De Acessórios Para Fazer Joias / Ferramenta / Alicate Para Pulseiras / Joias Diy,False
1671651494,20221221,11975332853,52,52%,74,130261,42,normal,140,3634,Kit De Acessórios Para Fazer Joias / Ferramenta / Alicate Para Pulseiras / Joias Diy,False
1671650115,20221221,11975332853,52,52%,74,130261,41,normal,140,3634,Kit De Acessórios Para Fazer Joias / Ferramenta / Alicate Para Pulseiras / Joias Diy,False
1671641330,20221221,11975332853,52,52%,74,130260,41,normal,140,3633,Kit De Acessórios Para Fazer Joias / Ferramenta / Alicate Para Pulseiras / Joias Diy,False
1671637254,20221221,11975332853,52,52%,74,130260,41,normal,140,3632,Kit De Acessórios Para Fazer Joias / Ferramenta / Alicate Para Pulseiras / Joias Diy,False
1671636060,20221221,11975332853,52,52%,74,130260,41,normal,140,3631,Kit De Acessórios Para Fazer Joias / Ferramenta / Alicate Para Pulseiras / Joias Diy,False
1671633531,20221221,11975332853,49,52%,74,140367,41,normal,140,3631,Kit De Acessórios Para Fazer Joias / Ferramenta / Alicate Para Pulseiras / Joias Diy,False
1671632268,20221221,11975332853,49,52%,74,140367,41,normal,140,3630,Kit De Acessórios Para Fazer Joias / Ferramenta / Alicate Para Pulseiras / Joias Diy,False
1671618075,20221221,11975332853,49,52%,74,150333,41,normal,140,3630,Kit De Acessórios Para Fazer Joias / Ferramenta / Alicate Para Pulseiras / Joias Diy,False
1671603829,20221221,11975332853,49,52%,74,150333,41,normal,140,3629,Kit De Acessórios Para Fazer Joias / Ferramenta / Alicate Para Pulseiras / Joias Diy,False
1671599839,20221221,11975332853,49,52%,74,150333,41,normal,140,3628,Kit De Acessórios Para Fazer Joias / Ferramenta / Alicate Para Pulseiras / Joias Diy,False
1671596618,20221221,11975332853,49,52%,74,150333,41,normal,140,3627,Kit De Acessórios Para Fazer Joias / Ferramenta / Alicate Para Pulseiras / Joias Diy,False
1671592839,20221221,11975332853,49,52%,74,150332,41,normal,140,3626,Kit De Acessórios Para Fazer Joias / Ferramenta / Alicate Para Pulseiras / Joias Diy,False
1671590220,20221221,11975332853,49,52%,74,150332,41,normal,140,3624,Kit De Acessórios Para Fazer Joias / Ferramenta / Alicate Para Pulseiras / Joias Diy,False
1671586412,20221221,11975332853,49,52%,74,150332,41,normal,140,3623,Kit De Acessórios Para Fazer Joias / Ferramenta / Alicate Para Pulseiras / Joias Diy,False
1671578367,20221220,11975332853,49,52%,74,150332,41,normal,139,3621,Kit De Acessórios Para Fazer Joias / Ferramenta / Alicate Para Pulseiras / Joias Diy,False
1671575906,20221220,11975332853,49,52%,74,150334,41,normal,139,3619,Kit De Acessórios Para Fazer Joias / Ferramenta / Alicate Para Pulseiras / Joias Diy,False
1671571006,20221220,11975332853,49,52%,74,150335,41,normal,139,3619,Kit De Acessórios Para Fazer Joias / Ferramenta / Alicate Para Pulseiras / Joias Diy,False
1671567622,20221220,11975332853,49,52%,74,150335,41,normal,139,3618,Kit De Acessórios Para Fazer Joias / Ferramenta / Alicate Para Pulseiras / Joias Diy,False
1671565089,20221220,11975332853,49,52%,74,150335,42,normal,139,3616,Kit De Acessórios Para Fazer Joias / Ferramenta / Alicate Para Pulseiras / Joias Diy,False
1671563716,20221220,11975332853,49,52%,74,150336,42,normal,139,3616,Kit De Acessórios Para Fazer Joias / Ferramenta / Alicate Para Pulseiras / Joias Diy,False
1671560610,20221220,11975332853,49,52%,74,150337,42,normal,139,3616,Kit De Acessórios Para Fazer Joias / Ferramenta / Alicate Para Pulseiras / Joias Diy,False
1671557897,20221220,11975332853,49,52%,74,150338,42,normal,139,3615,Kit De Acessórios Para Fazer Joias / Ferramenta / Alicate Para Pulseiras / Joias Diy,False
1671549725,20221220,11975332853,49,52%,74,150338,42,normal,139,3614,Kit De Acessórios Para Fazer Joias / Ferramenta / Alicate Para Pulseiras / Joias Diy,False
1671536304,20221220,11975332853,49,52%,74,150338,42,normal,139,3613,Kit De Acessórios Para Fazer Joias / Ferramenta / Alicate Para Pulseiras / Joias Diy,False
1671534960,20221220,11975332853,49,52%,74,150337,42,normal,139,3612,Kit De Acessórios Para Fazer Joias / Ferramenta / Alicate Para Pulseiras / Joias Diy,False
1671510193,20221220,11975332853,49,52%,74,150337,42,normal,139,3611,Kit De Acessórios Para Fazer Joias / Ferramenta / Alicate Para Pulseiras / Joias Diy,False
1671506450,20221220,11975332853,49,52%,74,150337,42,normal,139,3610,Kit De Acessórios Para Fazer Joias / Ferramenta / Alicate Para Pulseiras / Joias Diy,False
1671503984,20221220,11975332853,49,52%,74,150337,42,normal,139,3609,Kit De Acessórios Para Fazer Joias / Ferramenta / Alicate Para Pulseiras / Joias Diy,False
1671500229,20221220,11975332853,49,52%,74,150337,42,normal,139,3607,Kit De Acessórios Para Fazer Joias / Ferramenta / Alicate Para Pulseiras / Joias Diy,False
1671489517,20221219,11975332853,49,52%,74,150337,42,normal,139,3602,Kit De Acessórios Para Fazer Joias / Ferramenta / Alicate Para Pulseiras / Joias Diy,False
1671488295,20221219,11975332853,49,52%,74,150337,42,normal,139,3601,Kit De Acessórios Para Fazer Joias / Ferramenta / Alicate Para Pulseiras / Joias Diy,False
1671481290,20221219,11975332853,49,52%,74,150314,42,normal,139,3601,Kit De Acessórios Para Fazer Joias / Ferramenta / Alicate Para Pulseiras / Joias Diy,False
1671478696,20221219,11975332853,49,52%,74,150314,42,normal,139,3600,Kit De Acessórios Para Fazer Joias / Ferramenta / Alicate Para Pulseiras / Joias Diy,False
1671477321,20221219,11975332853,49,52%,74,150314,43,normal,139,3600,Kit De Acessórios Para Fazer Joias / Ferramenta / Alicate Para Pulseiras / Joias Diy,False
1671475282,20221219,11975332853,49,52%,74,150314,43,normal,139,3598,Kit De Acessórios Para Fazer Joias / Ferramenta / Alicate Para Pulseiras / Joias Diy,False
1671468657,20221219,11975332853,49,52%,74,150315,43,normal,139,3598,Kit De Acessórios Para Fazer Joias / Ferramenta / Alicate Para Pulseiras / Joias Diy,False
1671467369,20221219,11975332853,49,52%,74,150315,43,normal,139,3597,Kit De Acessórios Para Fazer Joias / Ferramenta / Alicate Para Pulseiras / Joias Diy,False
1671463356,20221219,11975332853,49,52%,74,150315,43,normal,139,3595,Kit De Acessórios Para Fazer Joias / Ferramenta / Alicate Para Pulseiras / Joias Diy,False
1671460725,20221219,11975332853,49,52%,74,150316,43,normal,138,3594,Kit De Acessórios Para Fazer Joias / Ferramenta / Alicate Para Pulseiras / Joias Diy,False
1671459507,20221219,11975332853,49,52%,74,150316,43,normal,138,3593,Kit De Acessórios Para Fazer Joias / Ferramenta / Alicate Para Pulseiras / Joias Diy,False
1671456247,20221219,11975332853,49,52%,74,150316,43,normal,138,3592,Kit De Acessórios Para Fazer Joias / Ferramenta / Alicate Para Pulseiras / Joias Diy,False
1671453388,20221219,11975332853,49,52%,74,150315,43,normal,138,3590,Kit De Acessórios Para Fazer Joias / Ferramenta / Alicate Para Pulseiras / Joias Diy,False
1671445354,20221219,11975332853,49,52%,74,150315,43,normal,138,3589,Kit De Acessórios Para Fazer Joias / Ferramenta / Alicate Para Pulseiras / Joias Diy,False
1671423788,20221219,11975332853,49,52%,74,150315,43,normal,138,3588,Kit De Acessórios Para Fazer Joias / Ferramenta / Alicate Para Pulseiras / Joias Diy,False
1671420027,20221219,11975332853,49,52%,74,150316,43,normal,138,3586,Kit De Acessórios Para Fazer Joias / Ferramenta / Alicate Para Pulseiras / Joias Diy,False
1671417348,20221219,11975332853,45,58%,74,1508,43,normal,138,3585,Kit De Acessórios Para Fazer Joias / Ferramenta / Alicate Para Pulseiras / Joias Diy,False
1671413644,20221219,11975332853,45,58%,74,1508,43,normal,138,3582,Kit De Acessórios Para Fazer Joias / Ferramenta / Alicate Para Pulseiras / Joias Diy,False
1671405508,20221218,11975332853,45,58%,74,1510,43,normal,138,3580,Kit De Acessórios Para Fazer Joias / Ferramenta / Alicate Para Pulseiras / Joias Diy,False
1671401822,20221218,11975332853,45,58%,74,1510,43,normal,138,3579,Kit De Acessórios Para Fazer Joias / Ferramenta / Alicate Para Pulseiras / Joias Diy,False
1671399502,20221218,11975332853,45,58%,74,1511,43,normal,138,3579,Kit De Acessórios Para Fazer Joias / Ferramenta / Alicate Para Pulseiras / Joias Diy,False
