data/master.csv
time,date,itemid,price,discount,price_before_discount,stock,sold,item_status,cmt_count,liked_count,item_name,is_latest
1671395902,20221218,11975332853,45,58%,74,1511,43,normal,138,3580,Kit De Acessórios Para Fazer Joias / Ferramenta / Alicate Para Pulseiras / Joias Diy,False
1671394723,20221218,11975332853,45,58%,74,1511,43,normal,138,3577,Kit De Acessórios Para Fazer Joias / Ferramenta / Alicate Para Pulseiras / Joias Diy,False
1671390846,20221218,11975332853,45,58%,74,1512,43,normal,138,3576,Kit De Acessórios Para Fazer Joias / Ferramenta / Alicate Para Pulseiras / Joias Diy,False
1671383740,20221218,11975332853,45,58%,74,1512,45,normal,138,3576,Kit De Acessórios Para Fazer Joias / Ferramenta / Alicate Para Pulseiras / Joias Diy,False
1671380690,20221218,11975332853,45,58%,74,1512,45,normal,138,3574,Kit De Acessórios Para Fazer Joias / Ferramenta / Alicate Para Pulseiras / Joias Diy,False
1671377887,20221218,11975332853,45,58%,74,1512,45,normal,138,3573,Kit De Acessórios Para Fazer Joias / Ferramenta / Alicate Para Pulseiras / Joias Diy,False
1671374295,20221218,11975332853,45,58%,74,1512,45,normal,138,3570,Kit De Acessórios Para Fazer Joias / Ferramenta / Alicate Para Pulseiras / Joias Diy,False
1671372926,20221218,11975332853,45,58%,74,1513,45,normal,138,3569,Kit De Acessórios Para Fazer Joias / Ferramenta / Alicate Para Pulseiras / Joias Diy,False
1671369669,20221218,11975332853,45,58%,74,1514,45,normal,138,3568,Kit De Acessórios Para Fazer Joias / Ferramenta / Alicate Para Pulseiras / Joias Diy,False
1671362075,20221218,11975332853,45,58%,74,1515,45,normal,137,3568,Kit De Acessórios Para Fazer Joias / Ferramenta / Alicate Para Pulseiras / Joias Diy,False
1671337351,20221218,11975332853,45,58%,74,1515,45,normal,137,3567,Kit De Acessórios Para Fazer Joias / Ferramenta / Alicate Para Pulseiras / Joias Diy,False
1671333593,20221218,11975332853,45,58%,74,1514,45,normal,137,3567,Kit De Acessórios Para Fazer Joias / Ferramenta / Alicate Para Pulseiras / Joias Diy,False
1671331007,20221218,11975332853,45,58%,74,1514,45,normal,137,3566,Kit De Acessórios Para Fazer Joias / Ferramenta / Alicate Para Pulseiras / Joias Diy,False
1671327370,20221218,11975332853,45,58%,74,1514,45,normal,137,3565,Kit De Acessórios Para Fazer Joias / Ferramenta / Alicate Para Pulseiras / Joias Diy,False
1671319083,20221217,11975332853,45,58%,74,1513,45,normal,137,3562,Kit De Acessórios Para Fazer Joias / Ferramenta / Alicate Para Pulseiras / Joias Diy,False
1671316705,20221217,11975332853,45,58%,74,1514,45,normal,137,3561,Kit De Acessórios Para Fazer Joias / Ferramenta / Alicate Para Pulseiras / Joias Diy,False
1671311727,20221217,11975332853,45,58%,74,1514,45,normal,137,3560,Kit De Acessórios Para Fazer Joias / Ferramenta / Alicate Para Pulseiras / Joias Diy,False
1671308296,20221217,11975332853,45,58%,74,1514,45,normal,137,3559,Kit De Acessórios Para Fazer Joias / Ferramenta / Alicate Para Pulseiras / Joias Diy,False
1671304441,20221217,11975332853,45,58%,74,1514,45,normal,137,3558,Kit De Acessórios Para Fazer Joias / Ferramenta / Alicate Para Pulseiras / Joias Diy,False
1671298694,20221217,11975332853,45,58%,74,1514,45,normal,137,3557,Kit De Acessórios Para Fazer Joias / Ferramenta / Alicate Para Pulseiras / Joias Diy,False
1671291487,20221217,11975332853,45,58%,74,1514,45,normal,137,3556,Kit De Acessórios Para Fazer Joias / Ferramenta / Alicate Para Pulseiras / Joias Diy,False
1671290241,20221217,11975332853,45,58%,74,1514,45,normal,137,3555,Kit De Acessórios Para Fazer Joias / Ferramenta / Alicate Para Pulseiras / Joias Diy,False
1671287889,20221217,11975332853,45,58%,74,1515,45,normal,137,3556,Kit De Acessórios Para Fazer Joias / Ferramenta / Alicate Para Pulseiras / Joias Diy,False
1671286524,20221217,11975332853,45,58%,74,1514,45,normal,137,3555,Kit De Acessórios Para Fazer Joias / Ferramenta / Alicate Para Pulseiras / Joias Diy,False
1671284285,20221217,11975332853,45,58%,74,1515,45,normal,137,3552,Kit De Acessórios Para Fazer Joias / Ferramenta / Alicate Para Pulseiras / Joias Diy,False
1671280359,20221217,11975332853,45,58%,74,1514,45,normal,137,3552,Kit De Acessórios Para Fazer Joias / Ferramenta / Alicate Para Pulseiras / Joias Diy,False
1671273492,20221217,11975332853,45,58%,74,1515,45,normal,137,3551,Kit De Acessórios Para Fazer Joias / Ferramenta / Alicate Para Pulseiras / Joias Diy,False
1671259202,20221217,11975332853,45,58%,74,1515,45,normal,137,3550,Kit De Acessórios Para Fazer Joias / Ferramenta / Alicate Para Pulseiras / Joias Diy,False
1671250965,20221217,11975332853,45,58%,74,1515,45,normal,137,3549,Kit De Acessórios Para Fazer Joias / Ferramenta / Alicate Para Pulseiras / Joias Diy,False
1671247189,20221217,11975332853,45,58%,74,1516,45,normal,137,3549,Kit De Acessórios Para Fazer Joias / Ferramenta / Alicate Para Pulseiras / Joias Diy,False
1671244465,20221217,11975332853,45,58%,74,1516,45,normal,137,3548,Kit De Acessórios Para Fazer Joias / Ferramenta / Alicate Para Pulseiras / Joias Diy,False
1671240882,20221217,11975332853,45,58%,74,1516,45,normal,137,3547,Kit De Acessórios Para Fazer Joias / Ferramenta / Alicate Para Pulseiras / Joias Diy,False
1671226696,20221216,11975332853,45,58%,74,1516,45,normal,137,3548,Kit De Acessórios Para Fazer Joias / Ferramenta / Alicate Para Pulseiras / Joias Diy,False
1671225387,20221216,11975332853,45,58%,74,1516,45,normal,137,3547,Kit De Acessórios Para Fazer Joias / Ferramenta / Alicate Para Pulseiras / Joias Diy,False
1671222016,20221216,11975332853,45,58%,74,1516,45,normal,137,3546,Kit De Acessórios Para Fazer Joias / Ferramenta / Alicate Para Pulseiras / Joias Diy,False
1671218110,20221216,11975332853,45,58%,74,1516,47,normal,137,3544,Kit De Acessórios Para Fazer Joias / Ferramenta / Alicate Para Pulseiras / Joias Diy,False
1671207993,20221216,11975332853,45,58%,74,1516,47,normal,137,3543,Kit De Acessórios Para Fazer Joias / Ferramenta / Alicate Para Pulseiras / Joias Diy,False
1671205173,20221216,11975332853,45,58%,74,1516,47,normal,137,3542,Kit De Acessórios Para Fazer Joias / Ferramenta / Alicate Para Pulseiras / Joias Diy,False
1671204067,20221216,11975332853,45,58%,74,1516,47,normal,137,3541,Kit De Acessórios Para Fazer Joias / Ferramenta / Alicate Para Pulseiras / Joias Diy,False
1671197888,20221216,11975332853,45,58%,74,1516,47,normal,136,3541,Kit De Acessórios Para Fazer Joias / Ferramenta / Alicate Para Pulseiras / Joias Diy,False
1671194051,20221216,11975332853,45,58%,74,1517,47,normal,136,3541,Kit De Acessórios Para Fazer Joias / Ferramenta / Alicate Para Pulseiras / Joias Diy,False
1671154468,20221216,11975332853,45,58%,74,1517,47,normal,136,3540,Kit De Acessórios Para Fazer Joias / Ferramenta / Alicate Para Pulseiras / Joias Diy,False
1671146419,20221215,11975332853,45,58%,74,1519,47,normal,136,3539,Kit De Acessórios Para Fazer Joias / Ferramenta / Alicate Para Pulseiras / Joias Diy,False
1671143904,20221215,11975332853,45,58%,74,1519,47,normal,136,3538,Kit De Acessórios Para Fazer Joias / Ferramenta / Alicate Para Pulseiras / Joias Diy,False
1671142679,20221215,11975332853,45,58%,74,1519,47,normal,136,3537,Kit De Acessórios Para Fazer Joias / Ferramenta / Alicate Para Pulseiras / Joias Diy,False
1671138987,20221215,11975332853,45,58%,74,1518,47,normal,136,3536,Kit De Acessórios Para Fazer Joias / Ferramenta / Alicate Para Pulseiras / Joias Diy,False
1671135566,20221215,11975332853,45,58%,74,1518,47,normal,136,3535,Kit De Acessórios Para Fazer Joias / Ferramenta / Alicate Para Pulseiras / Joias Diy,False
1671131712,20221215,11975332853,45,58%,74,1518,47,normal,136,3534,Kit De Acessórios Para Fazer Joias / Ferramenta / Alicate Para Pulseiras / Joias Diy,False
1671128540,20221215,11975332853,45,58%,74,1518,46,normal,136,3535,Kit De Acessórios Para Fazer Joias / Ferramenta / Alicate Para Pulseiras / Joias Diy,False
1671125895,20221215,11975332853,45,58%,74,1518,46,normal,136,3534,Kit De Acessórios Para Fazer Joias / Ferramenta / Alicate Para Pulseiras / Joias Diy,False
1671124697,20221215,11975332853,45,58%,74,1518,46,normal,136,3533,Kit De Acessórios Para Fazer Joias / Ferramenta / Alicate Para Pulseiras / Joias Diy,False
1671121751,20221215,11975332853,45,58%,74,1519,46,normal,136,3531,Kit De Acessórios Para Fazer Joias / Ferramenta / Alicate Para Pulseiras / Joias Diy,False
1671118823,20221215,11975332853,45,58%,74,1519,46,normal,136,3530,Kit De Acessórios Para Fazer Joias / Ferramenta / Alicate Para Pulseiras / Joias Diy,False
1671117663,20221215,11975332853,45,58%,74,1519,46,normal,136,3529,Kit De Acessórios Para Fazer Joias / Ferramenta / Alicate Para Pulseiras / Joias Diy,False
1671110842,20221215,11975332853,45,58%,74,1519,46,normal,136,3528,Kit De Acessórios Para Fazer Joias / Ferramenta / Alicate Para Pulseiras / Joias Diy,False
1671103005,20221215,11975332853,45,58%,74,1519,46,normal,136,3527,Kit De Acessórios Para Fazer Joias / Ferramenta / Alicate Para Pulseiras / Joias Diy,False
1671097142,20221215,11975332853,45,58%,74,1519,46,normal,136,3526,Kit De Acessórios Para Fazer Joias / Ferramenta / Alicate Para Pulseiras / Joias Diy,False
1671078322,20221215,11975332853,45,58%,74,1519,46,normal,136,3525,Kit De Acessórios Para Fazer Joias / Ferramenta / Alicate Para Pulseiras / Joias Diy,False
1671072640,20221215,11975332853,45,58%,74,1519,46,normal,136,3524,Kit De Acessórios Para Fazer Joias / Ferramenta / Alicate Para Pulseiras / Joias Diy,False
1671068720,20221215,11975332853,45,58%,74,1519,46,normal,136,3523,Kit De Acessórios Para Fazer Joias / Ferramenta / Alicate Para Pulseiras / Joias Diy,False
1671061156,20221214,11975332853,45,58%,74,1519,46,normal,136,3519,Kit De Acessórios Para Fazer Joias / Ferramenta / Alicate Para Pulseiras / Joias Diy,False
1671060029,20221214,11975332853,45,58%,74,1519,46,normal,136,3517,Kit De Acessórios Para Fazer Joias / Ferramenta / Alicate Para Pulseiras / Joias Diy,False
1671057565,20221214,11975332853,45,58%,74,1520,46,normal,136,3516,Kit De Acessórios Para Fazer Joias / Ferramenta / Alicate Para Pulseiras / Joias Diy,False
1671056341,20221214,11975332853,45,58%,74,1520,46,normal,136,3515,Kit De Acessórios Para Fazer Joias / Ferramenta / Alicate Para Pulseiras / Joias Diy,False
1671050370,20221214,11975332853,45,58%,74,1521,46,normal,136,3515,Kit De Acessórios Para Fazer Joias / Ferramenta / Alicate Para Pulseiras / Joias Diy,False
1671046689,20221214,11975332853,45,58%,74,1521,46,normal,136,3516,Kit De Acessórios Para Fazer Joias / Ferramenta / Alicate Para Pulseiras / Joias Diy,False
1671045377,20221214,11975332853,45,58%,74,1521,45,normal,136,3516,Kit De Acessórios Para Fazer Joias / Ferramenta / Alicate Para Pulseiras / Joias Diy,False
1671035317,20221214,11975332853,45,58%,74,1522,45,normal,136,3516,Kit De Acessórios Para Fazer Joias / Ferramenta / Alicate Para Pulseiras / Joias Diy,False
1671028738,20221214,11975332853,45,58%,74,1522,45,normal,136,3515,Kit De Acessórios Para Fazer Joias / Ferramenta / Alicate Para Pulseiras / Joias Diy,False
1671025270,20221214,11975332853,45,58%,74,1522,45,normal,136,3514,Kit De Acessórios Para Fazer Joias / Ferramenta / Alicate Para Pulseiras / Joias Diy,False
1671024418,20221214,11975332853,45,58%,74,1522,45,normal,136,3512,Kit De Acessórios Para Fazer Joias / Ferramenta / Alicate Para Pulseiras / Joias Diy,False
1671016602,20221214,11975332853,45,58%,74,1522,45,normal,136,3511,Kit De Acessórios Para Fazer Joias / Ferramenta / Alicate Para Pulseiras / Joias Diy,False
1670988271,20221214,11975332853,45,58%,74,1522,45,normal,136,3510,Kit De Acessórios Para Fazer Joias / Ferramenta / Alicate Para Pulseiras / Joias Diy,False
1670986264,20221214,11975332853,49,52%,74,148599,45,normal,136,3509,Kit De Acessórios Para Fazer Joias / Ferramenta / Alicate Para Pulseiras / Joias Diy,False
1670982178,20221214,11975332853,49,52%,74,148600,45,normal,136,3507,Kit De Acessórios Para Fazer Joias / Ferramenta / Alicate Para Pulseiras / Joias Diy,False
1670973650,20221213,11975332853,49,52%,74,148603,45,normal,136,3507,Kit De Acessórios Para Fazer Joias / Ferramenta / Alicate Para Pulseiras / Joias Diy,False
1670969948,20221213,11975332853,49,52%,74,148604,45,normal,136,3505,Kit De Acessórios Para Fazer Joias / Ferramenta / Alicate Para Pulseiras / Joias Diy,False
1670966271,20221213,11975332853,49,52%,74,148605,45,normal,136,3505,Kit De Acessórios Para Fazer Joias / Ferramenta / Alicate Para Pulseiras / Joias Diy,False
1670962878,20221213,11975332853,49,52%,74,148605,45,normal,136,3504,Kit De Acessórios Para Fazer Joias / Ferramenta / Alicate Para Pulseiras / Joias Diy,False
1670958961,20221213,11975332853,49,52%,74,148605,45,normal,136,3503,Kit De Acessórios Para Fazer Joias / Ferramenta / Alicate Para Pulseiras / Joias Diy,False
1670955877,20221213,11975332853,49,52%,74,148604,45,normal,136,3503,Kit De Acessórios Para Fazer Joias / Ferramenta / Alicate Para Pulseiras / Joias Diy,False
1670953097,20221213,11975332853,49,52%,74,148604,45,normal,136,3502,Kit De Acessórios Para Fazer Joias / Ferramenta / Alicate Para Pulseiras / Joias Diy,False
1670950279,20221213,11975332853,49,52%,74,148604,45,normal,136,3500,Kit De Acessórios Para Fazer Joias / Ferramenta / Alicate Para Pulseiras / Joias Diy,False
1670948926,20221213,11975332853,49,52%,74,148605,45,normal,136,3498,Kit De Acessórios Para Fazer Joias / Ferramenta / Alicate Para Pulseiras / Joias Diy,False
1670946150,20221213,11975332853,49,52%,74,148605,45,normal,136,3496,Kit De Acessórios Para Fazer Joias / Ferramenta / Alicate Para Pulseiras / Joias Diy,False
1670945113,20221213,11975332853,49,52%,74,148605,45,normal,136,3495,Kit De Acessórios Para Fazer Joias / Ferramenta / Alicate Para Pulseiras / Joias Diy,False
1670938878,20221213,11975332853,49,52%,74,148605,45,normal,136,3493,Kit De Acessórios Para Fazer Joias / Ferramenta / Alicate Para Pulseiras / Joias Diy,False
1670938016,20221213,11975332853,49,52%,74,148605,45,normal,136,3492,Kit De Acessórios Para Fazer Joias / Ferramenta / Alicate Para Pulseiras / Joias Diy,False
1670924359,20221213,11975332853,49,52%,74,148606,45,normal,136,3490,Kit De Acessórios Para Fazer Joias / Ferramenta / Alicate Para Pulseiras / Joias Diy,False
1670917089,20221213,11975332853,49,52%,74,148608,45,normal,136,3490,Kit De Acessórios Para Fazer Joias / Ferramenta / Alicate Para Pulseiras / Joias Diy,False
1670915884,20221213,11975332853,49,55%,74,150130,45,normal,136,3490,Kit De Acessórios Para Fazer Joias / Ferramenta / Alicate Para Pulseiras / Joias Diy,False
1670905502,20221213,11975332853,49,55%,74,150130,45,normal,136,3489,Kit De Acessórios Para Fazer Joias / Ferramenta / Alicate Para Pulseiras / Joias Diy,False
1670902073,20221213,11975332853,49,55%,74,150131,45,normal,136,3489,Kit De Acessórios Para Fazer Joias / Ferramenta / Alicate Para Pulseiras / Joias Diy,False
1670900070,20221213,11975332853,44,59%,74,41078,45,normal,136,3488,Kit De Acessórios Para Fazer Joias / Ferramenta / Alicate Para Pulseiras / Joias Diy,False
1670896006,20221213,11975332853,44,59%,74,41077,45,normal,136,3486,Kit De Acessórios Para Fazer Joias / Ferramenta / Alicate Para Pulseiras / Joias Diy,False
1670884775,20221212,11975332853,44,59%,74,41075,45,normal,136,3487,Kit De Acessórios Para Fazer Joias / Ferramenta / Alicate Para Pulseiras / Joias Diy,False
1670883574,20221212,11975332853,44,59%,74,41075,45,normal,136,3486,Kit De Acessórios Para Fazer Joias / Ferramenta / Alicate Para Pulseiras / Joias Diy,False
1670876401,20221212,11975332853,44,59%,74,41075,45,normal,136,3484,Kit De Acessórios Para Fazer Joias / Ferramenta / Alicate Para Pulseiras / Joias Diy,False
1670873923,20221212,11975332853,44,59%,74,41075,45,normal,136,3483,Kit De Acessórios Para Fazer Joias / Ferramenta / Alicate Para Pulseiras / Joias Diy,False
1670869515,20221212,11975332853,44,59%,74,41075,46,normal,136,3483,Kit De Acessórios Para Fazer Joias / Ferramenta / Alicate Para Pulseiras / Joias Diy,False
1670866728,20221212,11975332853,44,59%,74,41075,46,normal,136,3481,Kit De Acessórios Para Fazer Joias / Ferramenta / Alicate Para Pulseiras / Joias Diy,False
1670865493,20221212,11975332853,44,59%,74,41170,46,normal,136,3480,Kit De Acessórios Para Fazer Joias / Ferramenta / Alicate Para Pulseiras / Joias Diy,False
1670862580,20221212,11975332853,44,59%,74,41170,46,normal,136,3479,Kit De Acessórios Para Fazer Joias / Ferramenta / Alicate Para Pulseiras / Joias Diy,False
1670859656,20221212,11975332853,44,59%,74,41170,46,normal,135,3479,Kit De Acessórios Para Fazer Joias / Ferramenta / Alicate Para Pulseiras / Joias Diy,False
1670852529,20221212,11975332853,44,59%,74,41170,46,normal,135,3478,Kit De Acessórios Para Fazer Joias / Ferramenta / Alicate Para Pulseiras / Joias Diy,False
1670848736,20221212,11975332853,44,59%,74,41170,46,normal,135,3477,Kit De Acessórios Para Fazer Joias / Ferramenta / Alicate Para Pulseiras / Joias Diy,False
1670840544,20221212,11975332853,44,59%,74,41170,46,normal,135,3476,Kit De Acessórios Para Fazer Joias / Ferramenta / Alicate Para Pulseiras / Joias Diy,False
1670837944,20221212,11975332853,44,59%,74,41171,46,normal,135,3476,Kit De Acessórios Para Fazer Joias / Ferramenta / Alicate Para Pulseiras / Joias Diy,False
1670836797,20221212,11975332853,49,59%,74,110475,46,normal,135,3475,Kit De Acessórios Para Fazer Joias / Ferramenta / Alicate Para Pulseiras / Joias Diy,False
1670819034,20221212,11975332853,49,59%,74,110475,46,normal,135,3474,Kit De Acessórios Para Fazer Joias / Ferramenta / Alicate Para Pulseiras / Joias Diy,False
1670815505,20221212,11975332853,49,59%,74,110475,46,normal,135,3473,Kit De Acessórios Para Fazer Joias / Ferramenta / Alicate Para Pulseiras / Joias Diy,False
1670813485,20221212,11975332853,49,52%,74,149702,46,normal,135,3473,Kit De Acessórios Para Fazer Joias / Ferramenta / Alicate Para Pulseiras / Joias Diy,False
1670809452,20221212,11975332853,49,52%,74,149704,46,normal,135,3472,Kit De Acessórios Para Fazer Joias / Ferramenta / Alicate Para Pulseiras / Joias Diy,False
