data/master.csv
time,date,itemid,price,discount,price_before_discount,stock,sold,item_status,cmt_count,liked_count,item_name,is_latest
1670801927,20221211,11975332853,49,52%,74,149705,46,normal,135,3469,Kit De Acessórios Para Fazer Joias / Ferramenta / Alicate Para Pulseiras / Joias Diy,False
1670797103,20221211,11975332853,49,52%,74,149705,46,normal,135,3467,Kit De Acessórios Para Fazer Joias / Ferramenta / Alicate Para Pulseiras / Joias Diy,False
1670783015,20221211,11975332853,49,52%,74,149705,46,normal,135,3465,Kit De Acessórios Para Fazer Joias / Ferramenta / Alicate Para Pulseiras / Joias Diy,False
1670776004,20221211,11975332853,49,52%,74,149706,46,normal,135,3465,Kit De Acessórios Para Fazer Joias / Ferramenta / Alicate Para Pulseiras / Joias Diy,False
1670771943,20221211,11975332853,49,52%,74,149706,46,normal,135,3464,Kit De Acessórios Para Fazer Joias / Ferramenta / Alicate Para Pulseiras / Joias Diy,False
1670768241,20221211,11975332853,49,52%,74,149708,46,normal,135,3463,Kit De Acessórios Para Fazer Joias / Ferramenta / Alicate Para Pulseiras / Joias Diy,False
1670765000,20221211,11975332853,49,52%,74,149708,46,normal,135,3462,Kit De Acessórios Para Fazer Joias / Ferramenta / Alicate Para Pulseiras / Joias Diy,False
1670762157,20221211,11975332853,49,52%,74,149708,46,normal,135,3461,Kit De Acessórios Para Fazer Joias / Ferramenta / Alicate Para Pulseiras / Joias Diy,False
1670740958,20221211,11975332853,49,52%,74,149708,46,normal,135,3460,Kit De Acessórios Para Fazer Joias / Ferramenta / Alicate Para Pulseiras / Joias Diy,False
1670723308,20221211,11975332853,49,52%,74,149708,46,normal,135,3459,Kit De Acessórios Para Fazer Joias / Ferramenta / Alicate Para Pulseiras / Joias Diy,False
1670710696,20221210,11975332853,49,52%,74,149708,46,normal,135,3454,Kit De Acessórios Para Fazer Joias / Ferramenta / Alicate Para Pulseiras / Joias Diy,False
1670708319,20221210,11975332853,49,52%,74,149708,46,normal,135,3453,Kit De Acessórios Para Fazer Joias / Ferramenta / Alicate Para Pulseiras / Joias Diy,False
1670707013,20221210,11975332853,49,52%,74,149708,46,normal,135,3452,Kit De Acessórios Para Fazer Joias / Ferramenta / Alicate Para Pulseiras / Joias Diy,False
1670704727,20221210,11975332853,49,52%,74,149709,46,normal,135,3452,Kit De Acessórios Para Fazer Joias / Ferramenta / Alicate Para Pulseiras / Joias Diy,False
1670699710,20221210,11975332853,49,52%,74,149709,46,normal,135,3451,Kit De Acessórios Para Fazer Joias / Ferramenta / Alicate Para Pulseiras / Joias Diy,False
1670693907,20221210,11975332853,49,52%,74,149709,49,normal,135,3450,Kit De Acessórios Para Fazer Joias / Ferramenta / Alicate Para Pulseiras / Joias Diy,False
1670689616,20221210,11975332853,49,52%,74,149709,49,normal,134,3450,Kit De Acessórios Para Fazer Joias / Ferramenta / Alicate Para Pulseiras / Joias Diy,False
1670686711,20221210,11975332853,49,52%,74,149709,49,normal,134,3449,Kit De Acessórios Para Fazer Joias / Ferramenta / Alicate Para Pulseiras / Joias Diy,False
1670685537,20221210,11975332853,49,52%,74,149709,49,normal,134,3447,Kit De Acessórios Para Fazer Joias / Ferramenta / Alicate Para Pulseiras / Joias Diy,False
1670683100,20221210,11975332853,49,52%,74,149709,49,normal,134,3448,Kit De Acessórios Para Fazer Joias / Ferramenta / Alicate Para Pulseiras / Joias Diy,False
1670681824,20221210,11975332853,49,52%,74,149709,49,normal,134,3446,Kit De Acessórios Para Fazer Joias / Ferramenta / Alicate Para Pulseiras / Joias Diy,False
1670678590,20221210,11975332853,49,52%,74,149709,49,normal,134,3445,Kit De Acessórios Para Fazer Joias / Ferramenta / Alicate Para Pulseiras / Joias Diy,False
1670675713,20221210,11975332853,49,52%,74,149709,49,normal,134,3444,Kit De Acessórios Para Fazer Joias / Ferramenta / Alicate Para Pulseiras / Joias Diy,False
1670670934,20221210,11975332853,49,52%,74,149708,49,normal,134,3444,Kit De Acessórios Para Fazer Joias / Ferramenta / Alicate Para Pulseiras / Joias Diy,False
1670657889,20221210,11975332853,49,52%,74,149709,49,normal,134,3444,Kit De Acessórios Para Fazer Joias / Ferramenta / Alicate Para Pulseiras / Joias Diy,False
1670646278,20221210,11975332853,49,52%,74,149602,49,normal,134,3444,Kit De Acessórios Para Fazer Joias / Ferramenta / Alicate Para Pulseiras / Joias Diy,False
1670640105,20221210,11975332853,49,52%,74,149602,49,normal,134,3443,Kit De Acessórios Para Fazer Joias / Ferramenta / Alicate Para Pulseiras / Joias Diy,False
1670636256,20221210,11975332853,49,52%,74,149601,49,normal,134,3442,Kit De Acessórios Para Fazer Joias / Ferramenta / Alicate Para Pulseiras / Joias Diy,False
1670628037,20221209,11975332853,49,52%,74,149602,49,normal,134,3436,Kit De Acessórios Para Fazer Joias / Ferramenta / Alicate Para Pulseiras / Joias Diy,False
1670617506,20221209,11975332853,49,52%,74,149603,49,normal,134,3435,Kit De Acessórios Para Fazer Joias / Ferramenta / Alicate Para Pulseiras / Joias Diy,False
1670614687,20221209,11975332853,49,52%,74,149603,49,normal,134,3431,Kit De Acessórios Para Fazer Joias / Ferramenta / Alicate Para Pulseiras / Joias Diy,False
1670610263,20221209,11975332853,49,52%,74,149603,47,normal,134,3431,Kit De Acessórios Para Fazer Joias / Ferramenta / Alicate Para Pulseiras / Joias Diy,False
1670604613,20221209,11975332853,49,52%,74,149603,47,normal,134,3429,Kit De Acessórios Para Fazer Joias / Ferramenta / Alicate Para Pulseiras / Joias Diy,False
1670603310,20221209,11975332853,49,52%,74,149602,47,normal,134,3429,Kit De Acessórios Para Fazer Joias / Ferramenta / Alicate Para Pulseiras / Joias Diy,False
1670599168,20221209,11975332853,49,52%,74,149602,47,normal,134,3427,Kit De Acessórios Para Fazer Joias / Ferramenta / Alicate Para Pulseiras / Joias Diy,False
1670596739,20221209,11975332853,49,52%,74,149603,47,normal,134,3424,Kit De Acessórios Para Fazer Joias / Ferramenta / Alicate Para Pulseiras / Joias Diy,False
1670595480,20221209,11975332853,49,52%,74,149603,47,normal,134,3423,Kit De Acessórios Para Fazer Joias / Ferramenta / Alicate Para Pulseiras / Joias Diy,False
1670593214,20221209,11975332853,49,52%,74,149603,47,normal,134,3421,Kit De Acessórios Para Fazer Joias / Ferramenta / Alicate Para Pulseiras / Joias Diy,False
1670592359,20221209,11975332853,49,52%,74,149603,47,normal,134,3420,Kit De Acessórios Para Fazer Joias / Ferramenta / Alicate Para Pulseiras / Joias Diy,False
1670589387,20221209,11975332853,49,52%,74,149604,47,normal,134,3420,Kit De Acessórios Para Fazer Joias / Ferramenta / Alicate Para Pulseiras / Joias Diy,False
1670585892,20221209,11975332853,49,52%,74,149603,47,normal,134,3419,Kit De Acessórios Para Fazer Joias / Ferramenta / Alicate Para Pulseiras / Joias Diy,False
1670584609,20221209,11975332853,49,52%,74,149603,47,normal,134,3418,Kit De Acessórios Para Fazer Joias / Ferramenta / Alicate Para Pulseiras / Joias Diy,False
1670582466,20221209,11975332853,49,52%,74,150025,47,normal,134,3417,Kit De Acessórios Para Fazer Joias / Ferramenta / Alicate Para Pulseiras / Joias Diy,False
1670581322,20221209,11975332853,49,52%,74,150025,47,normal,134,3415,Kit De Acessórios Para Fazer Joias / Ferramenta / Alicate Para Pulseiras / Joias Diy,False
1670567043,20221209,11975332853,49,52%,74,150025,47,normal,134,3414,Kit De Acessórios Para Fazer Joias / Ferramenta / Alicate Para Pulseiras / Joias Diy,False
1670559887,20221209,11975332853,49,52%,74,150025,47,normal,134,3413,Kit De Acessórios Para Fazer Joias / Ferramenta / Alicate Para Pulseiras / Joias Diy,False
1670556174,20221209,11975332853,49,52%,74,150024,47,normal,134,3412,Kit De Acessórios Para Fazer Joias / Ferramenta / Alicate Para Pulseiras / Joias Diy,False
1670554110,20221209,11975332853,49,52%,74,150024,47,normal,134,3411,Kit De Acessórios Para Fazer Joias / Ferramenta / Alicate Para Pulseiras / Joias Diy,False
1670550257,20221209,11975332853,49,52%,74,150024,47,normal,134,3409,Kit De Acessórios Para Fazer Joias / Ferramenta / Alicate Para Pulseiras / Joias Diy,False
1670541720,20221208,11975332853,49,52%,74,150025,47,normal,133,3407,Kit De Acessórios Para Fazer Joias / Ferramenta / Alicate Para Pulseiras / Joias Diy,False
1670539126,20221208,11975332853,49,52%,74,150024,47,normal,133,3409,Kit De Acessórios Para Fazer Joias / Ferramenta / Alicate Para Pulseiras / Joias Diy,False
1670537967,20221208,11975332853,49,52%,74,150024,47,normal,132,3409,Kit De Acessórios Para Fazer Joias / Ferramenta / Alicate Para Pulseiras / Joias Diy,False
1670534297,20221208,11975332853,49,52%,74,150024,47,normal,132,3408,Kit De Acessórios Para Fazer Joias / Ferramenta / Alicate Para Pulseiras / Joias Diy,False
1670528306,20221208,11975332853,49,52%,74,150024,47,normal,131,3406,Kit De Acessórios Para Fazer Joias / Ferramenta / Alicate Para Pulseiras / Joias Diy,False
1670526946,20221208,11975332853,49,52%,74,150024,48,normal,131,3406,Kit De Acessórios Para Fazer Joias / Ferramenta / Alicate Para Pulseiras / Joias Diy,False
1670519905,20221208,11975332853,49,52%,74,150025,48,normal,131,3406,Kit De Acessórios Para Fazer Joias / Ferramenta / Alicate Para Pulseiras / Joias Diy,False
1670518221,20221208,11975332853,49,52%,74,150025,48,normal,131,3403,Kit De Acessórios Para Fazer Joias / Ferramenta / Alicate Para Pulseiras / Joias Diy,False
1670516940,20221208,11975332853,49,52%,74,150026,48,normal,131,3401,Kit De Acessórios Para Fazer Joias / Ferramenta / Alicate Para Pulseiras / Joias Diy,False
1670514020,20221208,11975332853,49,52%,74,150026,48,normal,131,3400,Kit De Acessórios Para Fazer Joias / Ferramenta / Alicate Para Pulseiras / Joias Diy,False
1670506857,20221208,11975332853,49,52%,74,150004,48,normal,131,3400,Kit De Acessórios Para Fazer Joias / Ferramenta / Alicate Para Pulseiras / Joias Diy,False
1670505981,20221208,11975332853,49,52%,74,150004,48,normal,131,3399,Kit De Acessórios Para Fazer Joias / Ferramenta / Alicate Para Pulseiras / Joias Diy,False
1670503070,20221208,11975332853,49,52%,74,150005,48,normal,131,3397,Kit De Acessórios Para Fazer Joias / Ferramenta / Alicate Para Pulseiras / Joias Diy,False
1670498218,20221208,11975332853,49,52%,74,150012,48,normal,131,3394,Kit De Acessórios Para Fazer Joias / Ferramenta / Alicate Para Pulseiras / Joias Diy,False
1670496064,20221208,11975332853,49,52%,74,150013,48,normal,131,3393,Kit De Acessórios Para Fazer Joias / Ferramenta / Alicate Para Pulseiras / Joias Diy,False
1670469763,20221208,11975332853,49,52%,74,150075,48,normal,131,3393,Kit De Acessórios Para Fazer Joias / Ferramenta / Alicate Para Pulseiras / Joias Diy,False
1670467680,20221208,11975332853,49,52%,74,150075,47,normal,131,3392,Kit De Acessórios Para Fazer Joias / Ferramenta / Alicate Para Pulseiras / Joias Diy,False
1670463636,20221208,11975332853,49,52%,74,150075,47,normal,131,3390,Kit De Acessórios Para Fazer Joias / Ferramenta / Alicate Para Pulseiras / Joias Diy,False
1670455187,20221207,11975332853,49,52%,74,150076,47,normal,131,3387,Kit De Acessórios Para Fazer Joias / Ferramenta / Alicate Para Pulseiras / Joias Diy,False
1670452773,20221207,11975332853,49,52%,74,150076,47,normal,130,3387,Kit De Acessórios Para Fazer Joias / Ferramenta / Alicate Para Pulseiras / Joias Diy,False
1670441906,20221207,11975332853,49,52%,74,150076,47,normal,130,3386,Kit De Acessórios Para Fazer Joias / Ferramenta / Alicate Para Pulseiras / Joias Diy,False
1670430520,20221207,11975332853,49,52%,74,150077,47,normal,130,3386,Kit De Acessórios Para Fazer Joias / Ferramenta / Alicate Para Pulseiras / Joias Diy,False
1670427630,20221207,11975332853,49,52%,74,150078,47,normal,130,3385,Kit De Acessórios Para Fazer Joias / Ferramenta / Alicate Para Pulseiras / Joias Diy,False
1670426437,20221207,11975332853,49,52%,74,150078,47,normal,130,3384,Kit De Acessórios Para Fazer Joias / Ferramenta / Alicate Para Pulseiras / Joias Diy,False
1670422686,20221207,11975332853,49,52%,74,150079,47,normal,130,3383,Kit De Acessórios Para Fazer Joias / Ferramenta / Alicate Para Pulseiras / Joias Diy,False
1670416637,20221207,11975332853,49,52%,74,150078,47,normal,130,3383,Kit De Acessórios Para Fazer Joias / Ferramenta / Alicate Para Pulseiras / Joias Diy,False
1670408520,20221207,11975332853,49,52%,74,150078,47,normal,130,3381,Kit De Acessórios Para Fazer Joias / Ferramenta / Alicate Para Pulseiras / Joias Diy,False
1670404770,20221207,11975332853,49,52%,74,150078,47,normal,130,3379,Kit De Acessórios Para Fazer Joias / Ferramenta / Alicate Para Pulseiras / Joias Diy,False
1670401540,20221207,11975332853,44,58%,74,155,47,normal,130,3378,Kit De Acessórios Para Fazer Joias / Ferramenta / Alicate Para Pulseiras / Joias Diy,False
1670388210,20221207,11975332853,44,58%,74,155,47,normal,130,3376,Kit De Acessórios Para Fazer Joias / Ferramenta / Alicate Para Pulseiras / Joias Diy,False
1670383533,20221207,11975332853,44,58%,74,155,47,normal,130,3373,Kit De Acessórios Para Fazer Joias / Ferramenta / Alicate Para Pulseiras / Joias Diy,False
1670381563,20221207,11975332853,49,52%,74,139925,47,normal,130,3372,Kit De Acessórios Para Fazer Joias / Ferramenta / Alicate Para Pulseiras / Joias Diy,False
1670377504,20221207,11975332853,49,52%,74,139925,47,normal,130,3371,Kit De Acessórios Para Fazer Joias / Ferramenta / Alicate Para Pulseiras / Joias Diy,False
1670369982,20221206,11975332853,49,52%,74,139924,47,normal,130,3368,Kit De Acessórios Para Fazer Joias / Ferramenta / Alicate Para Pulseiras / Joias Diy,False
1670368871,20221206,11975332853,49,52%,74,139924,47,normal,130,3367,Kit De Acessórios Para Fazer Joias / Ferramenta / Alicate Para Pulseiras / Joias Diy,False
1670366374,20221206,11975332853,49,52%,74,139924,47,normal,130,3366,Kit De Acessórios Para Fazer Joias / Ferramenta / Alicate Para Pulseiras / Joias Diy,False
1670365152,20221206,11975332853,49,52%,74,139924,47,normal,130,3365,Kit De Acessórios Para Fazer Joias / Ferramenta / Alicate Para Pulseiras / Joias Diy,False
1670361460,20221206,11975332853,49,52%,74,139925,47,normal,130,3365,Kit De Acessórios Para Fazer Joias / Ferramenta / Alicate Para Pulseiras / Joias Diy,False
1670357992,20221206,11975332853,49,52%,74,139924,47,normal,130,3364,Kit De Acessórios Para Fazer Joias / Ferramenta / Alicate Para Pulseiras / Joias Diy,False
1670355507,20221206,11975332853,49,52%,74,139924,47,normal,130,3363,Kit De Acessórios Para Fazer Joias / Ferramenta / Alicate Para Pulseiras / Joias Diy,False
1670354153,20221206,11975332853,49,52%,74,139924,50,normal,130,3363,Kit De Acessórios Para Fazer Joias / Ferramenta / Alicate Para Pulseiras / Joias Diy,False
1670352150,20221206,11975332853,49,52%,74,139924,50,normal,130,3361,Kit De Acessórios Para Fazer Joias / Ferramenta / Alicate Para Pulseiras / Joias Diy,False
1670348308,20221206,11975332853,49,52%,74,139925,50,normal,130,3361,Kit De Acessórios Para Fazer Joias / Ferramenta / Alicate Para Pulseiras / Joias Diy,False
1670345490,20221206,11975332853,49,52%,74,139926,50,normal,130,3361,Kit De Acessórios Para Fazer Joias / Ferramenta / Alicate Para Pulseiras / Joias Diy,False
1670337533,20221206,11975332853,49,52%,74,139926,50,normal,130,3362,Kit De Acessórios Para Fazer Joias / Ferramenta / Alicate Para Pulseiras / Joias Diy,False
1670336307,20221206,11975332853,49,52%,74,139926,50,normal,130,3361,Kit De Acessórios Para Fazer Joias / Ferramenta / Alicate Para Pulseiras / Joias Diy,False
1670334234,20221206,11975332853,49,52%,74,139926,50,normal,130,3360,Kit De Acessórios Para Fazer Joias / Ferramenta / Alicate Para Pulseiras / Joias Diy,False
1670330412,20221206,11975332853,49,52%,74,139928,50,normal,130,3359,Kit De Acessórios Para Fazer Joias / Ferramenta / Alicate Para Pulseiras / Joias Diy,False
1670326686,20221206,11975332853,49,52%,74,139927,50,normal,130,3356,Kit De Acessórios Para Fazer Joias / Ferramenta / Alicate Para Pulseiras / Joias Diy,False
1670325390,20221206,11975332853,49,52%,74,139927,50,normal,130,3355,Kit De Acessórios Para Fazer Joias / Ferramenta / Alicate Para Pulseiras / Joias Diy,False
1670322091,20221206,11975332853,49,52%,74,139927,50,normal,130,3354,Kit De Acessórios Para Fazer Joias / Ferramenta / Alicate Para Pulseiras / Joias Diy,False
1670290767,20221206,11975332853,49,52%,74,139927,50,normal,130,3353,Kit De Acessórios Para Fazer Joias / Ferramenta / Alicate Para Pulseiras / Joias Diy,False
1670283535,20221205,11975332853,49,52%,74,139931,50,normal,130,3351,Kit De Acessórios Para Fazer Joias / Ferramenta / Alicate Para Pulseiras / Joias Diy,False
1670279945,20221205,11975332853,49,52%,74,139931,50,normal,130,3350,Kit De Acessórios Para Fazer Joias / Ferramenta / Alicate Para Pulseiras / Joias Diy,False
1670278756,20221205,11975332853,49,52%,74,139932,50,normal,130,3349,Kit De Acessórios Para Fazer Joias / Ferramenta / Alicate Para Pulseiras / Joias Diy,False
1670275053,20221205,11975332853,49,52%,74,139932,50,normal,130,3348,Kit De Acessórios Para Fazer Joias / Ferramenta / Alicate Para Pulseiras / Joias Diy,False
1670269112,20221205,11975332853,49,52%,74,139932,50,normal,130,3347,Kit De Acessórios Para Fazer Joias / Ferramenta / Alicate Para Pulseiras / Joias Diy,False
1670267761,20221205,11975332853,49,52%,74,139932,54,normal,130,3346,Kit De Acessórios Para Fazer Joias / Ferramenta / Alicate Para Pulseiras / Joias Diy,False
1670265779,20221205,11975332853,49,52%,74,139933,54,normal,130,3345,Kit De Acessórios Para Fazer Joias / Ferramenta / Alicate Para Pulseiras / Joias Diy,False
1670260699,20221205,11975332853,49,52%,74,139932,54,normal,130,3345,Kit De Acessórios Para Fazer Joias / Ferramenta / Alicate Para Pulseiras / Joias Diy,False
1670259069,20221205,11975332853,49,52%,74,139932,54,normal,130,3343,Kit De Acessórios Para Fazer Joias / Ferramenta / Alicate Para Pulseiras / Joias Diy,False
1670254836,20221205,11975332853,49,52%,74,139932,54,normal,130,3342,Kit De Acessórios Para Fazer Joias / Ferramenta / Alicate Para Pulseiras / Joias Diy,False
1670253669,20221205,11975332853,49,52%,74,140087,54,normal,130,3341,Kit De Acessórios Para Fazer Joias / Ferramenta / Alicate Para Pulseiras / Joias Diy,False
