data/master.csv
time,date,itemid,price,discount,price_before_discount,stock,sold,item_status,cmt_count,liked_count,item_name,is_latest
1670249898,20221205,11975332853,49,52%,74,140087,54,normal,130,3340,Kit De Acessórios Para Fazer Joias / Ferramenta / Alicate Para Pulseiras / Joias Diy,False
1670246804,20221205,11975332853,49,52%,74,140087,54,normal,130,3339,Kit De Acessórios Para Fazer Joias / Ferramenta / Alicate Para Pulseiras / Joias Diy,False
1670243908,20221205,11975332853,49,52%,74,140087,54,normal,130,3338,Kit De Acessórios Para Fazer Joias / Ferramenta / Alicate Para Pulseiras / Joias Diy,False
1670235728,20221205,11975332853,49,52%,74,140088,54,normal,130,3337,Kit De Acessórios Para Fazer Joias / Ferramenta / Alicate Para Pulseiras / Joias Diy,False
1670233132,20221205,11975332853,49,52%,74,140089,54,normal,130,3337,Kit De Acessórios Para Fazer Joias / Ferramenta / Alicate Para Pulseiras / Joias Diy,False
1670214316,20221205,11975332853,49,52%,74,140089,54,normal,130,3336,Kit De Acessórios Para Fazer Joias / Ferramenta / Alicate Para Pulseiras / Joias Diy,False
1670210490,20221205,11975332853,49,52%,74,140088,54,normal,130,3335,Kit De Acessórios Para Fazer Joias / Ferramenta / Alicate Para Pulseiras / Joias Diy,False
1670208292,20221205,11975332853,45,58%,74,1407,54,normal,130,3334,Kit De Acessórios Para Fazer Joias / Ferramenta / Alicate Para Pulseiras / Joias Diy,False
1670204477,20221205,11975332853,45,58%,74,1407,54,normal,130,3332,Kit De Acessórios Para Fazer Joias / Ferramenta / Alicate Para Pulseiras / Joias Diy,False
1670189932,20221204,11975332853,45,58%,74,1408,54,normal,130,3328,Kit De Acessórios Para Fazer Joias / Ferramenta / Alicate Para Pulseiras / Joias Diy,False
1670188599,20221204,11975332853,45,58%,74,1408,54,normal,130,3327,Kit De Acessórios Para Fazer Joias / Ferramenta / Alicate Para Pulseiras / Joias Diy,False
1670185194,20221204,11975332853,45,58%,74,1408,54,normal,130,3326,Kit De Acessórios Para Fazer Joias / Ferramenta / Alicate Para Pulseiras / Joias Diy,False
1670181313,20221204,11975332853,45,58%,74,1409,62,normal,130,3325,Kit De Acessórios Para Fazer Joias / Ferramenta / Alicate Para Pulseiras / Joias Diy,False
1670179261,20221204,11975332853,45,58%,74,1409,62,normal,130,3324,Kit De Acessórios Para Fazer Joias / Ferramenta / Alicate Para Pulseiras / Joias Diy,False
1670178162,20221204,11975332853,45,58%,74,1410,62,normal,130,3324,Kit De Acessórios Para Fazer Joias / Ferramenta / Alicate Para Pulseiras / Joias Diy,False
1670175511,20221204,11975332853,45,58%,74,1410,62,normal,130,3323,Kit De Acessórios Para Fazer Joias / Ferramenta / Alicate Para Pulseiras / Joias Diy,False
1670174269,20221204,11975332853,45,58%,74,1410,62,normal,130,3322,Kit De Acessórios Para Fazer Joias / Ferramenta / Alicate Para Pulseiras / Joias Diy,False
1670171183,20221204,11975332853,45,58%,74,1410,62,normal,130,3320,Kit De Acessórios Para Fazer Joias / Ferramenta / Alicate Para Pulseiras / Joias Diy,False
1670167132,20221204,11975332853,45,58%,74,1410,62,normal,130,3319,Kit De Acessórios Para Fazer Joias / Ferramenta / Alicate Para Pulseiras / Joias Diy,False
1670164694,20221204,11975332853,45,58%,74,1410,62,normal,130,3317,Kit De Acessórios Para Fazer Joias / Ferramenta / Alicate Para Pulseiras / Joias Diy,False
1670163425,20221204,11975332853,45,58%,74,1410,62,normal,130,3315,Kit De Acessórios Para Fazer Joias / Ferramenta / Alicate Para Pulseiras / Joias Diy,False
1670161085,20221204,11975332853,45,58%,74,1410,62,normal,130,3314,Kit De Acessórios Para Fazer Joias / Ferramenta / Alicate Para Pulseiras / Joias Diy,False
1670160178,20221204,11975332853,45,58%,74,1410,62,normal,130,3313,Kit De Acessórios Para Fazer Joias / Ferramenta / Alicate Para Pulseiras / Joias Diy,False
1670127839,20221204,11975332853,45,58%,74,1410,62,normal,130,3311,Kit De Acessórios Para Fazer Joias / Ferramenta / Alicate Para Pulseiras / Joias Diy,False
1670124065,20221204,11975332853,45,58%,74,1411,62,normal,130,3310,Kit De Acessórios Para Fazer Joias / Ferramenta / Alicate Para Pulseiras / Joias Diy,False
1670118131,20221204,11975332853,45,58%,74,1411,62,normal,130,3309,Kit De Acessórios Para Fazer Joias / Ferramenta / Alicate Para Pulseiras / Joias Diy,False
1670109552,20221203,11975332853,45,58%,74,1412,62,normal,130,3307,Kit De Acessórios Para Fazer Joias / Ferramenta / Alicate Para Pulseiras / Joias Diy,False
1670107095,20221203,11975332853,45,58%,74,1412,62,normal,130,3306,Kit De Acessórios Para Fazer Joias / Ferramenta / Alicate Para Pulseiras / Joias Diy,False
1670105895,20221203,11975332853,45,58%,74,1412,62,normal,130,3305,Kit De Acessórios Para Fazer Joias / Ferramenta / Alicate Para Pulseiras / Joias Diy,False
1670102176,20221203,11975332853,45,58%,74,1412,62,normal,130,3304,Kit De Acessórios Para Fazer Joias / Ferramenta / Alicate Para Pulseiras / Joias Diy,False
1670098772,20221203,11975332853,45,58%,74,1411,62,normal,130,3302,Kit De Acessórios Para Fazer Joias / Ferramenta / Alicate Para Pulseiras / Joias Diy,False
1670096287,20221203,11975332853,45,58%,74,1412,62,normal,130,3303,Kit De Acessórios Para Fazer Joias / Ferramenta / Alicate Para Pulseiras / Joias Diy,False
1670091787,20221203,11975332853,45,58%,74,1412,65,normal,130,3301,Kit De Acessórios Para Fazer Joias / Ferramenta / Alicate Para Pulseiras / Joias Diy,False
1670089104,20221203,11975332853,45,58%,74,1413,65,normal,130,3301,Kit De Acessórios Para Fazer Joias / Ferramenta / Alicate Para Pulseiras / Joias Diy,False
1670087776,20221203,11975332853,45,58%,74,1413,65,normal,130,3300,Kit De Acessórios Para Fazer Joias / Ferramenta / Alicate Para Pulseiras / Joias Diy,False
1670086029,20221203,11975332853,45,58%,74,1413,65,normal,130,3299,Kit De Acessórios Para Fazer Joias / Ferramenta / Alicate Para Pulseiras / Joias Diy,False
1670084780,20221203,11975332853,45,58%,74,1414,65,normal,130,3299,Kit De Acessórios Para Fazer Joias / Ferramenta / Alicate Para Pulseiras / Joias Diy,False
1670081904,20221203,11975332853,45,58%,74,1414,65,normal,130,3297,Kit De Acessórios Para Fazer Joias / Ferramenta / Alicate Para Pulseiras / Joias Diy,False
1670080725,20221203,11975332853,45,58%,74,1414,65,normal,130,3296,Kit De Acessórios Para Fazer Joias / Ferramenta / Alicate Para Pulseiras / Joias Diy,False
1670078289,20221203,11975332853,45,58%,74,1415,65,normal,130,3295,Kit De Acessórios Para Fazer Joias / Ferramenta / Alicate Para Pulseiras / Joias Diy,False
1670076991,20221203,11975332853,45,58%,74,1416,65,normal,130,3294,Kit De Acessórios Para Fazer Joias / Ferramenta / Alicate Para Pulseiras / Joias Diy,False
1670074694,20221203,11975332853,45,58%,74,1417,65,normal,130,3293,Kit De Acessórios Para Fazer Joias / Ferramenta / Alicate Para Pulseiras / Joias Diy,False
1670070887,20221203,11975332853,45,58%,74,1417,65,normal,130,3292,Kit De Acessórios Para Fazer Joias / Ferramenta / Alicate Para Pulseiras / Joias Diy,False
1670067490,20221203,11975332853,45,58%,74,1418,65,normal,130,3291,Kit De Acessórios Para Fazer Joias / Ferramenta / Alicate Para Pulseiras / Joias Diy,False
1670066111,20221203,11975332853,45,58%,74,1419,65,normal,130,3292,Kit De Acessórios Para Fazer Joias / Ferramenta / Alicate Para Pulseiras / Joias Diy,False
1670053098,20221203,11975332853,45,58%,74,1419,65,normal,130,3291,Kit De Acessórios Para Fazer Joias / Ferramenta / Alicate Para Pulseiras / Joias Diy,False
1670035128,20221203,11975332853,45,58%,74,1419,65,normal,130,3290,Kit De Acessórios Para Fazer Joias / Ferramenta / Alicate Para Pulseiras / Joias Diy,False
1670031358,20221203,11975332853,45,58%,74,1420,65,normal,130,3289,Kit De Acessórios Para Fazer Joias / Ferramenta / Alicate Para Pulseiras / Joias Diy,False
1670024325,20221202,11975332853,45,58%,74,1421,65,normal,130,3286,Kit De Acessórios Para Fazer Joias / Ferramenta / Alicate Para Pulseiras / Joias Diy,False
1670017118,20221202,11975332853,45,58%,74,1422,65,normal,130,3286,Kit De Acessórios Para Fazer Joias / Ferramenta / Alicate Para Pulseiras / Joias Diy,False
1670015833,20221202,11975332853,45,58%,74,1422,65,normal,130,3285,Kit De Acessórios Para Fazer Joias / Ferramenta / Alicate Para Pulseiras / Joias Diy,False
1670012437,20221202,11975332853,45,58%,74,1423,65,normal,130,3284,Kit De Acessórios Para Fazer Joias / Ferramenta / Alicate Para Pulseiras / Joias Diy,False
1670008523,20221202,11975332853,45,58%,74,1423,66,normal,130,3282,Kit De Acessórios Para Fazer Joias / Ferramenta / Alicate Para Pulseiras / Joias Diy,False
1670005355,20221202,11975332853,45,58%,74,1423,66,normal,130,3281,Kit De Acessórios Para Fazer Joias / Ferramenta / Alicate Para Pulseiras / Joias Diy,False
1670001479,20221202,11975332853,45,58%,74,1423,66,normal,130,3280,Kit De Acessórios Para Fazer Joias / Ferramenta / Alicate Para Pulseiras / Joias Diy,False
1669984627,20221202,11975332853,45,58%,74,1423,66,normal,130,3277,Kit De Acessórios Para Fazer Joias / Ferramenta / Alicate Para Pulseiras / Joias Diy,False
1669952486,20221202,11975332853,45,58%,74,1424,66,normal,130,3277,Kit De Acessórios Para Fazer Joias / Ferramenta / Alicate Para Pulseiras / Joias Diy,False
1669951496,20221202,11975332853,45,58%,74,1425,66,normal,130,3276,Kit De Acessórios Para Fazer Joias / Ferramenta / Alicate Para Pulseiras / Joias Diy,False
1669949477,20221202,11975332853,45,58%,74,1425,66,normal,130,3275,Kit De Acessórios Para Fazer Joias / Ferramenta / Alicate Para Pulseiras / Joias Diy,False
1669945221,20221202,11975332853,45,58%,74,1427,66,normal,130,3274,Kit De Acessórios Para Fazer Joias / Ferramenta / Alicate Para Pulseiras / Joias Diy,False
1669937986,20221201,11975332853,45,58%,74,1428,66,normal,130,3267,Kit De Acessórios Para Fazer Joias / Ferramenta / Alicate Para Pulseiras / Joias Diy,False
1669936875,20221201,11975332853,45,58%,74,1429,66,normal,130,3266,Kit De Acessórios Para Fazer Joias / Ferramenta / Alicate Para Pulseiras / Joias Diy,False
1669933155,20221201,11975332853,45,58%,74,1430,66,normal,129,3265,Kit De Acessórios Para Fazer Joias / Ferramenta / Alicate Para Pulseiras / Joias Diy,False
1669925972,20221201,11975332853,45,58%,74,1430,66,normal,129,3263,Kit De Acessórios Para Fazer Joias / Ferramenta / Alicate Para Pulseiras / Joias Diy,False
1669923542,20221201,11975332853,45,58%,74,1430,66,normal,129,3262,Kit De Acessórios Para Fazer Joias / Ferramenta / Alicate Para Pulseiras / Joias Diy,False
1669922226,20221201,11975332853,45,58%,74,1430,68,normal,129,3262,Kit De Acessórios Para Fazer Joias / Ferramenta / Alicate Para Pulseiras / Joias Diy,False
1669919193,20221201,11975332853,45,58%,74,1431,68,normal,129,3262,Kit De Acessórios Para Fazer Joias / Ferramenta / Alicate Para Pulseiras / Joias Diy,False
1669915179,20221201,11975332853,45,58%,74,1431,68,normal,129,3261,Kit De Acessórios Para Fazer Joias / Ferramenta / Alicate Para Pulseiras / Joias Diy,False
1669901828,20221201,11975332853,45,58%,74,1432,68,normal,129,3261,Kit De Acessórios Para Fazer Joias / Ferramenta / Alicate Para Pulseiras / Joias Diy,False
1669898648,20221201,11975332853,45,58%,74,1432,68,normal,129,3260,Kit De Acessórios Para Fazer Joias / Ferramenta / Alicate Para Pulseiras / Joias Diy,False
1669886467,20221201,11975332853,45,58%,74,1432,68,normal,129,3259,Kit De Acessórios Para Fazer Joias / Ferramenta / Alicate Para Pulseiras / Joias Diy,False
1669868806,20221201,11975332853,45,58%,74,1432,68,normal,129,3257,Kit De Acessórios Para Fazer Joias / Ferramenta / Alicate Para Pulseiras / Joias Diy,False
1669865103,20221201,11975332853,45,58%,74,1432,68,normal,129,3256,Kit De Acessórios Para Fazer Joias / Ferramenta / Alicate Para Pulseiras / Joias Diy,False
1669860052,20221201,11975332853,49,52%,74,138681,68,normal,129,3253,Kit De Acessórios Para Fazer Joias / Ferramenta / Alicate Para Pulseiras / Joias Diy,False
1669850524,20221130,11975332853,49,52%,74,138681,68,normal,129,3252,Kit De Acessórios Para Fazer Joias / Ferramenta / Alicate Para Pulseiras / Joias Diy,False
1669848076,20221130,11975332853,49,52%,74,138680,68,normal,129,3251,Kit De Acessórios Para Fazer Joias / Ferramenta / Alicate Para Pulseiras / Joias Diy,False
1669846853,20221130,11975332853,49,52%,74,138681,68,normal,129,3251,Kit De Acessórios Para Fazer Joias / Ferramenta / Alicate Para Pulseiras / Joias Diy,False
1669839747,20221130,11975332853,49,52%,74,138681,68,normal,129,3247,Kit De Acessórios Para Fazer Joias / Ferramenta / Alicate Para Pulseiras / Joias Diy,False
1669837111,20221130,11975332853,49,52%,74,138679,68,normal,129,3247,Kit De Acessórios Para Fazer Joias / Ferramenta / Alicate Para Pulseiras / Joias Diy,False
1669827284,20221130,11975332853,49,52%,74,138679,63,normal,129,3247,Kit De Acessórios Para Fazer Joias / Ferramenta / Alicate Para Pulseiras / Joias Diy,False
1669819225,20221130,11975332853,49,52%,74,138680,63,normal,129,3247,Kit De Acessórios Para Fazer Joias / Ferramenta / Alicate Para Pulseiras / Joias Diy,False
1669817971,20221130,11975332853,49,52%,74,138680,63,normal,129,3245,Kit De Acessórios Para Fazer Joias / Ferramenta / Alicate Para Pulseiras / Joias Diy,False
1669812164,20221130,11975332853,49,52%,74,138680,63,normal,128,3243,Kit De Acessórios Para Fazer Joias / Ferramenta / Alicate Para Pulseiras / Joias Diy,False
1669803803,20221130,11975332853,49,52%,74,138680,63,normal,128,3242,Kit De Acessórios Para Fazer Joias / Ferramenta / Alicate Para Pulseiras / Joias Diy,False
1669800050,20221130,11975332853,49,52%,74,138680,63,normal,128,3241,Kit De Acessórios Para Fazer Joias / Ferramenta / Alicate Para Pulseiras / Joias Diy,False
1669772904,20221130,11975332853,49,52%,74,140112,63,normal,127,3241,Kit De Acessórios Para Fazer Joias / Ferramenta / Alicate Para Pulseiras / Joias Diy,False
1669764147,20221129,11975332853,49,52%,74,140112,63,normal,127,3240,Kit De Acessórios Para Fazer Joias / Ferramenta / Alicate Para Pulseiras / Joias Diy,False
1669761629,20221129,11975332853,49,52%,74,140113,63,normal,127,3240,Kit De Acessórios Para Fazer Joias / Ferramenta / Alicate Para Pulseiras / Joias Diy,False
1669760365,20221129,11975332853,49,52%,74,140114,63,normal,127,3240,Kit De Acessórios Para Fazer Joias / Ferramenta / Alicate Para Pulseiras / Joias Diy,False
1669756712,20221129,11975332853,49,52%,74,140114,63,normal,127,3239,Kit De Acessórios Para Fazer Joias / Ferramenta / Alicate Para Pulseiras / Joias Diy,False
1669753305,20221129,11975332853,49,52%,74,140115,63,normal,127,3239,Kit De Acessórios Para Fazer Joias / Ferramenta / Alicate Para Pulseiras / Joias Diy,False
1669747451,20221129,11975332853,49,52%,74,140115,63,normal,127,3238,Kit De Acessórios Para Fazer Joias / Ferramenta / Alicate Para Pulseiras / Joias Diy,False
1669746282,20221129,11975332853,49,52%,74,140115,63,normal,126,3238,Kit De Acessórios Para Fazer Joias / Ferramenta / Alicate Para Pulseiras / Joias Diy,False
1669742294,20221129,11975332853,49,52%,74,140116,63,normal,126,3238,Kit De Acessórios Para Fazer Joias / Ferramenta / Alicate Para Pulseiras / Joias Diy,False
1669739427,20221129,11975332853,49,52%,74,140116,63,normal,126,3237,Kit De Acessórios Para Fazer Joias / Ferramenta / Alicate Para Pulseiras / Joias Diy,False
1669731575,20221129,11975332853,49,52%,74,140116,63,normal,126,3235,Kit De Acessórios Para Fazer Joias / Ferramenta / Alicate Para Pulseiras / Joias Diy,False
1669728698,20221129,11975332853,49,52%,74,140116,63,normal,126,3234,Kit De Acessórios Para Fazer Joias / Ferramenta / Alicate Para Pulseiras / Joias Diy,False
1669725621,20221129,11975332853,49,52%,74,140116,63,normal,126,3233,Kit De Acessórios Para Fazer Joias / Ferramenta / Alicate Para Pulseiras / Joias Diy,False
1669720666,20221129,11975332853,49,52%,74,140116,63,normal,126,3232,Kit De Acessórios Para Fazer Joias / Ferramenta / Alicate Para Pulseiras / Joias Diy,False
1669718563,20221129,11975332853,49,52%,74,140116,63,normal,126,3231,Kit De Acessórios Para Fazer Joias / Ferramenta / Alicate Para Pulseiras / Joias Diy,False
1669695985,20221129,11975332853,49,52%,74,140116,63,normal,126,3230,Kit De Acessórios Para Fazer Joias / Ferramenta / Alicate Para Pulseiras / Joias Diy,False
1669692668,20221129,11975332853,49,52%,74,140116,63,normal,126,3229,Kit De Acessórios Para Fazer Joias / Ferramenta / Alicate Para Pulseiras / Joias Diy,False
1669686426,20221129,11975332853,49,52%,74,140116,63,normal,126,3228,Kit De Acessórios Para Fazer Joias / Ferramenta / Alicate Para Pulseiras / Joias Diy,False
1669677737,20221128,11975332853,49,52%,74,140116,63,normal,126,3223,Kit De Acessórios Para Fazer Joias / Ferramenta / Alicate Para Pulseiras / Joias Diy,False
1669668020,20221128,11975332853,49,52%,74,140116,63,normal,126,3221,Kit De Acessórios Para Fazer Joias / Ferramenta / Alicate Para Pulseiras / Joias Diy,False
1669666859,20221128,11975332853,49,52%,74,140116,63,normal,126,3220,Kit De Acessórios Para Fazer Joias / Ferramenta / Alicate Para Pulseiras / Joias Diy,False
1669664329,20221128,11975332853,49,52%,74,140116,63,normal,126,3218,Kit De Acessórios Para Fazer Joias / Ferramenta / Alicate Para Pulseiras / Joias Diy,False
1669662996,20221128,11975332853,49,52%,74,140116,66,normal,126,3218,Kit De Acessórios Para Fazer Joias / Ferramenta / Alicate Para Pulseiras / Joias Diy,False
1669661148,20221128,11975332853,49,52%,74,140116,66,normal,126,3217,Kit De Acessórios Para Fazer Joias / Ferramenta / Alicate Para Pulseiras / Joias Diy,False
1669659995,20221128,11975332853,49,52%,74,140116,66,normal,126,3216,Kit De Acessórios Para Fazer Joias / Ferramenta / Alicate Para Pulseiras / Joias Diy,False
1669657216,20221128,11975332853,49,52%,74,140116,66,normal,126,3215,Kit De Acessórios Para Fazer Joias / Ferramenta / Alicate Para Pulseiras / Joias Diy,False
1669653861,20221128,11975332853,49,52%,74,140117,66,normal,126,3215,Kit De Acessórios Para Fazer Joias / Ferramenta / Alicate Para Pulseiras / Joias Diy,False
1669652697,20221128,11975332853,49,52%,74,140117,66,normal,126,3214,Kit De Acessórios Para Fazer Joias / Ferramenta / Alicate Para Pulseiras / Joias Diy,False
