data/master.csv
time,date,itemid,price,discount,price_before_discount,stock,sold,item_status,cmt_count,liked_count,item_name,is_latest
1669649894,20221128,11975332853,49,52%,74,140117,66,normal,126,3212,Kit De Acessórios Para Fazer Joias / Ferramenta / Alicate Para Pulseiras / Joias Diy,False
1669645153,20221128,11975332853,49,52%,74,140117,66,normal,126,3211,Kit De Acessórios Para Fazer Joias / Ferramenta / Alicate Para Pulseiras / Joias Diy,False
1669639220,20221128,11975332853,49,52%,74,140117,66,normal,126,3210,Kit De Acessórios Para Fazer Joias / Ferramenta / Alicate Para Pulseiras / Joias Diy,False
1669628423,20221128,11975332853,49,52%,74,140118,66,normal,126,3208,Kit De Acessórios Para Fazer Joias / Ferramenta / Alicate Para Pulseiras / Joias Diy,False
1669604394,20221128,11975332853,49,52%,74,140118,66,normal,126,3207,Kit De Acessórios Para Fazer Joias / Ferramenta / Alicate Para Pulseiras / Joias Diy,False
1669600055,20221128,11975332853,49,52%,74,140118,66,normal,126,3206,Kit De Acessórios Para Fazer Joias / Ferramenta / Alicate Para Pulseiras / Joias Diy,False
1669591310,20221127,11975332853,49,52%,74,140118,66,normal,126,3204,Kit De Acessórios Para Fazer Joias / Ferramenta / Alicate Para Pulseiras / Joias Diy,False
1669588799,20221127,11975332853,49,52%,74,140118,66,normal,126,3203,Kit De Acessórios Para Fazer Joias / Ferramenta / Alicate Para Pulseiras / Joias Diy,False
1669581570,20221127,11975332853,49,52%,74,140118,66,normal,126,3201,Kit De Acessórios Para Fazer Joias / Ferramenta / Alicate Para Pulseiras / Joias Diy,False
1669580449,20221127,11975332853,49,52%,74,140118,66,normal,126,3199,Kit De Acessórios Para Fazer Joias / Ferramenta / Alicate Para Pulseiras / Joias Diy,False
1669577899,20221127,11975332853,49,52%,74,140119,66,normal,126,3198,Kit De Acessórios Para Fazer Joias / Ferramenta / Alicate Para Pulseiras / Joias Diy,False
1669576572,20221127,11975332853,49,52%,74,140119,66,normal,126,3197,Kit De Acessórios Para Fazer Joias / Ferramenta / Alicate Para Pulseiras / Joias Diy,False
1669573468,20221127,11975332853,49,52%,74,140119,67,normal,126,3197,Kit De Acessórios Para Fazer Joias / Ferramenta / Alicate Para Pulseiras / Joias Diy,False
1669570720,20221127,11975332853,49,52%,74,140119,67,normal,126,3196,Kit De Acessórios Para Fazer Joias / Ferramenta / Alicate Para Pulseiras / Joias Diy,False
1669569473,20221127,11975332853,49,52%,74,140119,67,normal,126,3195,Kit De Acessórios Para Fazer Joias / Ferramenta / Alicate Para Pulseiras / Joias Diy,False
1669566491,20221127,11975332853,49,52%,74,140119,67,normal,126,3194,Kit De Acessórios Para Fazer Joias / Ferramenta / Alicate Para Pulseiras / Joias Diy,False
1669563605,20221127,11975332853,49,52%,74,140119,67,normal,126,3195,Kit De Acessórios Para Fazer Joias / Ferramenta / Alicate Para Pulseiras / Joias Diy,False
1669562405,20221127,11975332853,49,52%,74,140120,67,normal,126,3195,Kit De Acessórios Para Fazer Joias / Ferramenta / Alicate Para Pulseiras / Joias Diy,False
1669555553,20221127,11975332853,49,52%,74,140120,67,normal,126,3193,Kit De Acessórios Para Fazer Joias / Ferramenta / Alicate Para Pulseiras / Joias Diy,False
1669552615,20221127,11975332853,49,52%,74,140120,67,normal,126,3194,Kit De Acessórios Para Fazer Joias / Ferramenta / Alicate Para Pulseiras / Joias Diy,False
1669549094,20221127,11975332853,49,52%,74,140120,67,normal,126,3193,Kit De Acessórios Para Fazer Joias / Ferramenta / Alicate Para Pulseiras / Joias Diy,False
1669547821,20221127,11975332853,49,52%,74,140120,67,normal,126,3192,Kit De Acessórios Para Fazer Joias / Ferramenta / Alicate Para Pulseiras / Joias Diy,False
1669540746,20221127,11975332853,49,52%,74,140120,67,normal,126,3190,Kit De Acessórios Para Fazer Joias / Ferramenta / Alicate Para Pulseiras / Joias Diy,False
1669523128,20221127,11975332853,49,52%,74,140120,67,normal,126,3189,Kit De Acessórios Para Fazer Joias / Ferramenta / Alicate Para Pulseiras / Joias Diy,False
1669518591,20221127,11975332853,49,52%,74,140119,67,normal,126,3189,Kit De Acessórios Para Fazer Joias / Ferramenta / Alicate Para Pulseiras / Joias Diy,False
1669514086,20221127,11975332853,49,52%,74,140119,67,normal,126,3188,Kit De Acessórios Para Fazer Joias / Ferramenta / Alicate Para Pulseiras / Joias Diy,False
1669504825,20221126,11975332853,49,52%,74,140119,67,normal,126,3187,Kit De Acessórios Para Fazer Joias / Ferramenta / Alicate Para Pulseiras / Joias Diy,False
1669497473,20221126,11975332853,49,52%,74,140119,67,normal,126,3186,Kit De Acessórios Para Fazer Joias / Ferramenta / Alicate Para Pulseiras / Joias Diy,False
1669495167,20221126,11975332853,49,52%,74,140119,67,normal,126,3185,Kit De Acessórios Para Fazer Joias / Ferramenta / Alicate Para Pulseiras / Joias Diy,False
1669494050,20221126,11975332853,49,52%,74,140119,67,normal,126,3184,Kit De Acessórios Para Fazer Joias / Ferramenta / Alicate Para Pulseiras / Joias Diy,False
1669490147,20221126,11975332853,49,52%,74,140119,67,normal,126,3183,Kit De Acessórios Para Fazer Joias / Ferramenta / Alicate Para Pulseiras / Joias Diy,False
1669488179,20221126,11975332853,49,52%,74,140119,67,normal,126,3182,Kit De Acessórios Para Fazer Joias / Ferramenta / Alicate Para Pulseiras / Joias Diy,False
1669487068,20221126,11975332853,49,52%,74,140119,67,normal,126,3181,Kit De Acessórios Para Fazer Joias / Ferramenta / Alicate Para Pulseiras / Joias Diy,False
1669484297,20221126,11975332853,49,52%,74,140119,67,normal,126,3180,Kit De Acessórios Para Fazer Joias / Ferramenta / Alicate Para Pulseiras / Joias Diy,False
1669483065,20221126,11975332853,49,52%,74,140119,67,normal,126,3179,Kit De Acessórios Para Fazer Joias / Ferramenta / Alicate Para Pulseiras / Joias Diy,False
1669480078,20221126,11975332853,49,52%,74,140119,67,normal,125,3178,Kit De Acessórios Para Fazer Joias / Ferramenta / Alicate Para Pulseiras / Joias Diy,False
1669477190,20221126,11975332853,49,52%,74,140119,67,normal,125,3177,Kit De Acessórios Para Fazer Joias / Ferramenta / Alicate Para Pulseiras / Joias Diy,False
1669469126,20221126,11975332853,49,52%,74,140119,67,normal,125,3175,Kit De Acessórios Para Fazer Joias / Ferramenta / Alicate Para Pulseiras / Joias Diy,False
1669436725,20221126,11975332853,49,52%,74,140119,67,normal,125,3174,Kit De Acessórios Para Fazer Joias / Ferramenta / Alicate Para Pulseiras / Joias Diy,False
1669434257,20221126,11975332853,49,52%,74,140120,67,normal,125,3174,Kit De Acessórios Para Fazer Joias / Ferramenta / Alicate Para Pulseiras / Joias Diy,False
1669433244,20221126,11975332853,49,52%,74,140120,67,normal,125,3173,Kit De Acessórios Para Fazer Joias / Ferramenta / Alicate Para Pulseiras / Joias Diy,False
1669431171,20221126,11975332853,44,59%,74,50976,67,normal,125,3172,Kit De Acessórios Para Fazer Joias / Ferramenta / Alicate Para Pulseiras / Joias Diy,False
1669427080,20221126,11975332853,44,59%,74,50976,67,normal,125,3171,Kit De Acessórios Para Fazer Joias / Ferramenta / Alicate Para Pulseiras / Joias Diy,False
1669418453,20221125,11975332853,44,59%,74,50976,67,normal,124,3167,Kit De Acessórios Para Fazer Joias / Ferramenta / Alicate Para Pulseiras / Joias Diy,False
1669416013,20221125,11975332853,44,59%,74,50976,67,normal,124,3166,Kit De Acessórios Para Fazer Joias / Ferramenta / Alicate Para Pulseiras / Joias Diy,False
1669414786,20221125,11975332853,44,59%,74,50976,67,normal,124,3164,Kit De Acessórios Para Fazer Joias / Ferramenta / Alicate Para Pulseiras / Joias Diy,False
1669411111,20221125,11975332853,44,59%,74,50976,67,normal,124,3163,Kit De Acessórios Para Fazer Joias / Ferramenta / Alicate Para Pulseiras / Joias Diy,False
1669405090,20221125,11975332853,44,59%,74,50976,67,normal,124,3161,Kit De Acessórios Para Fazer Joias / Ferramenta / Alicate Para Pulseiras / Joias Diy,False
1669403774,20221125,11975332853,44,59%,74,50975,69,normal,124,3160,Kit De Acessórios Para Fazer Joias / Ferramenta / Alicate Para Pulseiras / Joias Diy,False
1669397952,20221125,11975332853,44,59%,74,50975,69,normal,124,3159,Kit De Acessórios Para Fazer Joias / Ferramenta / Alicate Para Pulseiras / Joias Diy,False
1669395166,20221125,11975332853,44,59%,74,50975,69,normal,124,3158,Kit De Acessórios Para Fazer Joias / Ferramenta / Alicate Para Pulseiras / Joias Diy,False
1669389690,20221125,11975332853,44,59%,74,50975,69,normal,124,3157,Kit De Acessórios Para Fazer Joias / Ferramenta / Alicate Para Pulseiras / Joias Diy,False
1669383850,20221125,11975332853,44,59%,74,50975,69,normal,124,3155,Kit De Acessórios Para Fazer Joias / Ferramenta / Alicate Para Pulseiras / Joias Diy,False
1669382979,20221125,11975332853,44,59%,74,50975,69,normal,124,3154,Kit De Acessórios Para Fazer Joias / Ferramenta / Alicate Para Pulseiras / Joias Diy,False
1669380029,20221125,11975332853,44,59%,74,50975,69,normal,124,3153,Kit De Acessórios Para Fazer Joias / Ferramenta / Alicate Para Pulseiras / Joias Diy,False
1669375074,20221125,11975332853,44,59%,74,50975,69,normal,124,3152,Kit De Acessórios Para Fazer Joias / Ferramenta / Alicate Para Pulseiras / Joias Diy,False
1669371782,20221125,11975332853,44,59%,74,50975,69,normal,124,3151,Kit De Acessórios Para Fazer Joias / Ferramenta / Alicate Para Pulseiras / Joias Diy,False
1669369195,20221125,11975332853,44,59%,74,50975,69,normal,124,3150,Kit De Acessórios Para Fazer Joias / Ferramenta / Alicate Para Pulseiras / Joias Diy,False
1669357612,20221125,11975332853,44,59%,74,50975,69,normal,124,3149,Kit De Acessórios Para Fazer Joias / Ferramenta / Alicate Para Pulseiras / Joias Diy,False
1669351621,20221125,11975332853,44,59%,74,50975,69,normal,124,3148,Kit De Acessórios Para Fazer Joias / Ferramenta / Alicate Para Pulseiras / Joias Diy,False
1669350518,20221125,11975332853,44,59%,74,50975,69,normal,124,3147,Kit De Acessórios Para Fazer Joias / Ferramenta / Alicate Para Pulseiras / Joias Diy,False
1669009148,20221121,11975332853,49,52%,74,140121,69,normal,122,3071,Kit De Acessórios Para Fazer Joias / Ferramenta / Alicate Para Pulseiras / Joias Diy,False
1669003278,20221121,11975332853,49,52%,74,140121,69,normal,122,3070,Kit De Acessórios Para Fazer Joias / Ferramenta / Alicate Para Pulseiras / Joias Diy,False
1669000630,20221121,11975332853,49,52%,74,140122,69,normal,122,3070,Kit De Acessórios Para Fazer Joias / Ferramenta / Alicate Para Pulseiras / Joias Diy,False
1668994904,20221121,11975332853,49,54%,74,61016,69,normal,122,3070,Kit De Acessórios Para Fazer Joias / Ferramenta / Alicate Para Pulseiras / Joias Diy,False
1668986339,20221120,11975332853,49,54%,74,61015,69,normal,122,3067,Kit De Acessórios Para Fazer Joias / Ferramenta / Alicate Para Pulseiras / Joias Diy,False
1668982595,20221120,11975332853,49,54%,74,61015,69,normal,122,3066,Kit De Acessórios Para Fazer Joias / Ferramenta / Alicate Para Pulseiras / Joias Diy,False
1668980255,20221120,11975332853,49,54%,74,61015,69,normal,122,3065,Kit De Acessórios Para Fazer Joias / Ferramenta / Alicate Para Pulseiras / Joias Diy,False
1668976771,20221120,11975332853,49,54%,74,61015,69,normal,121,3064,Kit De Acessórios Para Fazer Joias / Ferramenta / Alicate Para Pulseiras / Joias Diy,False
1668975491,20221120,11975332853,49,54%,74,61015,69,normal,121,3063,Kit De Acessórios Para Fazer Joias / Ferramenta / Alicate Para Pulseiras / Joias Diy,False
1668973045,20221120,11975332853,49,54%,74,61015,69,normal,121,3062,Kit De Acessórios Para Fazer Joias / Ferramenta / Alicate Para Pulseiras / Joias Diy,False
1668971632,20221120,11975332853,49,54%,74,61015,70,normal,121,3062,Kit De Acessórios Para Fazer Joias / Ferramenta / Alicate Para Pulseiras / Joias Diy,False
1668969785,20221120,11975332853,49,54%,74,61015,70,normal,121,3061,Kit De Acessórios Para Fazer Joias / Ferramenta / Alicate Para Pulseiras / Joias Diy,False
1668968456,20221120,11975332853,49,54%,74,61015,70,normal,121,3060,Kit De Acessórios Para Fazer Joias / Ferramenta / Alicate Para Pulseiras / Joias Diy,False
1668965917,20221120,11975332853,49,54%,74,61015,70,normal,121,3059,Kit De Acessórios Para Fazer Joias / Ferramenta / Alicate Para Pulseiras / Joias Diy,False
1668964523,20221120,11975332853,49,54%,74,61014,70,normal,121,3058,Kit De Acessórios Para Fazer Joias / Ferramenta / Alicate Para Pulseiras / Joias Diy,False
1668962730,20221120,11975332853,49,54%,74,61014,70,normal,121,3057,Kit De Acessórios Para Fazer Joias / Ferramenta / Alicate Para Pulseiras / Joias Diy,False
1672018578,20221226,13992870026,42,53%,90,26488,2,normal,29,806,Organizador De Joias Armazenamento Couro Portátil brinco Multifuncional Porta Joias De Com Caixa,True
1671932406,20221225,13992870026,42,53%,90,26488,2,normal,29,806,Organizador De Joias Armazenamento Couro Portátil brinco Multifuncional Porta Joias De Com Caixa,False
1671845080,20221224,13992870026,42,53%,90,26488,2,normal,29,806,Organizador De Joias Armazenamento Couro Portátil brinco Multifuncional Porta Joias De Com Caixa,False
1671759364,20221223,13992870026,42,53%,90,26488,2,normal,29,806,Organizador De Joias Armazenamento Couro Portátil brinco Multifuncional Porta Joias De Com Caixa,False
1671672941,20221222,13992870026,42,53%,90,26488,2,normal,29,806,Organizador De Joias Armazenamento Couro Portátil brinco Multifuncional Porta Joias De Com Caixa,False
1671586404,20221221,13992870026,42,53%,90,26488,2,normal,29,806,Organizador De Joias Armazenamento Couro Portátil brinco Multifuncional Porta Joias De Com Caixa,False
1671575896,20221220,13992870026,42,53%,90,26488,2,normal,29,806,Organizador De Joias Armazenamento Couro Portátil brinco Multifuncional Porta Joias De Com Caixa,False
1671500221,20221220,13992870026,42,53%,90,26488,2,normal,29,805,Organizador De Joias Armazenamento Couro Portátil brinco Multifuncional Porta Joias De Com Caixa,False
1671413633,20221219,13992870026,42,53%,90,26488,2,normal,29,805,Organizador De Joias Armazenamento Couro Portátil brinco Multifuncional Porta Joias De Com Caixa,False
1671327362,20221218,13992870026,42,53%,90,26488,2,normal,29,805,Organizador De Joias Armazenamento Couro Portátil brinco Multifuncional Porta Joias De Com Caixa,False
1671240871,20221217,13992870026,42,53%,90,26488,2,normal,29,805,Organizador De Joias Armazenamento Couro Portátil brinco Multifuncional Porta Joias De Com Caixa,False
1671154457,20221216,13992870026,42,53%,90,26488,2,normal,29,805,Organizador De Joias Armazenamento Couro Portátil brinco Multifuncional Porta Joias De Com Caixa,False
1671128529,20221215,13992870026,42,53%,90,26488,2,normal,29,805,Organizador De Joias Armazenamento Couro Portátil brinco Multifuncional Porta Joias De Com Caixa,False
1671068710,20221215,13992870026,42,53%,90,26488,2,normal,29,806,Organizador De Joias Armazenamento Couro Portátil brinco Multifuncional Porta Joias De Com Caixa,False
1671035306,20221214,13992870026,42,53%,90,26488,2,normal,29,806,Organizador De Joias Armazenamento Couro Portátil brinco Multifuncional Porta Joias De Com Caixa,False
1670982167,20221214,13992870026,42,53%,90,26488,2,normal,29,807,Organizador De Joias Armazenamento Couro Portátil brinco Multifuncional Porta Joias De Com Caixa,False
1670895997,20221213,13992870026,42,53%,90,26488,2,normal,29,807,Organizador De Joias Armazenamento Couro Portátil brinco Multifuncional Porta Joias De Com Caixa,False
1670833578,20221212,13992870026,42,53%,90,26488,2,normal,29,807,Organizador De Joias Armazenamento Couro Portátil brinco Multifuncional Porta Joias De Com Caixa,False
1670809442,20221212,13992870026,42,53%,90,22288,2,normal,29,807,Organizador De Joias Armazenamento Couro Portátil brinco Multifuncional Porta Joias De Com Caixa,False
1670723287,20221211,13992870026,42,53%,90,22288,2,normal,29,807,Organizador De Joias Armazenamento Couro Portátil brinco Multifuncional Porta Joias De Com Caixa,False
1670636234,20221210,13992870026,42,53%,90,22288,2,normal,29,807,Organizador De Joias Armazenamento Couro Portátil brinco Multifuncional Porta Joias De Com Caixa,False
1670550237,20221209,13992870026,42,53%,90,22288,2,normal,29,806,Organizador De Joias Armazenamento Couro Portátil brinco Multifuncional Porta Joias De Com Caixa,False
1670530802,20221208,13992870026,42,53%,90,22288,2,normal,29,806,Organizador De Joias Armazenamento Couro Portátil brinco Multifuncional Porta Joias De Com Caixa,False
1670467670,20221208,13992870026,42,53%,90,22288,3,normal,29,806,Organizador De Joias Armazenamento Couro Portátil brinco Multifuncional Porta Joias De Com Caixa,False
1670463627,20221208,13992870026,42,53%,90,18088,3,normal,29,806,Organizador De Joias Armazenamento Couro Portátil brinco Multifuncional Porta Joias De Com Caixa,False
1670401530,20221207,13992870026,42,53%,90,18088,3,normal,29,806,Organizador De Joias Armazenamento Couro Portátil brinco Multifuncional Porta Joias De Com Caixa,False
1670377484,20221207,13992870026,42,53%,90,18263,3,normal,29,806,Organizador De Joias Armazenamento Couro Portátil brinco Multifuncional Porta Joias De Com Caixa,False
1670348300,20221206,13992870026,42,53%,90,18263,3,normal,29,806,Organizador De Joias Armazenamento Couro Portátil brinco Multifuncional Porta Joias De Com Caixa,False
1670290758,20221206,13992870026,42,53%,90,18263,3,normal,29,805,Organizador De Joias Armazenamento Couro Portátil brinco Multifuncional Porta Joias De Com Caixa,False
1670246794,20221205,13992870026,42,53%,90,18263,3,normal,29,805,Organizador De Joias Armazenamento Couro Portátil brinco Multifuncional Porta Joias De Com Caixa,False
1670204469,20221205,13992870026,42,53%,90,18263,3,normal,28,805,Organizador De Joias Armazenamento Couro Portátil brinco Multifuncional Porta Joias De Com Caixa,False
1670118123,20221204,13992870026,42,53%,90,18263,3,normal,28,805,Organizador De Joias Armazenamento Couro Portátil brinco Multifuncional Porta Joias De Com Caixa,False
1670031349,20221203,13992870026,42,53%,90,18263,3,normal,28,805,Organizador De Joias Armazenamento Couro Portátil brinco Multifuncional Porta Joias De Com Caixa,False
