data/master.csv
time,date,itemid,price,discount,price_before_discount,stock,sold,item_status,cmt_count,liked_count,item_name,is_latest
1669945211,20221202,13992870026,42,53%,90,18263,3,normal,28,805,Organizador De Joias Armazenamento Couro Portátil brinco Multifuncional Porta Joias De Com Caixa,False
1669860042,20221201,13992870026,42,53%,90,18263,3,normal,28,805,Organizador De Joias Armazenamento Couro Portátil brinco Multifuncional Porta Joias De Com Caixa,False
1669837101,20221130,13992870026,42,53%,90,18263,3,normal,28,805,Organizador De Joias Armazenamento Couro Portátil brinco Multifuncional Porta Joias De Com Caixa,False
1669772897,20221130,13992870026,42,53%,90,18263,2,normal,28,805,Organizador De Joias Armazenamento Couro Portátil brinco Multifuncional Porta Joias De Com Caixa,False
1669750695,20221129,13992870026,42,53%,90,18263,2,normal,28,805,Organizador De Joias Armazenamento Couro Portátil brinco Multifuncional Porta Joias De Com Caixa,False
1669686417,20221129,13992870026,42,53%,90,18263,1,normal,28,805,Organizador De Joias Armazenamento Couro Portátil brinco Multifuncional Porta Joias De Com Caixa,False
1669600045,20221128,13992870026,42,53%,90,18263,1,normal,28,805,Organizador De Joias Armazenamento Couro Portátil brinco Multifuncional Porta Joias De Com Caixa,False
1669514076,20221127,13992870026,42,53%,90,18263,1,normal,28,806,Organizador De Joias Armazenamento Couro Portátil brinco Multifuncional Porta Joias De Com Caixa,False
1669427071,20221126,13992870026,42,53%,90,18263,1,normal,28,806,Organizador De Joias Armazenamento Couro Portátil brinco Multifuncional Porta Joias De Com Caixa,False
1669380018,20221125,13992870026,42,53%,90,18263,1,normal,28,806,Organizador De Joias Armazenamento Couro Portátil brinco Multifuncional Porta Joias De Com Caixa,False
1669368009,20221125,13992870026,42,53%,90,18263,1,normal,28,805,Organizador De Joias Armazenamento Couro Portátil brinco Multifuncional Porta Joias De Com Caixa,False
1669350509,20221125,13992870026,42,53%,90,18613,1,normal,28,805,Organizador De Joias Armazenamento Couro Portátil brinco Multifuncional Porta Joias De Com Caixa,False
1669015025,20221121,13992870026,42,53%,90,18613,1,normal,28,805,Organizador De Joias Armazenamento Couro Portátil brinco Multifuncional Porta Joias De Com Caixa,False
1669013246,20221121,13992870026,42,53%,90,16863,1,normal,28,805,Organizador De Joias Armazenamento Couro Portátil brinco Multifuncional Porta Joias De Com Caixa,False
1669011877,20221121,13992870026,42,53%,90,15113,1,normal,28,805,Organizador De Joias Armazenamento Couro Portátil brinco Multifuncional Porta Joias De Com Caixa,False
1668994894,20221121,13992870026,42,53%,90,13713,1,normal,28,805,Organizador De Joias Armazenamento Couro Portátil brinco Multifuncional Porta Joias De Com Caixa,False
1668908690,20221120,13992870026,42,53%,90,13713,1,normal,28,805,Organizador De Joias Armazenamento Couro Portátil brinco Multifuncional Porta Joias De Com Caixa,False
1668822000,20221119,13992870026,42,53%,90,13713,1,normal,28,805,Organizador De Joias Armazenamento Couro Portátil brinco Multifuncional Porta Joias De Com Caixa,False
1668735875,20221118,13992870026,42,53%,90,13713,1,normal,28,806,Organizador De Joias Armazenamento Couro Portátil brinco Multifuncional Porta Joias De Com Caixa,False
1668713827,20221117,13992870026,42,53%,90,13713,1,normal,28,806,Organizador De Joias Armazenamento Couro Portátil brinco Multifuncional Porta Joias De Com Caixa,False
1668692118,20221117,13992870026,42,53%,90,13713,1,normal,28,807,Organizador De Joias Armazenamento Couro Portátil brinco Multifuncional Porta Joias De Com Caixa,False
1668649242,20221117,13992870026,42,53%,90,13714,1,normal,28,807,Organizador De Joias Armazenamento Couro Portátil brinco Multifuncional Porta Joias De Com Caixa,False
1668562906,20221116,13992870026,42,53%,90,13714,1,normal,28,807,Organizador De Joias Armazenamento Couro Portátil brinco Multifuncional Porta Joias De Com Caixa,False
1668494733,20221115,13992870026,42,53%,90,13714,1,normal,28,807,Organizador De Joias Armazenamento Couro Portátil brinco Multifuncional Porta Joias De Com Caixa,False
1668476425,20221115,13992870026,42,53%,90,13014,1,normal,28,807,Organizador De Joias Armazenamento Couro Portátil brinco Multifuncional Porta Joias De Com Caixa,False
1668445445,20221114,13992870026,42,53%,90,13014,1,normal,28,807,Organizador De Joias Armazenamento Couro Portátil brinco Multifuncional Porta Joias De Com Caixa,False
1668390178,20221114,13992870026,42,53%,90,13014,1,normal,28,808,Organizador De Joias Armazenamento Couro Portátil brinco Multifuncional Porta Joias De Com Caixa,False
1668303747,20221113,13992870026,42,53%,90,13014,1,normal,28,808,Organizador De Joias Armazenamento Couro Portátil brinco Multifuncional Porta Joias De Com Caixa,False
1668223422,20221112,13992870026,42,53%,90,13014,1,normal,28,808,Organizador De Joias Armazenamento Couro Portátil brinco Multifuncional Porta Joias De Com Caixa,False
1668217419,20221112,13992870026,42,53%,90,13014,1,normal,28,809,Organizador De Joias Armazenamento Couro Portátil brinco Multifuncional Porta Joias De Com Caixa,False
1668192535,20221111,13992870026,42,53%,90,13189,1,normal,28,809,Organizador De Joias Armazenamento Couro Portátil brinco Multifuncional Porta Joias De Com Caixa,False
1668174157,20221111,13992870026,42,53%,90,13189,1,normal,28,808,Organizador De Joias Armazenamento Couro Portátil brinco Multifuncional Porta Joias De Com Caixa,False
1668131250,20221111,13992870026,42,53%,90,13190,1,normal,28,808,Organizador De Joias Armazenamento Couro Portátil brinco Multifuncional Porta Joias De Com Caixa,False
1668044853,20221110,13992870026,42,53%,90,13190,1,normal,28,808,Organizador De Joias Armazenamento Couro Portátil brinco Multifuncional Porta Joias De Com Caixa,False
1667975420,20221109,13992870026,42,53%,90,13190,1,normal,28,808,Organizador De Joias Armazenamento Couro Portátil brinco Multifuncional Porta Joias De Com Caixa,False
1667958877,20221109,13992870026,42,53%,90,13540,1,normal,28,808,Organizador De Joias Armazenamento Couro Portátil brinco Multifuncional Porta Joias De Com Caixa,False
1667936678,20221108,13992870026,42,53%,90,13540,1,normal,28,808,Organizador De Joias Armazenamento Couro Portátil brinco Multifuncional Porta Joias De Com Caixa,False
1667925052,20221108,13992870026,42,53%,90,13540,0,normal,28,808,Organizador De Joias Armazenamento Couro Portátil brinco Multifuncional Porta Joias De Com Caixa,False
1667915007,20221108,13992870026,42,53%,90,13541,0,normal,28,808,Organizador De Joias Armazenamento Couro Portátil brinco Multifuncional Porta Joias De Com Caixa,False
1667890225,20221108,13992870026,42,53%,90,13541,0,normal,28,807,Organizador De Joias Armazenamento Couro Portátil brinco Multifuncional Porta Joias De Com Caixa,False
1667871853,20221108,13992870026,42,53%,90,11441,0,normal,28,807,Organizador De Joias Armazenamento Couro Portátil brinco Multifuncional Porta Joias De Com Caixa,False
1667811077,20221107,13992870026,42,53%,90,11441,0,normal,28,807,Organizador De Joias Armazenamento Couro Portátil brinco Multifuncional Porta Joias De Com Caixa,False
1667809616,20221107,13992870026,42,53%,90,9341,0,normal,28,807,Organizador De Joias Armazenamento Couro Portátil brinco Multifuncional Porta Joias De Com Caixa,False
1667785478,20221107,13992870026,42,53%,90,8641,0,normal,28,807,Organizador De Joias Armazenamento Couro Portátil brinco Multifuncional Porta Joias De Com Caixa,False
1667765977,20221106,13992870026,42,53%,90,8641,0,normal,28,807,Organizador De Joias Armazenamento Couro Portátil brinco Multifuncional Porta Joias De Com Caixa,False
1667751929,20221106,13992870026,42,53%,90,8641,0,normal,28,808,Organizador De Joias Armazenamento Couro Portátil brinco Multifuncional Porta Joias De Com Caixa,False
1667699359,20221106,13992870026,42,53%,90,8641,0,normal,28,807,Organizador De Joias Armazenamento Couro Portátil brinco Multifuncional Porta Joias De Com Caixa,False
1667673873,20221105,13992870026,42,53%,90,8641,0,normal,28,807,Organizador De Joias Armazenamento Couro Portátil brinco Multifuncional Porta Joias De Com Caixa,False
1667612817,20221105,13992870026,42,53%,90,8640,0,normal,28,807,Organizador De Joias Armazenamento Couro Portátil brinco Multifuncional Porta Joias De Com Caixa,False
1667593286,20221104,13992870026,42,53%,90,8640,0,normal,28,807,Organizador De Joias Armazenamento Couro Portátil brinco Multifuncional Porta Joias De Com Caixa,False
1667587630,20221104,13992870026,42,53%,90,8640,2,normal,28,807,Organizador De Joias Armazenamento Couro Portátil brinco Multifuncional Porta Joias De Com Caixa,False
1667526885,20221104,13992870026,42,53%,90,8641,2,normal,28,807,Organizador De Joias Armazenamento Couro Portátil brinco Multifuncional Porta Joias De Com Caixa,False
1667440147,20221103,13992870026,42,53%,90,8641,2,normal,28,806,Organizador De Joias Armazenamento Couro Portátil brinco Multifuncional Porta Joias De Com Caixa,False
1667432695,20221102,13992870026,42,53%,90,8641,2,normal,28,806,Organizador De Joias Armazenamento Couro Portátil brinco Multifuncional Porta Joias De Com Caixa,False
1667354515,20221102,13992870026,42,53%,90,8641,2,normal,28,807,Organizador De Joias Armazenamento Couro Portátil brinco Multifuncional Porta Joias De Com Caixa,False
1667268784,20221101,13992870026,42,53%,90,8641,2,normal,28,807,Organizador De Joias Armazenamento Couro Portátil brinco Multifuncional Porta Joias De Com Caixa,False
1667181995,20221031,13992870026,42,53%,90,8641,2,normal,28,807,Organizador De Joias Armazenamento Couro Portátil brinco Multifuncional Porta Joias De Com Caixa,False
1667095475,20221030,13992870026,42,53%,90,8641,2,normal,28,807,Organizador De Joias Armazenamento Couro Portátil brinco Multifuncional Porta Joias De Com Caixa,False
1667046917,20221029,13992870026,42,53%,90,8641,2,normal,28,807,Organizador De Joias Armazenamento Couro Portátil brinco Multifuncional Porta Joias De Com Caixa,False
1667007956,20221029,13992870026,42,53%,90,8641,2,normal,28,808,Organizador De Joias Armazenamento Couro Portátil brinco Multifuncional Porta Joias De Com Caixa,False
1666988511,20221028,13992870026,42,53%,90,8641,2,normal,28,808,Organizador De Joias Armazenamento Couro Portátil brinco Multifuncional Porta Joias De Com Caixa,False
1666922465,20221028,13992870026,42,53%,90,8641,3,normal,28,808,Organizador De Joias Armazenamento Couro Portátil brinco Multifuncional Porta Joias De Com Caixa,False
1666892804,20221027,13992870026,42,53%,90,8641,3,normal,28,808,Organizador De Joias Armazenamento Couro Portátil brinco Multifuncional Porta Joias De Com Caixa,False
1666890268,20221027,13992870026,42,53%,90,8640,3,normal,28,808,Organizador De Joias Armazenamento Couro Portátil brinco Multifuncional Porta Joias De Com Caixa,False
1666835586,20221027,13992870026,42,53%,90,8641,3,normal,28,808,Organizador De Joias Armazenamento Couro Portátil brinco Multifuncional Porta Joias De Com Caixa,False
1666815688,20221026,13992870026,42,53%,90,8641,3,normal,28,808,Organizador De Joias Armazenamento Couro Portátil brinco Multifuncional Porta Joias De Com Caixa,False
1666749331,20221026,13992870026,42,53%,90,8641,5,normal,28,808,Organizador De Joias Armazenamento Couro Portátil brinco Multifuncional Porta Joias De Com Caixa,False
1666741573,20221025,13992870026,42,53%,90,8641,5,normal,28,809,Organizador De Joias Armazenamento Couro Portátil brinco Multifuncional Porta Joias De Com Caixa,False
1666726798,20221025,13992870026,42,53%,90,8641,5,normal,28,810,Organizador De Joias Armazenamento Couro Portátil brinco Multifuncional Porta Joias De Com Caixa,False
1666664365,20221025,13992870026,42,53%,90,8641,6,normal,28,810,Organizador De Joias Armazenamento Couro Portátil brinco Multifuncional Porta Joias De Com Caixa,False
1666578319,20221024,13992870026,42,53%,90,8641,6,normal,28,810,Organizador De Joias Armazenamento Couro Portátil brinco Multifuncional Porta Joias De Com Caixa,False
1666556623,20221023,13992870026,42,53%,90,8641,6,normal,28,811,Organizador De Joias Armazenamento Couro Portátil brinco Multifuncional Porta Joias De Com Caixa,False
1666538539,20221023,13992870026,42,53%,90,8641,7,normal,28,811,Organizador De Joias Armazenamento Couro Portátil brinco Multifuncional Porta Joias De Com Caixa,False
1666532589,20221023,13992870026,42,53%,90,8641,7,normal,28,810,Organizador De Joias Armazenamento Couro Portátil brinco Multifuncional Porta Joias De Com Caixa,False
1666490817,20221023,13992870026,42,53%,90,8641,7,normal,28,809,Organizador De Joias Armazenamento Couro Portátil brinco Multifuncional Porta Joias De Com Caixa,False
1666404009,20221022,13992870026,42,53%,90,8641,7,normal,28,809,Organizador De Joias Armazenamento Couro Portátil brinco Multifuncional Porta Joias De Com Caixa,False
1666373612,20221021,13992870026,42,53%,90,8641,7,normal,28,809,Organizador De Joias Armazenamento Couro Portátil brinco Multifuncional Porta Joias De Com Caixa,False
1666360706,20221021,13992870026,42,53%,90,8641,7,normal,28,810,Organizador De Joias Armazenamento Couro Portátil brinco Multifuncional Porta Joias De Com Caixa,False
1666317059,20221021,13992870026,42,53%,90,8641,7,normal,28,809,Organizador De Joias Armazenamento Couro Portátil brinco Multifuncional Porta Joias De Com Caixa,False
1666295300,20221020,13992870026,42,53%,90,8641,7,normal,28,809,Organizador De Joias Armazenamento Couro Portátil brinco Multifuncional Porta Joias De Com Caixa,False
1666231668,20221020,13992870026,42,53%,90,8641,9,normal,28,809,Organizador De Joias Armazenamento Couro Portátil brinco Multifuncional Porta Joias De Com Caixa,False
1666204656,20221019,13992870026,42,53%,90,8641,9,normal,28,809,Organizador De Joias Armazenamento Couro Portátil brinco Multifuncional Porta Joias De Com Caixa,False
1666145249,20221019,13992870026,42,53%,90,8641,9,normal,28,808,Organizador De Joias Armazenamento Couro Portátil brinco Multifuncional Porta Joias De Com Caixa,False
1666135640,20221018,13992870026,42,53%,90,8641,9,normal,28,808,Organizador De Joias Armazenamento Couro Portátil brinco Multifuncional Porta Joias De Com Caixa,False
1666059072,20221018,13992870026,42,53%,90,8641,9,normal,28,807,Organizador De Joias Armazenamento Couro Portátil brinco Multifuncional Porta Joias De Com Caixa,False
1666038274,20221017,13992870026,42,53%,90,8641,9,normal,28,806,Organizador De Joias Armazenamento Couro Portátil brinco Multifuncional Porta Joias De Com Caixa,False
1665973541,20221017,13992870026,42,53%,90,8641,14,normal,28,806,Organizador De Joias Armazenamento Couro Portátil brinco Multifuncional Porta Joias De Com Caixa,False
1665951822,20221016,13992870026,42,53%,90,8641,14,normal,28,806,Organizador De Joias Armazenamento Couro Portátil brinco Multifuncional Porta Joias De Com Caixa,False
1665931521,20221016,13992870026,42,53%,90,8641,15,normal,28,806,Organizador De Joias Armazenamento Couro Portátil brinco Multifuncional Porta Joias De Com Caixa,False
1665886961,20221016,13992870026,42,53%,90,8641,15,normal,28,805,Organizador De Joias Armazenamento Couro Portátil brinco Multifuncional Porta Joias De Com Caixa,False
1665862848,20221015,13992870026,42,53%,90,8641,15,normal,28,805,Organizador De Joias Armazenamento Couro Portátil brinco Multifuncional Porta Joias De Com Caixa,False
1665799885,20221015,13992870026,42,53%,90,8641,17,normal,28,805,Organizador De Joias Armazenamento Couro Portátil brinco Multifuncional Porta Joias De Com Caixa,False
1665727712,20221014,13992870026,42,53%,90,8641,17,normal,28,805,Organizador De Joias Armazenamento Couro Portátil brinco Multifuncional Porta Joias De Com Caixa,False
1665714186,20221014,13992870026,42,53%,90,8642,17,normal,28,805,Organizador De Joias Armazenamento Couro Portátil brinco Multifuncional Porta Joias De Com Caixa,False
1665692691,20221013,13992870026,42,53%,90,8642,17,normal,28,805,Organizador De Joias Armazenamento Couro Portátil brinco Multifuncional Porta Joias De Com Caixa,False
1665649760,20221013,13992870026,42,53%,90,8642,19,normal,28,805,Organizador De Joias Armazenamento Couro Portátil brinco Multifuncional Porta Joias De Com Caixa,False
1665626805,20221013,13992870026,42,53%,90,8992,19,normal,28,805,Organizador De Joias Armazenamento Couro Portátil brinco Multifuncional Porta Joias De Com Caixa,False
1665548108,20221012,13992870026,42,53%,90,8992,19,normal,28,805,Organizador De Joias Armazenamento Couro Portátil brinco Multifuncional Porta Joias De Com Caixa,False
1665541235,20221012,13992870026,42,53%,90,8992,19,normal,28,804,Organizador De Joias Armazenamento Couro Portátil brinco Multifuncional Porta Joias De Com Caixa,False
1665528592,20221011,13992870026,42,53%,90,8992,19,normal,28,804,Organizador De Joias Armazenamento Couro Portátil brinco Multifuncional Porta Joias De Com Caixa,False
1665477092,20221011,13992870026,42,53%,90,8991,19,normal,28,804,Organizador De Joias Armazenamento Couro Portátil brinco Multifuncional Porta Joias De Com Caixa,False
1665453761,20221011,13992870026,43,53%,90,8991,19,normal,28,804,Organizador De Joias Armazenamento Couro Portátil brinco Multifuncional Porta Joias De Com Caixa,False
1665442124,20221010,13992870026,43,53%,90,8991,19,normal,28,804,Organizador De Joias Armazenamento Couro Portátil brinco Multifuncional Porta Joias De Com Caixa,False
1665433457,20221010,13992870026,43,53%,90,8992,19,normal,28,804,Organizador De Joias Armazenamento Couro Portátil brinco Multifuncional Porta Joias De Com Caixa,False
1665430037,20221010,13992870026,43,53%,90,8992,20,normal,28,804,Organizador De Joias Armazenamento Couro Portátil brinco Multifuncional Porta Joias De Com Caixa,False
1665419628,20221010,13992870026,43,53%,90,8992,20,normal,28,802,Organizador De Joias Armazenamento Couro Portátil brinco Multifuncional Porta Joias De Com Caixa,False
1665367663,20221010,13992870026,43,53%,90,8992,20,normal,28,803,Organizador De Joias Armazenamento Couro Portátil brinco Multifuncional Porta Joias De Com Caixa,False
