data/master.csv
time,date,itemid,price,discount,price_before_discount,stock,sold,item_status,cmt_count,liked_count,item_name,is_latest
1661701377,20220828,13992870026,43,53%,90,7460,26,normal,18,665,Organizador De Joias Armazenamento Couro Portátil brinco Multifuncional Porta Joias De Com Caixa,False
1661696188,20220828,13992870026,43,53%,90,7460,26,normal,18,664,Organizador De Joias Armazenamento Couro Portátil brinco Multifuncional Porta Joias De Com Caixa,False
1661689931,20220828,13992870026,43,53%,90,7460,26,normal,18,663,Organizador De Joias Armazenamento Couro Portátil brinco Multifuncional Porta Joias De Com Caixa,False
1661685297,20220828,13992870026,43,53%,90,7460,26,normal,18,662,Organizador De Joias Armazenamento Couro Portátil brinco Multifuncional Porta Joias De Com Caixa,False
1661652677,20220828,13992870026,43,53%,90,7460,26,normal,18,660,Organizador De Joias Armazenamento Couro Portátil brinco Multifuncional Porta Joias De Com Caixa,False
1661638637,20220827,13992870026,43,53%,90,7460,26,normal,18,660,Organizador De Joias Armazenamento Couro Portátil brinco Multifuncional Porta Joias De Com Caixa,False
1661636375,20220827,13992870026,43,53%,90,7460,26,normal,18,658,Organizador De Joias Armazenamento Couro Portátil brinco Multifuncional Porta Joias De Com Caixa,False
1661634988,20220827,13992870026,43,53%,90,7460,26,normal,18,657,Organizador De Joias Armazenamento Couro Portátil brinco Multifuncional Porta Joias De Com Caixa,False
1661627682,20220827,13992870026,43,53%,90,7460,26,normal,18,656,Organizador De Joias Armazenamento Couro Portátil brinco Multifuncional Porta Joias De Com Caixa,False
1661625963,20220827,13992870026,43,53%,90,7460,26,normal,18,655,Organizador De Joias Armazenamento Couro Portátil brinco Multifuncional Porta Joias De Com Caixa,False
1661624536,20220827,13992870026,43,53%,90,7460,26,normal,18,654,Organizador De Joias Armazenamento Couro Portátil brinco Multifuncional Porta Joias De Com Caixa,False
1661620715,20220827,13992870026,43,53%,90,7460,26,normal,18,652,Organizador De Joias Armazenamento Couro Portátil brinco Multifuncional Porta Joias De Com Caixa,False
1661619252,20220827,13992870026,43,53%,90,7460,26,normal,18,651,Organizador De Joias Armazenamento Couro Portátil brinco Multifuncional Porta Joias De Com Caixa,False
1661617461,20220827,13992870026,43,53%,90,7460,26,normal,18,650,Organizador De Joias Armazenamento Couro Portátil brinco Multifuncional Porta Joias De Com Caixa,False
1661588571,20220827,13992870026,43,53%,90,7461,26,normal,18,649,Organizador De Joias Armazenamento Couro Portátil brinco Multifuncional Porta Joias De Com Caixa,False
1661565769,20220827,13992870026,43,53%,90,7461,26,normal,18,648,Organizador De Joias Armazenamento Couro Portátil brinco Multifuncional Porta Joias De Com Caixa,False
1661552304,20220826,13992870026,43,53%,90,7463,26,normal,18,647,Organizador De Joias Armazenamento Couro Portátil brinco Multifuncional Porta Joias De Com Caixa,False
1661545190,20220826,13992870026,43,53%,90,7463,26,normal,18,646,Organizador De Joias Armazenamento Couro Portátil brinco Multifuncional Porta Joias De Com Caixa,False
1661542621,20220826,13992870026,43,53%,90,7463,26,normal,18,647,Organizador De Joias Armazenamento Couro Portátil brinco Multifuncional Porta Joias De Com Caixa,False
1661538162,20220826,13992870026,43,53%,90,7463,24,normal,18,647,Organizador De Joias Armazenamento Couro Portátil brinco Multifuncional Porta Joias De Com Caixa,False
1661535832,20220826,13992870026,43,53%,90,7464,24,normal,18,647,Organizador De Joias Armazenamento Couro Portátil brinco Multifuncional Porta Joias De Com Caixa,False
1661520995,20220826,13992870026,43,53%,90,7464,24,normal,18,646,Organizador De Joias Armazenamento Couro Portátil brinco Multifuncional Porta Joias De Com Caixa,False
1661513907,20220826,13992870026,43,53%,90,7814,24,normal,17,646,Organizador De Joias Armazenamento Couro Portátil brinco Multifuncional Porta Joias De Com Caixa,False
1661509244,20220826,13992870026,43,53%,90,7814,24,normal,17,645,Organizador De Joias Armazenamento Couro Portátil brinco Multifuncional Porta Joias De Com Caixa,False
1661479414,20220826,13992870026,43,53%,90,7814,24,normal,17,644,Organizador De Joias Armazenamento Couro Portátil brinco Multifuncional Porta Joias De Com Caixa,False
1661471294,20220825,13992870026,43,53%,90,7814,24,normal,17,644,Organizador De Joias Armazenamento Couro Portátil brinco Multifuncional Porta Joias De Com Caixa,False
1661470024,20220825,13992870026,43,53%,90,7814,24,normal,16,644,Organizador De Joias Armazenamento Couro Portátil brinco Multifuncional Porta Joias De Com Caixa,False
1661456222,20220825,13992870026,43,53%,90,7814,24,normal,16,642,Organizador De Joias Armazenamento Couro Portátil brinco Multifuncional Porta Joias De Com Caixa,False
1661451741,20220825,13992870026,43,53%,90,7814,24,normal,16,641,Organizador De Joias Armazenamento Couro Portátil brinco Multifuncional Porta Joias De Com Caixa,False
1661446678,20220825,13992870026,43,53%,90,7814,24,normal,16,640,Organizador De Joias Armazenamento Couro Portátil brinco Multifuncional Porta Joias De Com Caixa,False
1661444745,20220825,13992870026,43,53%,90,7814,24,normal,16,638,Organizador De Joias Armazenamento Couro Portátil brinco Multifuncional Porta Joias De Com Caixa,False
1661442259,20220825,13992870026,43,53%,90,7813,24,normal,16,638,Organizador De Joias Armazenamento Couro Portátil brinco Multifuncional Porta Joias De Com Caixa,False
1661437035,20220825,13992870026,43,53%,90,7813,24,normal,16,637,Organizador De Joias Armazenamento Couro Portátil brinco Multifuncional Porta Joias De Com Caixa,False
1661434888,20220825,13992870026,43,53%,90,7814,24,normal,16,637,Organizador De Joias Armazenamento Couro Portátil brinco Multifuncional Porta Joias De Com Caixa,False
1661427630,20220825,13992870026,43,53%,90,7954,24,normal,16,637,Organizador De Joias Armazenamento Couro Portátil brinco Multifuncional Porta Joias De Com Caixa,False
1661424346,20220825,13992870026,43,53%,90,7975,24,normal,16,637,Organizador De Joias Armazenamento Couro Portátil brinco Multifuncional Porta Joias De Com Caixa,False
1661392876,20220825,13992870026,43,53%,90,7975,24,normal,16,636,Organizador De Joias Armazenamento Couro Portátil brinco Multifuncional Porta Joias De Com Caixa,False
1661369843,20220824,13992870026,43,53%,90,7975,24,normal,16,636,Organizador De Joias Armazenamento Couro Portátil brinco Multifuncional Porta Joias De Com Caixa,False
1661365921,20220824,13992870026,43,53%,90,7975,23,normal,16,636,Organizador De Joias Armazenamento Couro Portátil brinco Multifuncional Porta Joias De Com Caixa,False
1661348205,20220824,13992870026,43,53%,90,7975,23,normal,16,634,Organizador De Joias Armazenamento Couro Portátil brinco Multifuncional Porta Joias De Com Caixa,False
1661314424,20220824,13992870026,43,53%,90,7975,23,normal,16,632,Organizador De Joias Armazenamento Couro Portátil brinco Multifuncional Porta Joias De Com Caixa,False
1661306333,20220824,13992870026,43,53%,90,7975,23,normal,16,631,Organizador De Joias Armazenamento Couro Portátil brinco Multifuncional Porta Joias De Com Caixa,False
1661283427,20220823,13992870026,43,53%,90,5875,23,normal,16,631,Organizador De Joias Armazenamento Couro Portátil brinco Multifuncional Porta Joias De Com Caixa,False
1661239277,20220823,13992870026,43,53%,90,5875,22,normal,16,631,Organizador De Joias Armazenamento Couro Portátil brinco Multifuncional Porta Joias De Com Caixa,False
1661228569,20220823,13992870026,45,53%,90,5875,22,normal,16,631,Organizador De Joias Armazenamento Couro Portátil brinco Multifuncional Porta Joias De Com Caixa,False
1661220073,20220823,13992870026,45,53%,90,5875,22,normal,16,630,Organizador De Joias Armazenamento Couro Portátil brinco Multifuncional Porta Joias De Com Caixa,False
1661208107,20220822,13992870026,45,53%,90,6148,22,normal,15,630,Organizador De Joias Armazenamento Couro Portátil brinco Multifuncional Porta Joias De Com Caixa,False
1661185487,20220822,13992870026,45,53%,90,6148,22,normal,14,630,Organizador De Joias Armazenamento Couro Portátil brinco Multifuncional Porta Joias De Com Caixa,False
1661183130,20220822,13992870026,45,53%,90,6148,22,normal,14,629,Organizador De Joias Armazenamento Couro Portátil brinco Multifuncional Porta Joias De Com Caixa,False
1661181715,20220822,13992870026,45,53%,90,6149,22,normal,14,629,Organizador De Joias Armazenamento Couro Portátil brinco Multifuncional Porta Joias De Com Caixa,False
1661171903,20220822,13992870026,45,53%,90,6149,22,normal,14,628,Organizador De Joias Armazenamento Couro Portátil brinco Multifuncional Porta Joias De Com Caixa,False
1661166966,20220822,13992870026,45,53%,90,6149,22,normal,14,627,Organizador De Joias Armazenamento Couro Portátil brinco Multifuncional Porta Joias De Com Caixa,False
1661161305,20220822,13992870026,45,53%,90,6149,22,normal,14,626,Organizador De Joias Armazenamento Couro Portátil brinco Multifuncional Porta Joias De Com Caixa,False
1661133322,20220822,13992870026,45,53%,90,6150,22,normal,14,626,Organizador De Joias Armazenamento Couro Portátil brinco Multifuncional Porta Joias De Com Caixa,False
1661121638,20220821,13992870026,45,53%,90,6150,22,normal,14,626,Organizador De Joias Armazenamento Couro Portátil brinco Multifuncional Porta Joias De Com Caixa,False
1661113153,20220821,13992870026,45,53%,90,6150,22,normal,14,625,Organizador De Joias Armazenamento Couro Portátil brinco Multifuncional Porta Joias De Com Caixa,False
1661103633,20220821,13992870026,45,53%,90,6150,23,normal,14,625,Organizador De Joias Armazenamento Couro Portátil brinco Multifuncional Porta Joias De Com Caixa,False
1661095082,20220821,13992870026,45,53%,90,6152,23,normal,14,624,Organizador De Joias Armazenamento Couro Portátil brinco Multifuncional Porta Joias De Com Caixa,False
1661092721,20220821,13992870026,45,53%,90,6152,23,normal,14,623,Organizador De Joias Armazenamento Couro Portátil brinco Multifuncional Porta Joias De Com Caixa,False
1661060420,20220821,13992870026,45,53%,90,6152,23,normal,14,622,Organizador De Joias Armazenamento Couro Portátil brinco Multifuncional Porta Joias De Com Caixa,False
1661056434,20220821,13992870026,45,53%,90,6151,23,normal,14,622,Organizador De Joias Armazenamento Couro Portátil brinco Multifuncional Porta Joias De Com Caixa,False
1661046592,20220821,13992870026,45,53%,90,6150,23,normal,14,621,Organizador De Joias Armazenamento Couro Portátil brinco Multifuncional Porta Joias De Com Caixa,False
1661037431,20220820,13992870026,45,53%,90,6150,23,normal,14,621,Organizador De Joias Armazenamento Couro Portátil brinco Multifuncional Porta Joias De Com Caixa,False
1661022873,20220820,13992870026,45,53%,90,6150,23,normal,14,619,Organizador De Joias Armazenamento Couro Portátil brinco Multifuncional Porta Joias De Com Caixa,False
1661014418,20220820,13992870026,45,53%,90,6150,23,normal,14,620,Organizador De Joias Armazenamento Couro Portátil brinco Multifuncional Porta Joias De Com Caixa,False
1661008707,20220820,13992870026,45,53%,90,6150,23,normal,14,618,Organizador De Joias Armazenamento Couro Portátil brinco Multifuncional Porta Joias De Com Caixa,False
1661002102,20220820,13992870026,45,53%,90,6150,23,normal,14,617,Organizador De Joias Armazenamento Couro Portátil brinco Multifuncional Porta Joias De Com Caixa,False
1660998718,20220820,13992870026,45,53%,90,6152,23,normal,14,617,Organizador De Joias Armazenamento Couro Portátil brinco Multifuncional Porta Joias De Com Caixa,False
1660990765,20220820,13992870026,45,53%,90,6152,23,normal,14,616,Organizador De Joias Armazenamento Couro Portátil brinco Multifuncional Porta Joias De Com Caixa,False
1660970027,20220820,13992870026,45,53%,90,6152,23,normal,14,615,Organizador De Joias Armazenamento Couro Portátil brinco Multifuncional Porta Joias De Com Caixa,False
1660966778,20220820,13992870026,45,53%,90,6150,23,normal,14,615,Organizador De Joias Armazenamento Couro Portátil brinco Multifuncional Porta Joias De Com Caixa,False
1660960375,20220820,13992870026,45,53%,90,6150,23,normal,14,614,Organizador De Joias Armazenamento Couro Portátil brinco Multifuncional Porta Joias De Com Caixa,False
1660945200,20220819,13992870026,45,53%,90,6150,23,normal,14,614,Organizador De Joias Armazenamento Couro Portátil brinco Multifuncional Porta Joias De Com Caixa,False
1660937855,20220819,13992870026,45,53%,90,6150,23,normal,14,613,Organizador De Joias Armazenamento Couro Portátil brinco Multifuncional Porta Joias De Com Caixa,False
1660931138,20220819,13992870026,45,53%,90,6150,23,normal,14,612,Organizador De Joias Armazenamento Couro Portátil brinco Multifuncional Porta Joias De Com Caixa,False
1660920017,20220819,13992870026,45,53%,90,6151,23,normal,14,612,Organizador De Joias Armazenamento Couro Portátil brinco Multifuncional Porta Joias De Com Caixa,False
1660916404,20220819,13992870026,45,53%,90,6151,23,normal,14,611,Organizador De Joias Armazenamento Couro Portátil brinco Multifuncional Porta Joias De Com Caixa,False
1660909113,20220819,13992870026,45,53%,90,6151,23,normal,14,610,Organizador De Joias Armazenamento Couro Portátil brinco Multifuncional Porta Joias De Com Caixa,False
1660904598,20220819,13992870026,45,53%,90,6152,23,normal,14,610,Organizador De Joias Armazenamento Couro Portátil brinco Multifuncional Porta Joias De Com Caixa,False
1660874156,20220819,13992870026,45,53%,90,6152,23,normal,14,609,Organizador De Joias Armazenamento Couro Portátil brinco Multifuncional Porta Joias De Com Caixa,False
1660858809,20220818,13992870026,45,53%,90,6152,23,normal,14,609,Organizador De Joias Armazenamento Couro Portátil brinco Multifuncional Porta Joias De Com Caixa,False
1660854091,20220818,13992870026,45,53%,90,6152,18,normal,14,609,Organizador De Joias Armazenamento Couro Portátil brinco Multifuncional Porta Joias De Com Caixa,False
1660850131,20220818,13992870026,45,53%,90,6152,18,normal,14,607,Organizador De Joias Armazenamento Couro Portátil brinco Multifuncional Porta Joias De Com Caixa,False
1660836880,20220818,13992870026,45,53%,90,6152,22,normal,14,607,Organizador De Joias Armazenamento Couro Portátil brinco Multifuncional Porta Joias De Com Caixa,False
1660830140,20220818,13992870026,45,53%,90,6152,22,normal,14,606,Organizador De Joias Armazenamento Couro Portátil brinco Multifuncional Porta Joias De Com Caixa,False
1660815702,20220818,13992870026,45,53%,90,6152,22,normal,14,605,Organizador De Joias Armazenamento Couro Portátil brinco Multifuncional Porta Joias De Com Caixa,False
1660795832,20220818,13992870026,45,53%,90,6152,22,normal,14,604,Organizador De Joias Armazenamento Couro Portátil brinco Multifuncional Porta Joias De Com Caixa,False
1660788092,20220818,13992870026,45,53%,90,6775,22,normal,14,604,Organizador De Joias Armazenamento Couro Portátil brinco Multifuncional Porta Joias De Com Caixa,False
1660774677,20220817,13992870026,45,53%,90,6775,22,normal,14,603,Organizador De Joias Armazenamento Couro Portátil brinco Multifuncional Porta Joias De Com Caixa,False
1660772506,20220817,13992870026,45,53%,90,6775,22,normal,14,602,Organizador De Joias Armazenamento Couro Portátil brinco Multifuncional Porta Joias De Com Caixa,False
1660763689,20220817,13992870026,45,53%,90,6775,22,normal,13,602,Organizador De Joias Armazenamento Couro Portátil brinco Multifuncional Porta Joias De Com Caixa,False
1660758341,20220817,13992870026,45,53%,90,6775,16,normal,13,602,Organizador De Joias Armazenamento Couro Portátil brinco Multifuncional Porta Joias De Com Caixa,False
1660751131,20220817,13992870026,45,53%,90,6775,16,normal,12,602,Organizador De Joias Armazenamento Couro Portátil brinco Multifuncional Porta Joias De Com Caixa,False
1660746161,20220817,13992870026,45,53%,90,6775,16,normal,12,601,Organizador De Joias Armazenamento Couro Portátil brinco Multifuncional Porta Joias De Com Caixa,False
1660732994,20220817,13992870026,45,53%,90,6775,16,normal,11,601,Organizador De Joias Armazenamento Couro Portátil brinco Multifuncional Porta Joias De Com Caixa,False
1660717626,20220817,13992870026,45,53%,90,6775,16,normal,11,600,Organizador De Joias Armazenamento Couro Portátil brinco Multifuncional Porta Joias De Com Caixa,False
1660715699,20220817,13992870026,90,,0,6775,16,normal,11,600,Organizador De Joias Armazenamento Couro Portátil brinco Multifuncional Porta Joias De Com Caixa,False
1660714134,20220817,13992870026,151,,0,2779,16,normal,11,600,Organizador De Joias Armazenamento Couro Portátil brinco Multifuncional Porta Joias De Com Caixa,False
1660709233,20220817,13992870026,71,53%,151,300,16,normal,11,599,Organizador De Joias Armazenamento Couro Portátil brinco Multifuncional Porta Joias De Com Caixa,False
1660701881,20220817,13992870026,71,53%,151,2479,16,normal,11,597,Organizador De Joias Armazenamento Couro Portátil brinco Multifuncional Porta Joias De Com Caixa,False
1660693177,20220816,13992870026,71,53%,151,2930,16,normal,11,594,Organizador De Joias Armazenamento Couro Portátil brinco Multifuncional Porta Joias De Com Caixa,False
1660691824,20220816,13992870026,71,53%,151,2930,16,normal,11,593,Organizador De Joias Armazenamento Couro Portátil brinco Multifuncional Porta Joias De Com Caixa,False
1660678645,20220816,13992870026,71,53%,151,2930,16,normal,10,592,Organizador De Joias Armazenamento Couro Portátil brinco Multifuncional Porta Joias De Com Caixa,False
1660660720,20220816,13992870026,71,53%,151,2930,14,normal,10,592,Organizador De Joias Armazenamento Couro Portátil brinco Multifuncional Porta Joias De Com Caixa,False
1660656656,20220816,13992870026,71,53%,151,2930,14,normal,10,591,Organizador De Joias Armazenamento Couro Portátil brinco Multifuncional Porta Joias De Com Caixa,False
1660621770,20220816,13992870026,71,53%,151,2930,14,normal,10,592,Organizador De Joias Armazenamento Couro Portátil brinco Multifuncional Porta Joias De Com Caixa,False
