data/master.csv
time,date,itemid,price,discount,price_before_discount,stock,sold,item_status,cmt_count,liked_count,item_name,is_latest
1660615053,20220816,13992870026,71,53%,151,2999,14,normal,10,592,Organizador De Joias Armazenamento Couro Portátil brinco Multifuncional Porta Joias De Com Caixa,False
1660599637,20220815,13992870026,71,53%,151,2999,14,normal,9,592,Organizador De Joias Armazenamento Couro Portátil brinco Multifuncional Porta Joias De Com Caixa,False
1660596084,20220815,13992870026,71,53%,151,2999,14,normal,9,591,Organizador De Joias Armazenamento Couro Portátil brinco Multifuncional Porta Joias De Com Caixa,False
1660594753,20220815,13992870026,71,53%,151,2999,14,normal,9,589,Organizador De Joias Armazenamento Couro Portátil brinco Multifuncional Porta Joias De Com Caixa,False
1660592253,20220815,13992870026,71,53%,151,2997,14,normal,9,588,Organizador De Joias Armazenamento Couro Portátil brinco Multifuncional Porta Joias De Com Caixa,False
1660585502,20220815,13992870026,71,53%,151,2997,14,normal,9,586,Organizador De Joias Armazenamento Couro Portátil brinco Multifuncional Porta Joias De Com Caixa,False
1660560236,20220815,13992870026,71,53%,151,2997,14,normal,9,585,Organizador De Joias Armazenamento Couro Portátil brinco Multifuncional Porta Joias De Com Caixa,False
1660551782,20220815,13992870026,71,53%,151,2997,14,normal,9,584,Organizador De Joias Armazenamento Couro Portátil brinco Multifuncional Porta Joias De Com Caixa,False
1660528633,20220815,13992870026,71,53%,151,20626,14,normal,9,584,Organizador De Joias Armazenamento Couro Portátil brinco Multifuncional Porta Joias De Com Caixa,False
1660516831,20220814,13992870026,71,53%,151,20627,14,normal,9,582,Organizador De Joias Armazenamento Couro Portátil brinco Multifuncional Porta Joias De Com Caixa,False
1660509625,20220814,13992870026,71,53%,151,20627,14,normal,9,583,Organizador De Joias Armazenamento Couro Portátil brinco Multifuncional Porta Joias De Com Caixa,False
1660508295,20220814,13992870026,71,53%,151,20627,14,normal,9,582,Organizador De Joias Armazenamento Couro Portátil brinco Multifuncional Porta Joias De Com Caixa,False
1660505837,20220814,13992870026,71,53%,151,20627,14,normal,9,583,Organizador De Joias Armazenamento Couro Portátil brinco Multifuncional Porta Joias De Com Caixa,False
1660451370,20220814,13992870026,71,53%,151,20627,14,normal,9,582,Organizador De Joias Armazenamento Couro Portátil brinco Multifuncional Porta Joias De Com Caixa,False
1660442079,20220814,13992870026,71,53%,151,20627,14,normal,9,581,Organizador De Joias Armazenamento Couro Portátil brinco Multifuncional Porta Joias De Com Caixa,False
1660429058,20220813,13992870026,71,53%,151,20627,14,normal,9,579,Organizador De Joias Armazenamento Couro Portátil brinco Multifuncional Porta Joias De Com Caixa,False
1660403905,20220813,13992870026,71,53%,151,20627,14,normal,9,578,Organizador De Joias Armazenamento Couro Portátil brinco Multifuncional Porta Joias De Com Caixa,False
1660400186,20220813,13992870026,71,53%,151,20627,14,normal,9,577,Organizador De Joias Armazenamento Couro Portátil brinco Multifuncional Porta Joias De Com Caixa,False
1660397257,20220813,13992870026,71,53%,151,20627,14,normal,9,576,Organizador De Joias Armazenamento Couro Portátil brinco Multifuncional Porta Joias De Com Caixa,False
1660360804,20220813,13992870026,71,53%,151,20627,14,normal,9,575,Organizador De Joias Armazenamento Couro Portátil brinco Multifuncional Porta Joias De Com Caixa,False
1660354832,20220813,13992870026,71,53%,151,20627,14,normal,9,572,Organizador De Joias Armazenamento Couro Portátil brinco Multifuncional Porta Joias De Com Caixa,False
1660342752,20220812,13992870026,71,53%,151,20627,14,normal,9,572,Organizador De Joias Armazenamento Couro Portátil brinco Multifuncional Porta Joias De Com Caixa,False
1660323902,20220812,13992870026,71,53%,151,20628,14,normal,9,572,Organizador De Joias Armazenamento Couro Portátil brinco Multifuncional Porta Joias De Com Caixa,False
1660285431,20220812,13992870026,71,53%,151,20628,14,normal,9,571,Organizador De Joias Armazenamento Couro Portátil brinco Multifuncional Porta Joias De Com Caixa,False
1660268824,20220812,13992870026,71,53%,151,20703,14,normal,9,571,Organizador De Joias Armazenamento Couro Portátil brinco Multifuncional Porta Joias De Com Caixa,False
1660257640,20220811,13992870026,71,53%,151,20703,14,normal,9,571,Organizador De Joias Armazenamento Couro Portátil brinco Multifuncional Porta Joias De Com Caixa,False
1660249129,20220811,13992870026,71,53%,151,20703,14,normal,9,570,Organizador De Joias Armazenamento Couro Portátil brinco Multifuncional Porta Joias De Com Caixa,False
1660238513,20220811,13992870026,71,53%,151,20703,14,normal,9,569,Organizador De Joias Armazenamento Couro Portátil brinco Multifuncional Porta Joias De Com Caixa,False
1660235126,20220811,13992870026,71,53%,151,300,14,normal,9,569,Organizador De Joias Armazenamento Couro Portátil brinco Multifuncional Porta Joias De Com Caixa,False
1660231178,20220811,13992870026,71,53%,151,300,13,normal,9,569,Organizador De Joias Armazenamento Couro Portátil brinco Multifuncional Porta Joias De Com Caixa,False
1660225197,20220811,13992870026,71,53%,151,20403,13,normal,9,569,Organizador De Joias Armazenamento Couro Portátil brinco Multifuncional Porta Joias De Com Caixa,False
1660198992,20220811,13992870026,71,53%,151,20403,13,normal,9,568,Organizador De Joias Armazenamento Couro Portátil brinco Multifuncional Porta Joias De Com Caixa,False
1660187951,20220811,13992870026,71,53%,151,20703,13,normal,9,568,Organizador De Joias Armazenamento Couro Portátil brinco Multifuncional Porta Joias De Com Caixa,False
1660182191,20220811,13992870026,71,52%,151,20703,13,normal,9,568,Organizador De Joias Armazenamento Couro Portátil brinco Multifuncional Porta Joias De Com Caixa,False
1660169879,20220810,13992870026,71,52%,151,20733,13,normal,9,569,Organizador De Joias Armazenamento Couro Portátil brinco Multifuncional Porta Joias De Com Caixa,False
1660162744,20220810,13992870026,71,52%,151,20732,13,normal,9,568,Organizador De Joias Armazenamento Couro Portátil brinco Multifuncional Porta Joias De Com Caixa,False
1660158910,20220810,13992870026,71,52%,151,20732,13,normal,9,567,Organizador De Joias Armazenamento Couro Portátil brinco Multifuncional Porta Joias De Com Caixa,False
1660155735,20220810,13992870026,71,52%,151,20733,13,normal,9,567,Organizador De Joias Armazenamento Couro Portátil brinco Multifuncional Porta Joias De Com Caixa,False
1660142379,20220810,13992870026,71,52%,151,20733,13,normal,9,568,Organizador De Joias Armazenamento Couro Portátil brinco Multifuncional Porta Joias De Com Caixa,False
1660141000,20220810,13992870026,71,52%,151,20735,13,normal,9,568,Organizador De Joias Armazenamento Couro Portátil brinco Multifuncional Porta Joias De Com Caixa,False
1660103539,20220810,13992870026,71,52%,151,20735,13,normal,9,567,Organizador De Joias Armazenamento Couro Portátil brinco Multifuncional Porta Joias De Com Caixa,False
1660095617,20220810,13992870026,71,52%,151,20735,13,normal,9,566,Organizador De Joias Armazenamento Couro Portátil brinco Multifuncional Porta Joias De Com Caixa,False
1660083486,20220809,13992870026,71,52%,151,20735,13,normal,9,566,Organizador De Joias Armazenamento Couro Portátil brinco Multifuncional Porta Joias De Com Caixa,False
1660081228,20220809,13992870026,71,52%,151,20735,13,normal,9,565,Organizador De Joias Armazenamento Couro Portátil brinco Multifuncional Porta Joias De Com Caixa,False
1660079776,20220809,13992870026,71,52%,151,20736,13,normal,9,565,Organizador De Joias Armazenamento Couro Portátil brinco Multifuncional Porta Joias De Com Caixa,False
1660069326,20220809,13992870026,71,52%,151,20736,13,normal,9,564,Organizador De Joias Armazenamento Couro Portátil brinco Multifuncional Porta Joias De Com Caixa,False
1660064238,20220809,13992870026,71,52%,151,20736,13,normal,9,563,Organizador De Joias Armazenamento Couro Portátil brinco Multifuncional Porta Joias De Com Caixa,False
1660062348,20220809,13992870026,71,52%,151,20736,13,normal,9,562,Organizador De Joias Armazenamento Couro Portátil brinco Multifuncional Porta Joias De Com Caixa,False
1660010210,20220809,13992870026,71,52%,151,20736,13,normal,9,561,Organizador De Joias Armazenamento Couro Portátil brinco Multifuncional Porta Joias De Com Caixa,False
1660002091,20220808,13992870026,71,52%,151,20814,13,normal,9,560,Organizador De Joias Armazenamento Couro Portátil brinco Multifuncional Porta Joias De Com Caixa,False
1659989998,20220808,13992870026,71,52%,151,20814,13,normal,9,559,Organizador De Joias Armazenamento Couro Portátil brinco Multifuncional Porta Joias De Com Caixa,False
1659986132,20220808,13992870026,71,52%,151,20816,13,normal,9,558,Organizador De Joias Armazenamento Couro Portátil brinco Multifuncional Porta Joias De Com Caixa,False
1659983026,20220808,13992870026,71,52%,151,20816,13,normal,9,557,Organizador De Joias Armazenamento Couro Portátil brinco Multifuncional Porta Joias De Com Caixa,False
1659977985,20220808,13992870026,71,52%,151,20816,13,normal,9,556,Organizador De Joias Armazenamento Couro Portátil brinco Multifuncional Porta Joias De Com Caixa,False
1659976047,20220808,13992870026,71,52%,151,20817,13,normal,9,556,Organizador De Joias Armazenamento Couro Portátil brinco Multifuncional Porta Joias De Com Caixa,False
1659972081,20220808,13992870026,71,52%,151,20817,12,normal,9,556,Organizador De Joias Armazenamento Couro Portátil brinco Multifuncional Porta Joias De Com Caixa,False
1659969613,20220808,13992870026,71,52%,151,20817,12,normal,9,554,Organizador De Joias Armazenamento Couro Portátil brinco Multifuncional Porta Joias De Com Caixa,False
1659966113,20220808,13992870026,71,52%,151,20817,12,normal,9,553,Organizador De Joias Armazenamento Couro Portátil brinco Multifuncional Porta Joias De Com Caixa,False
1659957316,20220808,13992870026,71,52%,151,20817,12,normal,9,554,Organizador De Joias Armazenamento Couro Portátil brinco Multifuncional Porta Joias De Com Caixa,False
1659954063,20220808,13992870026,71,52%,151,20817,12,normal,9,553,Organizador De Joias Armazenamento Couro Portátil brinco Multifuncional Porta Joias De Com Caixa,False
1659936132,20220808,13992870026,71,52%,151,20817,12,normal,9,552,Organizador De Joias Armazenamento Couro Portátil brinco Multifuncional Porta Joias De Com Caixa,False
1659933361,20220808,13992870026,71,52%,151,20817,12,normal,9,551,Organizador De Joias Armazenamento Couro Portátil brinco Multifuncional Porta Joias De Com Caixa,False
1659923174,20220808,13992870026,71,52%,151,20817,12,normal,9,550,Organizador De Joias Armazenamento Couro Portátil brinco Multifuncional Porta Joias De Com Caixa,False
1659914253,20220807,13992870026,71,52%,151,20817,12,normal,9,549,Organizador De Joias Armazenamento Couro Portátil brinco Multifuncional Porta Joias De Com Caixa,False
1659912007,20220807,13992870026,71,52%,151,20817,12,normal,9,548,Organizador De Joias Armazenamento Couro Portátil brinco Multifuncional Porta Joias De Com Caixa,False
1659903540,20220807,13992870026,71,52%,151,20817,12,normal,9,547,Organizador De Joias Armazenamento Couro Portátil brinco Multifuncional Porta Joias De Com Caixa,False
1659899679,20220807,13992870026,71,52%,151,20817,12,normal,9,546,Organizador De Joias Armazenamento Couro Portátil brinco Multifuncional Porta Joias De Com Caixa,False
1659897906,20220807,13992870026,71,52%,151,20817,12,normal,9,544,Organizador De Joias Armazenamento Couro Portátil brinco Multifuncional Porta Joias De Com Caixa,False
1659896504,20220807,13992870026,71,52%,151,20817,12,normal,9,543,Organizador De Joias Armazenamento Couro Portátil brinco Multifuncional Porta Joias De Com Caixa,False
1659892648,20220807,13992870026,71,52%,151,20817,12,normal,9,542,Organizador De Joias Armazenamento Couro Portátil brinco Multifuncional Porta Joias De Com Caixa,False
1659891177,20220807,13992870026,71,52%,151,20817,12,normal,9,541,Organizador De Joias Armazenamento Couro Portátil brinco Multifuncional Porta Joias De Com Caixa,False
1659889411,20220807,13992870026,71,52%,151,20817,13,normal,9,541,Organizador De Joias Armazenamento Couro Portátil brinco Multifuncional Porta Joias De Com Caixa,False
1659881744,20220807,13992870026,71,52%,151,20817,13,normal,9,540,Organizador De Joias Armazenamento Couro Portátil brinco Multifuncional Porta Joias De Com Caixa,False
1659847830,20220807,13992870026,71,52%,151,20817,13,normal,9,539,Organizador De Joias Armazenamento Couro Portátil brinco Multifuncional Porta Joias De Com Caixa,False
1659837194,20220807,13992870026,71,52%,151,20817,13,normal,8,539,Organizador De Joias Armazenamento Couro Portátil brinco Multifuncional Porta Joias De Com Caixa,False
1659829214,20220806,13992870026,71,52%,151,20817,13,normal,8,539,Organizador De Joias Armazenamento Couro Portátil brinco Multifuncional Porta Joias De Com Caixa,False
1659827885,20220806,13992870026,71,52%,151,20817,13,normal,8,540,Organizador De Joias Armazenamento Couro Portátil brinco Multifuncional Porta Joias De Com Caixa,False
1659825587,20220806,13992870026,71,52%,151,20817,13,normal,8,539,Organizador De Joias Armazenamento Couro Portátil brinco Multifuncional Porta Joias De Com Caixa,False
1659817088,20220806,13992870026,71,52%,151,20817,13,normal,8,537,Organizador De Joias Armazenamento Couro Portátil brinco Multifuncional Porta Joias De Com Caixa,False
1659814659,20220806,13992870026,71,52%,151,20817,13,normal,8,536,Organizador De Joias Armazenamento Couro Portátil brinco Multifuncional Porta Joias De Com Caixa,False
1659807556,20220806,13992870026,71,52%,151,20817,13,normal,8,535,Organizador De Joias Armazenamento Couro Portátil brinco Multifuncional Porta Joias De Com Caixa,False
1659804787,20220806,13992870026,71,52%,151,20817,13,normal,8,534,Organizador De Joias Armazenamento Couro Portátil brinco Multifuncional Porta Joias De Com Caixa,False
1659803044,20220806,13992870026,71,52%,151,20817,13,normal,8,533,Organizador De Joias Armazenamento Couro Portátil brinco Multifuncional Porta Joias De Com Caixa,False
1659755993,20220806,13992870026,71,52%,151,20817,12,normal,8,533,Organizador De Joias Armazenamento Couro Portátil brinco Multifuncional Porta Joias De Com Caixa,False
1659750148,20220806,13992870026,71,52%,151,20817,12,normal,8,531,Organizador De Joias Armazenamento Couro Portátil brinco Multifuncional Porta Joias De Com Caixa,False
1659741486,20220805,13992870026,71,52%,151,20817,12,normal,7,530,Organizador De Joias Armazenamento Couro Portátil brinco Multifuncional Porta Joias De Com Caixa,False
1659726943,20220805,13992870026,71,52%,151,20817,12,normal,7,529,Organizador De Joias Armazenamento Couro Portátil brinco Multifuncional Porta Joias De Com Caixa,False
1659723793,20220805,13992870026,71,52%,151,20817,12,normal,7,528,Organizador De Joias Armazenamento Couro Portátil brinco Multifuncional Porta Joias De Com Caixa,False
1659716859,20220805,13992870026,71,52%,151,20817,12,normal,6,528,Organizador De Joias Armazenamento Couro Portátil brinco Multifuncional Porta Joias De Com Caixa,False
1659709089,20220805,13992870026,71,52%,151,20817,12,normal,6,527,Organizador De Joias Armazenamento Couro Portátil brinco Multifuncional Porta Joias De Com Caixa,False
1659706899,20220805,13992870026,71,52%,151,20817,12,normal,6,526,Organizador De Joias Armazenamento Couro Portátil brinco Multifuncional Porta Joias De Com Caixa,False
1659703034,20220805,13992870026,71,52%,151,20817,12,normal,6,525,Organizador De Joias Armazenamento Couro Portátil brinco Multifuncional Porta Joias De Com Caixa,False
1659664228,20220805,13992870026,71,52%,151,20817,12,normal,6,523,Organizador De Joias Armazenamento Couro Portátil brinco Multifuncional Porta Joias De Com Caixa,False
1659647798,20220804,13992870026,71,52%,151,20818,12,normal,6,522,Organizador De Joias Armazenamento Couro Portátil brinco Multifuncional Porta Joias De Com Caixa,False
1659637367,20220804,13992870026,71,52%,151,20818,12,normal,6,521,Organizador De Joias Armazenamento Couro Portátil brinco Multifuncional Porta Joias De Com Caixa,False
1659620280,20220804,13992870026,71,52%,151,20818,12,normal,6,520,Organizador De Joias Armazenamento Couro Portátil brinco Multifuncional Porta Joias De Com Caixa,False
1659594376,20220804,13992870026,71,52%,151,20818,12,normal,6,519,Organizador De Joias Armazenamento Couro Portátil brinco Multifuncional Porta Joias De Com Caixa,False
1659586996,20220804,13992870026,71,52%,151,20809,12,normal,6,519,Organizador De Joias Armazenamento Couro Portátil brinco Multifuncional Porta Joias De Com Caixa,False
1659583649,20220804,13992870026,72,52%,151,20809,12,normal,6,519,Organizador De Joias Armazenamento Couro Portátil brinco Multifuncional Porta Joias De Com Caixa,False
1659577694,20220804,13992870026,72,52%,151,20809,12,normal,6,518,Organizador De Joias Armazenamento Couro Portátil brinco Multifuncional Porta Joias De Com Caixa,False
1659561419,20220803,13992870026,72,52%,151,20809,12,normal,6,518,Organizador De Joias Armazenamento Couro Portátil brinco Multifuncional Porta Joias De Com Caixa,False
1659557980,20220803,13992870026,72,52%,151,20809,12,normal,6,519,Organizador De Joias Armazenamento Couro Portátil brinco Multifuncional Porta Joias De Com Caixa,False
1659548491,20220803,13992870026,72,52%,151,20809,12,normal,6,518,Organizador De Joias Armazenamento Couro Portátil brinco Multifuncional Porta Joias De Com Caixa,False
1659545834,20220803,13992870026,72,52%,151,20809,12,normal,6,517,Organizador De Joias Armazenamento Couro Portátil brinco Multifuncional Porta Joias De Com Caixa,False
1659543990,20220803,13992870026,72,52%,151,20809,11,normal,6,516,Organizador De Joias Armazenamento Couro Portátil brinco Multifuncional Porta Joias De Com Caixa,False
1659541631,20220803,13992870026,72,52%,151,20809,11,normal,6,515,Organizador De Joias Armazenamento Couro Portátil brinco Multifuncional Porta Joias De Com Caixa,False
