data/master.csv
time,date,itemid,price,discount,price_before_discount,stock,sold,item_status,cmt_count,liked_count,item_name,is_latest
1655646095,20220619,13992870026,72,52%,151,20865,1,normal,0,242,Organizador De Joias Armazenamento Couro Portátil brinco Multifuncional Porta Joias De Com Caixa,False
1655610018,20220619,13992870026,72,52%,151,20865,1,normal,0,241,Organizador De Joias Armazenamento Couro Portátil brinco Multifuncional Porta Joias De Com Caixa,False
1655603320,20220619,13992870026,72,52%,151,20865,1,normal,0,239,Organizador De Joias Armazenamento Couro Portátil brinco Multifuncional Porta Joias De Com Caixa,False
1655594175,20220618,13992870026,72,52%,151,20865,1,normal,0,239,Organizador De Joias Armazenamento Couro Portátil brinco Multifuncional Porta Joias De Com Caixa,False
1655591927,20220618,13992870026,72,52%,151,20865,1,normal,0,238,Organizador De Joias Armazenamento Couro Portátil brinco Multifuncional Porta Joias De Com Caixa,False
1655590571,20220618,13992870026,72,52%,151,20865,1,normal,0,236,Organizador De Joias Armazenamento Couro Portátil brinco Multifuncional Porta Joias De Com Caixa,False
1655588274,20220618,13992870026,72,52%,151,20865,1,normal,0,235,Organizador De Joias Armazenamento Couro Portátil brinco Multifuncional Porta Joias De Com Caixa,False
1655586913,20220618,13992870026,72,52%,151,20865,1,normal,0,234,Organizador De Joias Armazenamento Couro Portátil brinco Multifuncional Porta Joias De Com Caixa,False
1655583449,20220618,13992870026,72,52%,151,20865,1,normal,0,233,Organizador De Joias Armazenamento Couro Portátil brinco Multifuncional Porta Joias De Com Caixa,False
1655581006,20220618,13992870026,72,52%,151,20865,1,normal,0,230,Organizador De Joias Armazenamento Couro Portátil brinco Multifuncional Porta Joias De Com Caixa,False
1655572563,20220618,13992870026,72,52%,151,20865,1,normal,0,229,Organizador De Joias Armazenamento Couro Portátil brinco Multifuncional Porta Joias De Com Caixa,False
1655524795,20220618,13992870026,72,52%,151,20865,1,normal,0,228,Organizador De Joias Armazenamento Couro Portátil brinco Multifuncional Porta Joias De Com Caixa,False
1655516600,20220618,13992870026,72,52%,151,20865,1,normal,0,227,Organizador De Joias Armazenamento Couro Portátil brinco Multifuncional Porta Joias De Com Caixa,False
1655509157,20220617,13992870026,72,52%,151,20865,1,normal,0,222,Organizador De Joias Armazenamento Couro Portátil brinco Multifuncional Porta Joias De Com Caixa,False
1655504246,20220617,13992870026,72,52%,151,20865,1,normal,0,221,Organizador De Joias Armazenamento Couro Portátil brinco Multifuncional Porta Joias De Com Caixa,False
1655500515,20220617,13992870026,72,52%,151,20865,1,normal,0,220,Organizador De Joias Armazenamento Couro Portátil brinco Multifuncional Porta Joias De Com Caixa,False
1655497053,20220617,13992870026,72,52%,151,20865,1,normal,0,218,Organizador De Joias Armazenamento Couro Portátil brinco Multifuncional Porta Joias De Com Caixa,False
1655493382,20220617,13992870026,72,52%,151,20865,1,normal,0,217,Organizador De Joias Armazenamento Couro Portátil brinco Multifuncional Porta Joias De Com Caixa,False
1655491646,20220617,13992870026,72,52%,151,20865,1,normal,0,216,Organizador De Joias Armazenamento Couro Portátil brinco Multifuncional Porta Joias De Com Caixa,False
1655484979,20220617,13992870026,72,52%,151,20865,1,normal,0,215,Organizador De Joias Armazenamento Couro Portátil brinco Multifuncional Porta Joias De Com Caixa,False
1655479086,20220617,13992870026,72,52%,151,20865,1,normal,0,214,Organizador De Joias Armazenamento Couro Portátil brinco Multifuncional Porta Joias De Com Caixa,False
1655469378,20220617,13992870026,72,52%,151,20865,1,normal,0,213,Organizador De Joias Armazenamento Couro Portátil brinco Multifuncional Porta Joias De Com Caixa,False
1655452792,20220617,13992870026,72,52%,151,20865,1,normal,0,212,Organizador De Joias Armazenamento Couro Portátil brinco Multifuncional Porta Joias De Com Caixa,False
1654077195,20220601,13992870026,72,52%,151,20872,0,normal,0,33,Organizador De Joias Armazenamento Couro Portátil brinco Multifuncional Porta Joias De Com Caixa,False
1672022377,20221226,14218005504,94,31%,136,999,48,normal,351,8098,Kit Brinquedos De Maquiagem Para Crianças Menina Lavável Cosméticos Definir Jogo Fingir Princesa,True
1672018586,20221226,14218005504,94,31%,136,999,48,normal,351,8097,Kit Brinquedos De Maquiagem Para Crianças Menina Lavável Cosméticos Definir Jogo Fingir Princesa,False
1672010340,20221225,14218005504,94,31%,136,999,48,normal,351,8095,Kit Brinquedos De Maquiagem Para Crianças Menina Lavável Cosméticos Definir Jogo Fingir Princesa,False
1672007887,20221225,14218005504,94,31%,136,999,48,normal,351,8094,Kit Brinquedos De Maquiagem Para Crianças Menina Lavável Cosméticos Definir Jogo Fingir Princesa,False
1671999523,20221225,14218005504,94,31%,136,999,48,normal,351,8092,Kit Brinquedos De Maquiagem Para Crianças Menina Lavável Cosméticos Definir Jogo Fingir Princesa,False
1671985523,20221225,14218005504,94,31%,136,999,49,normal,351,8091,Kit Brinquedos De Maquiagem Para Crianças Menina Lavável Cosméticos Definir Jogo Fingir Princesa,False
1671977744,20221225,14218005504,94,31%,136,999,49,normal,351,8090,Kit Brinquedos De Maquiagem Para Crianças Menina Lavável Cosméticos Definir Jogo Fingir Princesa,False
1671939499,20221225,14218005504,94,31%,136,999,49,normal,351,8091,Kit Brinquedos De Maquiagem Para Crianças Menina Lavável Cosméticos Definir Jogo Fingir Princesa,False
1671932417,20221225,14218005504,94,31%,136,999,49,normal,351,8090,Kit Brinquedos De Maquiagem Para Crianças Menina Lavável Cosméticos Definir Jogo Fingir Princesa,False
1671916539,20221224,14218005504,94,31%,136,999,49,normal,351,8088,Kit Brinquedos De Maquiagem Para Crianças Menina Lavável Cosméticos Definir Jogo Fingir Princesa,False
1671909242,20221224,14218005504,94,31%,136,999,49,normal,351,8087,Kit Brinquedos De Maquiagem Para Crianças Menina Lavável Cosméticos Definir Jogo Fingir Princesa,False
1671903509,20221224,14218005504,94,31%,136,999,50,normal,351,8086,Kit Brinquedos De Maquiagem Para Crianças Menina Lavável Cosméticos Definir Jogo Fingir Princesa,False
1671895083,20221224,14218005504,94,31%,136,952,50,normal,351,8086,Kit Brinquedos De Maquiagem Para Crianças Menina Lavável Cosméticos Definir Jogo Fingir Princesa,False
1671873414,20221224,14218005504,94,31%,136,951,50,normal,351,8085,Kit Brinquedos De Maquiagem Para Crianças Menina Lavável Cosméticos Definir Jogo Fingir Princesa,False
1671855778,20221224,14218005504,94,31%,136,951,50,normal,350,8085,Kit Brinquedos De Maquiagem Para Crianças Menina Lavável Cosméticos Definir Jogo Fingir Princesa,False
1671848475,20221224,14218005504,94,31%,136,951,50,normal,350,8084,Kit Brinquedos De Maquiagem Para Crianças Menina Lavável Cosméticos Definir Jogo Fingir Princesa,False
1671845090,20221224,14218005504,94,31%,136,951,50,normal,349,8084,Kit Brinquedos De Maquiagem Para Crianças Menina Lavável Cosméticos Definir Jogo Fingir Princesa,False
1671838724,20221223,14218005504,94,31%,136,951,50,normal,349,8084,Kit Brinquedos De Maquiagem Para Crianças Menina Lavável Cosméticos Definir Jogo Fingir Princesa,False
1671830178,20221223,14218005504,94,31%,136,950,50,normal,349,8084,Kit Brinquedos De Maquiagem Para Crianças Menina Lavável Cosméticos Definir Jogo Fingir Princesa,False
1671826777,20221223,14218005504,94,31%,136,949,50,normal,349,8084,Kit Brinquedos De Maquiagem Para Crianças Menina Lavável Cosméticos Definir Jogo Fingir Princesa,False
1671822900,20221223,14218005504,94,31%,136,949,53,normal,349,8083,Kit Brinquedos De Maquiagem Para Crianças Menina Lavável Cosméticos Definir Jogo Fingir Princesa,False
1671809901,20221223,14218005504,94,31%,136,949,53,normal,349,8081,Kit Brinquedos De Maquiagem Para Crianças Menina Lavável Cosméticos Definir Jogo Fingir Princesa,False
1671805005,20221223,14218005504,94,31%,136,999,53,normal,349,8081,Kit Brinquedos De Maquiagem Para Crianças Menina Lavável Cosméticos Definir Jogo Fingir Princesa,False
1671801809,20221223,14218005504,94,31%,136,999,53,normal,349,8080,Kit Brinquedos De Maquiagem Para Crianças Menina Lavável Cosméticos Definir Jogo Fingir Princesa,False
1671790863,20221223,14218005504,94,31%,136,999,53,normal,349,8079,Kit Brinquedos De Maquiagem Para Crianças Menina Lavável Cosméticos Definir Jogo Fingir Princesa,False
1671772644,20221223,14218005504,94,31%,136,999,53,normal,349,8078,Kit Brinquedos De Maquiagem Para Crianças Menina Lavável Cosméticos Definir Jogo Fingir Princesa,False
1671770501,20221223,14218005504,94,31%,136,999,53,normal,349,8077,Kit Brinquedos De Maquiagem Para Crianças Menina Lavável Cosméticos Definir Jogo Fingir Princesa,False
1671759376,20221223,14218005504,94,31%,136,999,53,normal,349,8078,Kit Brinquedos De Maquiagem Para Crianças Menina Lavável Cosméticos Definir Jogo Fingir Princesa,False
1671751259,20221222,14218005504,94,31%,136,1048,53,normal,349,8077,Kit Brinquedos De Maquiagem Para Crianças Menina Lavável Cosméticos Definir Jogo Fingir Princesa,False
1671748700,20221222,14218005504,93,32%,136,50,53,normal,349,8077,Kit Brinquedos De Maquiagem Para Crianças Menina Lavável Cosméticos Definir Jogo Fingir Princesa,False
1671747497,20221222,14218005504,93,32%,136,50,53,normal,349,8075,Kit Brinquedos De Maquiagem Para Crianças Menina Lavável Cosméticos Definir Jogo Fingir Princesa,False
1671745111,20221222,14218005504,93,32%,136,50,53,normal,349,8074,Kit Brinquedos De Maquiagem Para Crianças Menina Lavável Cosméticos Definir Jogo Fingir Princesa,False
1671743810,20221222,14218005504,93,32%,136,50,53,normal,349,8073,Kit Brinquedos De Maquiagem Para Crianças Menina Lavável Cosméticos Definir Jogo Fingir Princesa,False
1671741512,20221222,14218005504,94,31%,136,999,53,normal,349,8073,Kit Brinquedos De Maquiagem Para Crianças Menina Lavável Cosméticos Definir Jogo Fingir Princesa,False
1671737901,20221222,14218005504,94,31%,136,999,53,normal,349,8072,Kit Brinquedos De Maquiagem Para Crianças Menina Lavável Cosméticos Definir Jogo Fingir Princesa,False
1671722447,20221222,14218005504,94,31%,136,999,58,normal,349,8072,Kit Brinquedos De Maquiagem Para Crianças Menina Lavável Cosméticos Definir Jogo Fingir Princesa,False
1671707758,20221222,14218005504,94,31%,136,999,58,normal,349,8071,Kit Brinquedos De Maquiagem Para Crianças Menina Lavável Cosméticos Definir Jogo Fingir Princesa,False
1671705595,20221222,14218005504,94,31%,136,999,58,normal,349,8070,Kit Brinquedos De Maquiagem Para Crianças Menina Lavável Cosméticos Definir Jogo Fingir Princesa,False
1671698465,20221222,14218005504,94,31%,136,999,58,normal,349,8071,Kit Brinquedos De Maquiagem Para Crianças Menina Lavável Cosméticos Definir Jogo Fingir Princesa,False
1671697428,20221222,14218005504,94,31%,136,999,58,normal,349,8070,Kit Brinquedos De Maquiagem Para Crianças Menina Lavável Cosméticos Definir Jogo Fingir Princesa,False
1671672952,20221222,14218005504,94,31%,136,999,58,normal,349,8069,Kit Brinquedos De Maquiagem Para Crianças Menina Lavável Cosméticos Definir Jogo Fingir Princesa,False
1671664849,20221221,14218005504,94,31%,136,999,58,normal,349,8069,Kit Brinquedos De Maquiagem Para Crianças Menina Lavável Cosméticos Definir Jogo Fingir Princesa,False
1671662295,20221221,14218005504,94,31%,136,999,58,normal,349,8068,Kit Brinquedos De Maquiagem Para Crianças Menina Lavável Cosméticos Definir Jogo Fingir Princesa,False
1671661085,20221221,14218005504,94,31%,136,999,58,normal,349,8067,Kit Brinquedos De Maquiagem Para Crianças Menina Lavável Cosméticos Definir Jogo Fingir Princesa,False
1671653982,20221221,14218005504,94,31%,136,999,58,normal,348,8067,Kit Brinquedos De Maquiagem Para Crianças Menina Lavável Cosméticos Definir Jogo Fingir Princesa,False
1671650116,20221221,14218005504,94,31%,136,999,60,normal,348,8066,Kit Brinquedos De Maquiagem Para Crianças Menina Lavável Cosméticos Definir Jogo Fingir Princesa,False
1671641331,20221221,14218005504,94,31%,136,999,60,normal,348,8065,Kit Brinquedos De Maquiagem Para Crianças Menina Lavável Cosméticos Definir Jogo Fingir Princesa,False
1671618076,20221221,14218005504,94,31%,136,999,60,normal,348,8064,Kit Brinquedos De Maquiagem Para Crianças Menina Lavável Cosméticos Definir Jogo Fingir Princesa,False
1671593922,20221221,14218005504,94,31%,136,999,60,normal,348,8063,Kit Brinquedos De Maquiagem Para Crianças Menina Lavável Cosméticos Definir Jogo Fingir Princesa,False
1671586413,20221221,14218005504,94,31%,136,999,60,normal,348,8062,Kit Brinquedos De Maquiagem Para Crianças Menina Lavável Cosméticos Definir Jogo Fingir Princesa,False
1671575908,20221220,14218005504,94,31%,136,999,60,normal,348,8059,Kit Brinquedos De Maquiagem Para Crianças Menina Lavável Cosméticos Definir Jogo Fingir Princesa,False
1671567622,20221220,14218005504,94,31%,136,999,60,normal,348,8056,Kit Brinquedos De Maquiagem Para Crianças Menina Lavável Cosméticos Definir Jogo Fingir Princesa,False
1671563717,20221220,14218005504,94,31%,136,949,60,normal,348,8056,Kit Brinquedos De Maquiagem Para Crianças Menina Lavável Cosméticos Definir Jogo Fingir Princesa,False
1671557898,20221220,14218005504,94,31%,136,950,60,normal,348,8056,Kit Brinquedos De Maquiagem Para Crianças Menina Lavável Cosméticos Definir Jogo Fingir Princesa,False
1671549727,20221220,14218005504,94,31%,136,950,60,normal,348,8055,Kit Brinquedos De Maquiagem Para Crianças Menina Lavável Cosméticos Definir Jogo Fingir Princesa,False
1671506451,20221220,14218005504,94,31%,136,1000,60,normal,348,8055,Kit Brinquedos De Maquiagem Para Crianças Menina Lavável Cosméticos Definir Jogo Fingir Princesa,False
1671503986,20221220,14218005504,94,31%,136,1000,60,normal,348,8054,Kit Brinquedos De Maquiagem Para Crianças Menina Lavável Cosméticos Definir Jogo Fingir Princesa,False
1671500230,20221220,14218005504,94,31%,136,1000,60,normal,348,8053,Kit Brinquedos De Maquiagem Para Crianças Menina Lavável Cosméticos Definir Jogo Fingir Princesa,False
1671491955,20221219,14218005504,94,31%,136,998,60,normal,348,8050,Kit Brinquedos De Maquiagem Para Crianças Menina Lavável Cosméticos Definir Jogo Fingir Princesa,False
1671489518,20221219,14218005504,94,31%,136,999,60,normal,348,8050,Kit Brinquedos De Maquiagem Para Crianças Menina Lavável Cosméticos Definir Jogo Fingir Princesa,False
1671478697,20221219,14218005504,94,31%,136,999,60,normal,348,8049,Kit Brinquedos De Maquiagem Para Crianças Menina Lavável Cosméticos Definir Jogo Fingir Princesa,False
1671474243,20221219,14218005504,94,31%,136,1243,62,normal,348,8049,Kit Brinquedos De Maquiagem Para Crianças Menina Lavável Cosméticos Definir Jogo Fingir Princesa,False
1671470182,20221219,14218005504,94,31%,136,1244,62,normal,348,8049,Kit Brinquedos De Maquiagem Para Crianças Menina Lavável Cosméticos Definir Jogo Fingir Princesa,False
1671467370,20221219,14218005504,94,31%,136,1244,62,normal,348,8048,Kit Brinquedos De Maquiagem Para Crianças Menina Lavável Cosméticos Definir Jogo Fingir Princesa,False
1671464432,20221219,14218005504,94,31%,136,1244,62,normal,348,8045,Kit Brinquedos De Maquiagem Para Crianças Menina Lavável Cosméticos Definir Jogo Fingir Princesa,False
1671459508,20221219,14218005504,94,31%,136,1244,62,normal,348,8044,Kit Brinquedos De Maquiagem Para Crianças Menina Lavável Cosméticos Definir Jogo Fingir Princesa,False
1671448567,20221219,14218005504,94,31%,136,1244,62,normal,348,8046,Kit Brinquedos De Maquiagem Para Crianças Menina Lavável Cosméticos Definir Jogo Fingir Princesa,False
1671421121,20221219,14218005504,94,31%,136,1244,62,normal,348,8045,Kit Brinquedos De Maquiagem Para Crianças Menina Lavável Cosméticos Definir Jogo Fingir Princesa,False
1671420028,20221219,14218005504,94,31%,136,1244,62,normal,348,8044,Kit Brinquedos De Maquiagem Para Crianças Menina Lavável Cosméticos Definir Jogo Fingir Princesa,False
1671413646,20221219,14218005504,93,31%,136,194,62,normal,348,8043,Kit Brinquedos De Maquiagem Para Crianças Menina Lavável Cosméticos Definir Jogo Fingir Princesa,False
1671405509,20221218,14218005504,93,31%,136,194,62,normal,348,8042,Kit Brinquedos De Maquiagem Para Crianças Menina Lavável Cosméticos Definir Jogo Fingir Princesa,False
1671401823,20221218,14218005504,93,31%,136,194,62,normal,348,8041,Kit Brinquedos De Maquiagem Para Crianças Menina Lavável Cosméticos Definir Jogo Fingir Princesa,False
1671399503,20221218,14218005504,93,31%,136,194,62,normal,348,8039,Kit Brinquedos De Maquiagem Para Crianças Menina Lavável Cosméticos Definir Jogo Fingir Princesa,False
1671398119,20221218,14218005504,93,31%,136,194,62,normal,348,8038,Kit Brinquedos De Maquiagem Para Crianças Menina Lavável Cosméticos Definir Jogo Fingir Princesa,False
1671395903,20221218,14218005504,93,31%,136,194,62,normal,348,8037,Kit Brinquedos De Maquiagem Para Crianças Menina Lavável Cosméticos Definir Jogo Fingir Princesa,False
1671392296,20221218,14218005504,93,31%,136,194,62,normal,348,8036,Kit Brinquedos De Maquiagem Para Crianças Menina Lavável Cosméticos Definir Jogo Fingir Princesa,False
1671380691,20221218,14218005504,93,31%,136,194,65,normal,348,8036,Kit Brinquedos De Maquiagem Para Crianças Menina Lavável Cosméticos Definir Jogo Fingir Princesa,False
1671376662,20221218,14218005504,93,31%,136,194,65,normal,347,8035,Kit Brinquedos De Maquiagem Para Crianças Menina Lavável Cosméticos Definir Jogo Fingir Princesa,False
1671369670,20221218,14218005504,93,31%,136,194,65,normal,347,8036,Kit Brinquedos De Maquiagem Para Crianças Menina Lavável Cosméticos Definir Jogo Fingir Princesa,False
1671359899,20221218,14218005504,93,31%,136,194,65,normal,347,8035,Kit Brinquedos De Maquiagem Para Crianças Menina Lavável Cosméticos Definir Jogo Fingir Princesa,False
1671358726,20221218,14218005504,93,31%,136,194,65,normal,347,8034,Kit Brinquedos De Maquiagem Para Crianças Menina Lavável Cosméticos Definir Jogo Fingir Princesa,False
