data/master.csv
time,date,itemid,price,discount,price_before_discount,stock,sold,item_status,cmt_count,liked_count,item_name,is_latest
1671337352,20221218,14218005504,93,31%,136,194,65,normal,347,8033,Kit Brinquedos De Maquiagem Para Crianças Menina Lavável Cosméticos Definir Jogo Fingir Princesa,False
1671333594,20221218,14218005504,93,31%,136,194,65,normal,346,8033,Kit Brinquedos De Maquiagem Para Crianças Menina Lavável Cosméticos Definir Jogo Fingir Princesa,False
1671331008,20221218,14218005504,93,32%,136,50,65,normal,346,8033,Kit Brinquedos De Maquiagem Para Crianças Menina Lavável Cosméticos Definir Jogo Fingir Princesa,False
1671327371,20221218,14218005504,93,32%,136,50,65,normal,346,8029,Kit Brinquedos De Maquiagem Para Crianças Menina Lavável Cosméticos Definir Jogo Fingir Princesa,False
1671320319,20221217,14218005504,93,31%,136,194,65,normal,346,8024,Kit Brinquedos De Maquiagem Para Crianças Menina Lavável Cosméticos Definir Jogo Fingir Princesa,False
1671308297,20221217,14218005504,93,31%,136,194,65,normal,346,8025,Kit Brinquedos De Maquiagem Para Crianças Menina Lavável Cosméticos Definir Jogo Fingir Princesa,False
1671305895,20221217,14218005504,93,31%,136,194,65,normal,346,8024,Kit Brinquedos De Maquiagem Para Crianças Menina Lavável Cosméticos Definir Jogo Fingir Princesa,False
1671284286,20221217,14218005504,93,31%,136,194,66,normal,346,8024,Kit Brinquedos De Maquiagem Para Crianças Menina Lavável Cosméticos Definir Jogo Fingir Princesa,False
1671283241,20221217,14218005504,93,31%,136,194,66,normal,346,8025,Kit Brinquedos De Maquiagem Para Crianças Menina Lavável Cosméticos Definir Jogo Fingir Princesa,False
1671273493,20221217,14218005504,93,31%,136,194,66,normal,346,8024,Kit Brinquedos De Maquiagem Para Crianças Menina Lavável Cosméticos Definir Jogo Fingir Princesa,False
1671244466,20221217,14218005504,93,31%,136,195,66,normal,346,8024,Kit Brinquedos De Maquiagem Para Crianças Menina Lavável Cosméticos Definir Jogo Fingir Princesa,False
1671240883,20221217,14218005504,93,31%,136,195,66,normal,346,8021,Kit Brinquedos De Maquiagem Para Crianças Menina Lavável Cosméticos Definir Jogo Fingir Princesa,False
1671225388,20221216,14218005504,93,31%,136,195,66,normal,346,8019,Kit Brinquedos De Maquiagem Para Crianças Menina Lavável Cosméticos Definir Jogo Fingir Princesa,False
1671223112,20221216,14218005504,93,31%,136,195,66,normal,346,8018,Kit Brinquedos De Maquiagem Para Crianças Menina Lavável Cosméticos Definir Jogo Fingir Princesa,False
1671222017,20221216,14218005504,93,31%,136,196,66,normal,346,8018,Kit Brinquedos De Maquiagem Para Crianças Menina Lavável Cosméticos Definir Jogo Fingir Princesa,False
1671210988,20221216,14218005504,93,31%,136,196,70,normal,346,8018,Kit Brinquedos De Maquiagem Para Crianças Menina Lavável Cosméticos Definir Jogo Fingir Princesa,False
1671189335,20221216,14218005504,93,31%,136,196,70,normal,346,8016,Kit Brinquedos De Maquiagem Para Crianças Menina Lavável Cosméticos Definir Jogo Fingir Princesa,False
1671179010,20221216,14218005504,93,31%,136,196,70,normal,346,8015,Kit Brinquedos De Maquiagem Para Crianças Menina Lavável Cosméticos Definir Jogo Fingir Princesa,False
1671158170,20221216,14218005504,93,31%,136,197,70,normal,346,8014,Kit Brinquedos De Maquiagem Para Crianças Menina Lavável Cosméticos Definir Jogo Fingir Princesa,False
1671154469,20221216,14218005504,93,31%,136,197,70,normal,346,8013,Kit Brinquedos De Maquiagem Para Crianças Menina Lavável Cosméticos Definir Jogo Fingir Princesa,False
1671129576,20221215,14218005504,93,31%,136,196,70,normal,346,8013,Kit Brinquedos De Maquiagem Para Crianças Menina Lavável Cosméticos Definir Jogo Fingir Princesa,False
1671128541,20221215,14218005504,93,31%,136,196,70,normal,346,8012,Kit Brinquedos De Maquiagem Para Crianças Menina Lavável Cosméticos Definir Jogo Fingir Princesa,False
1671124698,20221215,14218005504,93,31%,136,196,70,normal,346,8011,Kit Brinquedos De Maquiagem Para Crianças Menina Lavável Cosméticos Definir Jogo Fingir Princesa,False
1671118824,20221215,14218005504,93,31%,136,196,70,normal,346,8010,Kit Brinquedos De Maquiagem Para Crianças Menina Lavável Cosméticos Definir Jogo Fingir Princesa,False
1671111697,20221215,14218005504,93,31%,136,196,70,normal,346,8009,Kit Brinquedos De Maquiagem Para Crianças Menina Lavável Cosméticos Definir Jogo Fingir Princesa,False
1671110842,20221215,14218005504,93,31%,136,195,70,normal,346,8009,Kit Brinquedos De Maquiagem Para Crianças Menina Lavável Cosméticos Definir Jogo Fingir Princesa,False
1671099729,20221215,14218005504,93,31%,136,195,70,normal,346,8006,Kit Brinquedos De Maquiagem Para Crianças Menina Lavável Cosméticos Definir Jogo Fingir Princesa,False
1671081514,20221215,14218005504,93,31%,136,195,70,normal,346,8005,Kit Brinquedos De Maquiagem Para Crianças Menina Lavável Cosméticos Definir Jogo Fingir Princesa,False
1671072642,20221215,14218005504,93,31%,136,195,70,normal,345,8005,Kit Brinquedos De Maquiagem Para Crianças Menina Lavável Cosméticos Definir Jogo Fingir Princesa,False
1671068722,20221215,14218005504,93,31%,136,195,70,normal,345,8003,Kit Brinquedos De Maquiagem Para Crianças Menina Lavável Cosméticos Definir Jogo Fingir Princesa,False
1671060030,20221214,14218005504,93,31%,136,197,70,normal,344,8002,Kit Brinquedos De Maquiagem Para Crianças Menina Lavável Cosméticos Definir Jogo Fingir Princesa,False
1671053940,20221214,14218005504,93,31%,136,197,70,normal,344,8000,Kit Brinquedos De Maquiagem Para Crianças Menina Lavável Cosméticos Definir Jogo Fingir Princesa,False
1671046690,20221214,14218005504,93,31%,136,198,70,normal,344,8000,Kit Brinquedos De Maquiagem Para Crianças Menina Lavável Cosméticos Definir Jogo Fingir Princesa,False
1671045378,20221214,14218005504,93,31%,136,198,72,normal,344,8000,Kit Brinquedos De Maquiagem Para Crianças Menina Lavável Cosméticos Definir Jogo Fingir Princesa,False
1671032438,20221214,14218005504,93,31%,136,198,72,normal,344,7999,Kit Brinquedos De Maquiagem Para Crianças Menina Lavável Cosméticos Definir Jogo Fingir Princesa,False
1671028738,20221214,14218005504,93,31%,136,199,72,normal,344,7999,Kit Brinquedos De Maquiagem Para Crianças Menina Lavável Cosméticos Definir Jogo Fingir Princesa,False
1671025271,20221214,14218005504,93,31%,136,199,72,normal,344,7998,Kit Brinquedos De Maquiagem Para Crianças Menina Lavável Cosméticos Definir Jogo Fingir Princesa,False
1671017884,20221214,14218005504,93,31%,136,200,72,normal,344,7998,Kit Brinquedos De Maquiagem Para Crianças Menina Lavável Cosméticos Definir Jogo Fingir Princesa,False
1670989285,20221214,14218005504,93,31%,136,200,72,normal,344,7997,Kit Brinquedos De Maquiagem Para Crianças Menina Lavável Cosméticos Definir Jogo Fingir Princesa,False
1670988272,20221214,14218005504,93,31%,136,200,72,normal,344,7995,Kit Brinquedos De Maquiagem Para Crianças Menina Lavável Cosméticos Definir Jogo Fingir Princesa,False
1670986265,20221214,14218005504,89,35%,136,89,72,normal,344,7995,Kit Brinquedos De Maquiagem Para Crianças Menina Lavável Cosméticos Definir Jogo Fingir Princesa,False
1670982179,20221214,14218005504,89,35%,136,89,72,normal,344,7992,Kit Brinquedos De Maquiagem Para Crianças Menina Lavável Cosméticos Definir Jogo Fingir Princesa,False
1670974776,20221213,14218005504,89,35%,136,90,72,normal,344,7990,Kit Brinquedos De Maquiagem Para Crianças Menina Lavável Cosméticos Definir Jogo Fingir Princesa,False
1670973651,20221213,14218005504,89,35%,136,89,72,normal,344,7990,Kit Brinquedos De Maquiagem Para Crianças Menina Lavável Cosméticos Definir Jogo Fingir Princesa,False
1670969949,20221213,14218005504,89,35%,136,91,72,normal,344,7990,Kit Brinquedos De Maquiagem Para Crianças Menina Lavável Cosméticos Definir Jogo Fingir Princesa,False
1670967541,20221213,14218005504,89,35%,136,92,72,normal,343,7990,Kit Brinquedos De Maquiagem Para Crianças Menina Lavável Cosméticos Definir Jogo Fingir Princesa,False
1670962879,20221213,14218005504,89,35%,136,93,72,normal,343,7990,Kit Brinquedos De Maquiagem Para Crianças Menina Lavável Cosméticos Definir Jogo Fingir Princesa,False
1670955878,20221213,14218005504,89,35%,136,93,73,normal,343,7988,Kit Brinquedos De Maquiagem Para Crianças Menina Lavável Cosméticos Definir Jogo Fingir Princesa,False
1670951871,20221213,14218005504,89,35%,136,94,73,normal,343,7986,Kit Brinquedos De Maquiagem Para Crianças Menina Lavável Cosméticos Definir Jogo Fingir Princesa,False
1670950280,20221213,14218005504,89,35%,136,94,73,normal,343,7985,Kit Brinquedos De Maquiagem Para Crianças Menina Lavável Cosméticos Definir Jogo Fingir Princesa,False
1670948927,20221213,14218005504,89,35%,136,94,73,normal,343,7984,Kit Brinquedos De Maquiagem Para Crianças Menina Lavável Cosméticos Definir Jogo Fingir Princesa,False
1670946150,20221213,14218005504,89,35%,136,95,73,normal,343,7984,Kit Brinquedos De Maquiagem Para Crianças Menina Lavável Cosméticos Definir Jogo Fingir Princesa,False
1670945114,20221213,14218005504,89,35%,136,95,73,normal,343,7983,Kit Brinquedos De Maquiagem Para Crianças Menina Lavável Cosméticos Definir Jogo Fingir Princesa,False
1670938879,20221213,14218005504,89,35%,136,95,73,normal,343,7982,Kit Brinquedos De Maquiagem Para Crianças Menina Lavável Cosméticos Definir Jogo Fingir Princesa,False
1670935081,20221213,14218005504,89,35%,136,95,73,normal,343,7980,Kit Brinquedos De Maquiagem Para Crianças Menina Lavável Cosméticos Definir Jogo Fingir Princesa,False
1670915885,20221213,14218005504,89,35%,136,95,73,normal,343,7978,Kit Brinquedos De Maquiagem Para Crianças Menina Lavável Cosméticos Definir Jogo Fingir Princesa,False
1670912760,20221213,14218005504,89,35%,136,95,73,normal,343,7977,Kit Brinquedos De Maquiagem Para Crianças Menina Lavável Cosméticos Definir Jogo Fingir Princesa,False
1670902074,20221213,14218005504,89,35%,136,95,73,normal,343,7976,Kit Brinquedos De Maquiagem Para Crianças Menina Lavável Cosméticos Definir Jogo Fingir Princesa,False
1670896007,20221213,14218005504,89,35%,136,96,73,normal,343,7975,Kit Brinquedos De Maquiagem Para Crianças Menina Lavável Cosméticos Definir Jogo Fingir Princesa,False
1670888394,20221212,14218005504,89,35%,136,97,73,normal,343,7974,Kit Brinquedos De Maquiagem Para Crianças Menina Lavável Cosméticos Definir Jogo Fingir Princesa,False
1670884776,20221212,14218005504,89,35%,136,98,73,normal,343,7973,Kit Brinquedos De Maquiagem Para Crianças Menina Lavável Cosméticos Definir Jogo Fingir Princesa,False
1670883575,20221212,14218005504,89,35%,136,98,73,normal,343,7971,Kit Brinquedos De Maquiagem Para Crianças Menina Lavável Cosméticos Definir Jogo Fingir Princesa,False
1670879878,20221212,14218005504,89,35%,136,99,73,normal,343,7971,Kit Brinquedos De Maquiagem Para Crianças Menina Lavável Cosméticos Definir Jogo Fingir Princesa,False
1670876402,20221212,14218005504,89,35%,136,99,73,normal,343,7970,Kit Brinquedos De Maquiagem Para Crianças Menina Lavável Cosméticos Definir Jogo Fingir Princesa,False
1670872714,20221212,14218005504,89,35%,136,99,83,normal,343,7970,Kit Brinquedos De Maquiagem Para Crianças Menina Lavável Cosméticos Definir Jogo Fingir Princesa,False
1670869516,20221212,14218005504,89,35%,136,99,83,normal,343,7968,Kit Brinquedos De Maquiagem Para Crianças Menina Lavável Cosméticos Definir Jogo Fingir Princesa,False
1670865494,20221212,14218005504,89,34%,136,199,83,normal,343,7962,Kit Brinquedos De Maquiagem Para Crianças Menina Lavável Cosméticos Definir Jogo Fingir Princesa,False
1670858491,20221212,14218005504,89,35%,136,99,83,normal,343,7961,Kit Brinquedos De Maquiagem Para Crianças Menina Lavável Cosméticos Definir Jogo Fingir Princesa,False
1670855947,20221212,14218005504,89,35%,136,99,83,normal,343,7960,Kit Brinquedos De Maquiagem Para Crianças Menina Lavável Cosméticos Definir Jogo Fingir Princesa,False
1670854705,20221212,14218005504,89,35%,136,99,83,normal,343,7959,Kit Brinquedos De Maquiagem Para Crianças Menina Lavável Cosméticos Definir Jogo Fingir Princesa,False
1670851678,20221212,14218005504,89,35%,136,99,83,normal,343,7958,Kit Brinquedos De Maquiagem Para Crianças Menina Lavável Cosméticos Definir Jogo Fingir Princesa,False
1670843801,20221212,14218005504,89,35%,136,99,83,normal,343,7957,Kit Brinquedos De Maquiagem Para Crianças Menina Lavável Cosméticos Definir Jogo Fingir Princesa,False
1670827451,20221212,14218005504,89,35%,136,100,83,normal,343,7956,Kit Brinquedos De Maquiagem Para Crianças Menina Lavável Cosméticos Definir Jogo Fingir Princesa,False
1670823499,20221212,14218005504,89,35%,136,100,83,normal,343,7955,Kit Brinquedos De Maquiagem Para Crianças Menina Lavável Cosméticos Definir Jogo Fingir Princesa,False
1670816527,20221212,14218005504,89,35%,136,100,83,normal,343,7954,Kit Brinquedos De Maquiagem Para Crianças Menina Lavável Cosméticos Definir Jogo Fingir Princesa,False
1670815506,20221212,14218005504,89,35%,136,100,83,normal,343,7953,Kit Brinquedos De Maquiagem Para Crianças Menina Lavável Cosméticos Definir Jogo Fingir Princesa,False
1670813486,20221212,14218005504,94,31%,136,1047,83,normal,343,7952,Kit Brinquedos De Maquiagem Para Crianças Menina Lavável Cosméticos Definir Jogo Fingir Princesa,False
1670809454,20221212,14218005504,94,31%,136,1047,83,normal,343,7949,Kit Brinquedos De Maquiagem Para Crianças Menina Lavável Cosméticos Definir Jogo Fingir Princesa,False
1670798308,20221211,14218005504,94,31%,136,1047,83,normal,343,7948,Kit Brinquedos De Maquiagem Para Crianças Menina Lavável Cosméticos Definir Jogo Fingir Princesa,False
1670793392,20221211,14218005504,94,31%,136,1047,83,normal,343,7949,Kit Brinquedos De Maquiagem Para Crianças Menina Lavável Cosméticos Definir Jogo Fingir Princesa,False
1670791116,20221211,14218005504,94,31%,136,1047,83,normal,343,7947,Kit Brinquedos De Maquiagem Para Crianças Menina Lavável Cosméticos Definir Jogo Fingir Princesa,False
1670790006,20221211,14218005504,94,31%,136,1047,83,normal,343,7946,Kit Brinquedos De Maquiagem Para Crianças Menina Lavável Cosméticos Definir Jogo Fingir Princesa,False
1670787493,20221211,14218005504,94,31%,136,1048,86,normal,343,7943,Kit Brinquedos De Maquiagem Para Crianças Menina Lavável Cosméticos Definir Jogo Fingir Princesa,False
1670784101,20221211,14218005504,94,31%,136,1048,86,normal,343,7942,Kit Brinquedos De Maquiagem Para Crianças Menina Lavável Cosméticos Definir Jogo Fingir Princesa,False
1670779005,20221211,14218005504,94,31%,136,1048,86,normal,343,7941,Kit Brinquedos De Maquiagem Para Crianças Menina Lavável Cosméticos Definir Jogo Fingir Princesa,False
1670773125,20221211,14218005504,94,31%,136,1048,86,normal,343,7940,Kit Brinquedos De Maquiagem Para Crianças Menina Lavável Cosméticos Definir Jogo Fingir Princesa,False
1670768242,20221211,14218005504,94,31%,136,1048,86,normal,343,7939,Kit Brinquedos De Maquiagem Para Crianças Menina Lavável Cosméticos Definir Jogo Fingir Princesa,False
1670762158,20221211,14218005504,94,31%,136,1047,86,normal,343,7939,Kit Brinquedos De Maquiagem Para Crianças Menina Lavável Cosméticos Definir Jogo Fingir Princesa,False
1670758689,20221211,14218005504,94,31%,136,1047,86,normal,343,7938,Kit Brinquedos De Maquiagem Para Crianças Menina Lavável Cosméticos Definir Jogo Fingir Princesa,False
1670755179,20221211,14218005504,94,31%,136,1047,86,normal,343,7937,Kit Brinquedos De Maquiagem Para Crianças Menina Lavável Cosméticos Definir Jogo Fingir Princesa,False
1670754007,20221211,14218005504,94,31%,136,1047,86,normal,343,7936,Kit Brinquedos De Maquiagem Para Crianças Menina Lavável Cosméticos Definir Jogo Fingir Princesa,False
1670735863,20221211,14218005504,94,31%,136,1047,86,normal,343,7935,Kit Brinquedos De Maquiagem Para Crianças Menina Lavável Cosméticos Definir Jogo Fingir Princesa,False
1670732683,20221211,14218005504,94,31%,136,1047,86,normal,343,7934,Kit Brinquedos De Maquiagem Para Crianças Menina Lavável Cosméticos Definir Jogo Fingir Princesa,False
1670729132,20221211,14218005504,94,31%,136,1047,86,normal,343,7933,Kit Brinquedos De Maquiagem Para Crianças Menina Lavável Cosméticos Definir Jogo Fingir Princesa,False
1670727159,20221211,14218005504,94,31%,136,1047,86,normal,343,7931,Kit Brinquedos De Maquiagem Para Crianças Menina Lavável Cosméticos Definir Jogo Fingir Princesa,False
1670723310,20221211,14218005504,94,31%,136,1047,86,normal,343,7929,Kit Brinquedos De Maquiagem Para Crianças Menina Lavável Cosméticos Definir Jogo Fingir Princesa,False
1670710698,20221210,14218005504,94,31%,136,1048,86,normal,343,7926,Kit Brinquedos De Maquiagem Para Crianças Menina Lavável Cosméticos Definir Jogo Fingir Princesa,False
1670704729,20221210,14218005504,94,31%,136,1048,86,normal,343,7925,Kit Brinquedos De Maquiagem Para Crianças Menina Lavável Cosméticos Definir Jogo Fingir Princesa,False
1670703608,20221210,14218005504,94,31%,136,1048,86,normal,343,7924,Kit Brinquedos De Maquiagem Para Crianças Menina Lavável Cosméticos Definir Jogo Fingir Princesa,False
1670697694,20221210,14218005504,94,31%,136,1048,86,normal,343,7925,Kit Brinquedos De Maquiagem Para Crianças Menina Lavável Cosméticos Definir Jogo Fingir Princesa,False
1670689618,20221210,14218005504,94,31%,136,1048,86,normal,343,7924,Kit Brinquedos De Maquiagem Para Crianças Menina Lavável Cosméticos Definir Jogo Fingir Princesa,False
1670686712,20221210,14218005504,94,31%,136,1048,86,normal,343,7922,Kit Brinquedos De Maquiagem Para Crianças Menina Lavável Cosméticos Definir Jogo Fingir Princesa,False
1670685539,20221210,14218005504,94,31%,136,1048,86,normal,343,7921,Kit Brinquedos De Maquiagem Para Crianças Menina Lavável Cosméticos Definir Jogo Fingir Princesa,False
1670683101,20221210,14218005504,94,31%,136,1048,86,normal,343,7920,Kit Brinquedos De Maquiagem Para Crianças Menina Lavável Cosméticos Definir Jogo Fingir Princesa,False
1670681826,20221210,14218005504,94,31%,136,1048,86,normal,343,7919,Kit Brinquedos De Maquiagem Para Crianças Menina Lavável Cosméticos Definir Jogo Fingir Princesa,False
