data/master.csv
time,date,itemid,price,discount,price_before_discount,stock,sold,item_status,cmt_count,liked_count,item_name,is_latest
1670679518,20221210,14218005504,94,31%,136,1049,86,normal,343,7919,Kit Brinquedos De Maquiagem Para Crianças Menina Lavável Cosméticos Definir Jogo Fingir Princesa,False
1670675715,20221210,14218005504,94,31%,136,1049,86,normal,343,7918,Kit Brinquedos De Maquiagem Para Crianças Menina Lavável Cosméticos Definir Jogo Fingir Princesa,False
1670670935,20221210,14218005504,94,31%,136,1049,86,normal,343,7917,Kit Brinquedos De Maquiagem Para Crianças Menina Lavável Cosméticos Definir Jogo Fingir Princesa,False
1670663874,20221210,14218005504,94,31%,136,1049,86,normal,343,7916,Kit Brinquedos De Maquiagem Para Crianças Menina Lavável Cosméticos Definir Jogo Fingir Princesa,False
1670657890,20221210,14218005504,94,31%,136,1049,86,normal,343,7915,Kit Brinquedos De Maquiagem Para Crianças Menina Lavável Cosméticos Definir Jogo Fingir Princesa,False
1670649465,20221210,14218005504,94,31%,136,1049,86,normal,343,7914,Kit Brinquedos De Maquiagem Para Crianças Menina Lavável Cosméticos Definir Jogo Fingir Princesa,False
1670640106,20221210,14218005504,94,31%,136,1049,86,normal,343,7915,Kit Brinquedos De Maquiagem Para Crianças Menina Lavável Cosméticos Definir Jogo Fingir Princesa,False
1670636258,20221210,14218005504,94,31%,136,1048,86,normal,343,7914,Kit Brinquedos De Maquiagem Para Crianças Menina Lavável Cosméticos Definir Jogo Fingir Princesa,False
1670625579,20221209,14218005504,94,31%,136,1048,86,normal,343,7914,Kit Brinquedos De Maquiagem Para Crianças Menina Lavável Cosméticos Definir Jogo Fingir Princesa,False
1670613322,20221209,14218005504,94,31%,136,1048,86,normal,343,7913,Kit Brinquedos De Maquiagem Para Crianças Menina Lavável Cosméticos Definir Jogo Fingir Princesa,False
1670603312,20221209,14218005504,94,31%,136,1048,93,normal,343,7913,Kit Brinquedos De Maquiagem Para Crianças Menina Lavável Cosméticos Definir Jogo Fingir Princesa,False
1670593215,20221209,14218005504,94,31%,136,1048,93,normal,343,7912,Kit Brinquedos De Maquiagem Para Crianças Menina Lavável Cosméticos Definir Jogo Fingir Princesa,False
1670592361,20221209,14218005504,94,31%,136,1048,93,normal,343,7911,Kit Brinquedos De Maquiagem Para Crianças Menina Lavável Cosméticos Definir Jogo Fingir Princesa,False
1670585893,20221209,14218005504,90,33%,136,49,93,normal,343,7910,Kit Brinquedos De Maquiagem Para Crianças Menina Lavável Cosméticos Definir Jogo Fingir Princesa,False
1670584612,20221209,14218005504,90,33%,136,50,93,normal,343,7910,Kit Brinquedos De Maquiagem Para Crianças Menina Lavável Cosméticos Definir Jogo Fingir Princesa,False
1670577554,20221209,14218005504,90,33%,136,50,93,normal,343,7909,Kit Brinquedos De Maquiagem Para Crianças Menina Lavável Cosméticos Definir Jogo Fingir Princesa,False
1670563113,20221209,14218005504,94,31%,136,999,93,normal,343,7909,Kit Brinquedos De Maquiagem Para Crianças Menina Lavável Cosméticos Definir Jogo Fingir Princesa,False
1670559888,20221209,14218005504,94,31%,136,999,93,normal,343,7906,Kit Brinquedos De Maquiagem Para Crianças Menina Lavável Cosméticos Definir Jogo Fingir Princesa,False
1670557251,20221209,14218005504,94,31%,136,999,93,normal,343,7905,Kit Brinquedos De Maquiagem Para Crianças Menina Lavável Cosméticos Definir Jogo Fingir Princesa,False
1670556175,20221209,14218005504,94,31%,136,797,93,normal,343,7905,Kit Brinquedos De Maquiagem Para Crianças Menina Lavável Cosméticos Definir Jogo Fingir Princesa,False
1670554111,20221209,14218005504,94,31%,136,997,93,normal,343,7905,Kit Brinquedos De Maquiagem Para Crianças Menina Lavável Cosméticos Definir Jogo Fingir Princesa,False
1670550259,20221209,14218005504,94,31%,136,999,93,normal,343,7904,Kit Brinquedos De Maquiagem Para Crianças Menina Lavável Cosméticos Definir Jogo Fingir Princesa,False
1670542796,20221208,14218005504,94,31%,136,799,93,normal,343,7902,Kit Brinquedos De Maquiagem Para Crianças Menina Lavável Cosméticos Definir Jogo Fingir Princesa,False
1670539127,20221208,14218005504,94,31%,136,799,93,normal,343,7901,Kit Brinquedos De Maquiagem Para Crianças Menina Lavável Cosméticos Definir Jogo Fingir Princesa,False
1670535547,20221208,14218005504,94,31%,136,799,93,normal,343,7902,Kit Brinquedos De Maquiagem Para Crianças Menina Lavável Cosméticos Definir Jogo Fingir Princesa,False
1670523881,20221208,14218005504,94,31%,136,799,93,normal,343,7900,Kit Brinquedos De Maquiagem Para Crianças Menina Lavável Cosméticos Definir Jogo Fingir Princesa,False
1670519907,20221208,14218005504,94,31%,136,999,93,normal,342,7900,Kit Brinquedos De Maquiagem Para Crianças Menina Lavável Cosméticos Definir Jogo Fingir Princesa,False
1670518222,20221208,14218005504,94,31%,136,998,93,normal,342,7900,Kit Brinquedos De Maquiagem Para Crianças Menina Lavável Cosméticos Definir Jogo Fingir Princesa,False
1670514022,20221208,14218005504,94,31%,136,999,93,normal,342,7900,Kit Brinquedos De Maquiagem Para Crianças Menina Lavável Cosméticos Definir Jogo Fingir Princesa,False
1670503071,20221208,14218005504,94,31%,136,999,93,normal,342,7899,Kit Brinquedos De Maquiagem Para Crianças Menina Lavável Cosméticos Definir Jogo Fingir Princesa,False
1670499499,20221208,14218005504,94,31%,136,1049,93,normal,342,7897,Kit Brinquedos De Maquiagem Para Crianças Menina Lavável Cosméticos Definir Jogo Fingir Princesa,False
1670485107,20221208,14218005504,94,31%,136,1049,93,normal,342,7896,Kit Brinquedos De Maquiagem Para Crianças Menina Lavável Cosméticos Definir Jogo Fingir Princesa,False
1670483868,20221208,14218005504,94,31%,136,1049,93,normal,342,7895,Kit Brinquedos De Maquiagem Para Crianças Menina Lavável Cosméticos Definir Jogo Fingir Princesa,False
1670477915,20221208,14218005504,94,31%,136,1049,93,normal,342,7894,Kit Brinquedos De Maquiagem Para Crianças Menina Lavável Cosméticos Definir Jogo Fingir Princesa,False
1670469764,20221208,14218005504,94,31%,136,1049,93,normal,341,7894,Kit Brinquedos De Maquiagem Para Crianças Menina Lavável Cosméticos Definir Jogo Fingir Princesa,False
1670467681,20221208,14218005504,94,31%,136,1049,90,normal,341,7894,Kit Brinquedos De Maquiagem Para Crianças Menina Lavável Cosméticos Definir Jogo Fingir Princesa,False
1670463637,20221208,14218005504,94,31%,136,1049,90,normal,341,7893,Kit Brinquedos De Maquiagem Para Crianças Menina Lavável Cosméticos Definir Jogo Fingir Princesa,False
1670455188,20221207,14218005504,93,32%,136,50,90,normal,341,7885,Kit Brinquedos De Maquiagem Para Crianças Menina Lavável Cosméticos Definir Jogo Fingir Princesa,False
1670452775,20221207,14218005504,94,31%,136,998,90,normal,341,7886,Kit Brinquedos De Maquiagem Para Crianças Menina Lavável Cosméticos Definir Jogo Fingir Princesa,False
1670451576,20221207,14218005504,94,31%,136,999,90,normal,341,7886,Kit Brinquedos De Maquiagem Para Crianças Menina Lavável Cosméticos Definir Jogo Fingir Princesa,False
1670433502,20221207,14218005504,94,31%,136,999,90,normal,340,7886,Kit Brinquedos De Maquiagem Para Crianças Menina Lavável Cosméticos Definir Jogo Fingir Princesa,False
1670431865,20221207,14218005504,94,31%,136,997,90,normal,340,7885,Kit Brinquedos De Maquiagem Para Crianças Menina Lavável Cosméticos Definir Jogo Fingir Princesa,False
1670430523,20221207,14218005504,94,31%,136,998,90,normal,340,7885,Kit Brinquedos De Maquiagem Para Crianças Menina Lavável Cosméticos Definir Jogo Fingir Princesa,False
1670423920,20221207,14218005504,94,31%,136,999,90,normal,340,7885,Kit Brinquedos De Maquiagem Para Crianças Menina Lavável Cosméticos Definir Jogo Fingir Princesa,False
1670422687,20221207,14218005504,94,31%,136,1049,90,normal,340,7884,Kit Brinquedos De Maquiagem Para Crianças Menina Lavável Cosméticos Definir Jogo Fingir Princesa,False
1670419615,20221207,14218005504,94,31%,136,1050,90,normal,340,7884,Kit Brinquedos De Maquiagem Para Crianças Menina Lavável Cosméticos Definir Jogo Fingir Princesa,False
1670416638,20221207,14218005504,93,32%,136,50,90,normal,340,7881,Kit Brinquedos De Maquiagem Para Crianças Menina Lavável Cosméticos Definir Jogo Fingir Princesa,False
1670411811,20221207,14218005504,93,32%,136,50,90,normal,340,7871,Kit Brinquedos De Maquiagem Para Crianças Menina Lavável Cosméticos Definir Jogo Fingir Princesa,False
1670409689,20221207,14218005504,93,32%,136,50,90,normal,340,7870,Kit Brinquedos De Maquiagem Para Crianças Menina Lavável Cosméticos Definir Jogo Fingir Princesa,False
1670408521,20221207,14218005504,93,32%,136,50,90,normal,340,7869,Kit Brinquedos De Maquiagem Para Crianças Menina Lavável Cosméticos Definir Jogo Fingir Princesa,False
1670404771,20221207,14218005504,93,32%,136,50,90,normal,340,7868,Kit Brinquedos De Maquiagem Para Crianças Menina Lavável Cosméticos Definir Jogo Fingir Princesa,False
1670390302,20221207,14218005504,94,31%,136,1000,90,normal,340,7868,Kit Brinquedos De Maquiagem Para Crianças Menina Lavável Cosméticos Definir Jogo Fingir Princesa,False
1670381564,20221207,14218005504,94,31%,136,1000,90,normal,340,7867,Kit Brinquedos De Maquiagem Para Crianças Menina Lavável Cosméticos Definir Jogo Fingir Princesa,False
1670377506,20221207,14218005504,94,31%,136,999,90,normal,340,7867,Kit Brinquedos De Maquiagem Para Crianças Menina Lavável Cosméticos Definir Jogo Fingir Princesa,False
1670369984,20221206,14218005504,94,31%,136,948,90,normal,339,7865,Kit Brinquedos De Maquiagem Para Crianças Menina Lavável Cosméticos Definir Jogo Fingir Princesa,False
1670368873,20221206,14218005504,94,31%,136,949,90,normal,339,7865,Kit Brinquedos De Maquiagem Para Crianças Menina Lavável Cosméticos Definir Jogo Fingir Princesa,False
1670366376,20221206,14218005504,94,31%,136,949,90,normal,338,7865,Kit Brinquedos De Maquiagem Para Crianças Menina Lavável Cosméticos Definir Jogo Fingir Princesa,False
1670365153,20221206,14218005504,94,31%,136,949,90,normal,338,7866,Kit Brinquedos De Maquiagem Para Crianças Menina Lavável Cosméticos Definir Jogo Fingir Princesa,False
1670359177,20221206,14218005504,94,31%,136,949,90,normal,338,7864,Kit Brinquedos De Maquiagem Para Crianças Menina Lavável Cosméticos Definir Jogo Fingir Princesa,False
1670357994,20221206,14218005504,94,31%,136,999,90,normal,338,7863,Kit Brinquedos De Maquiagem Para Crianças Menina Lavável Cosméticos Definir Jogo Fingir Princesa,False
1670355508,20221206,14218005504,94,31%,136,999,90,normal,338,7862,Kit Brinquedos De Maquiagem Para Crianças Menina Lavável Cosméticos Definir Jogo Fingir Princesa,False
1670352151,20221206,14218005504,94,31%,136,999,95,normal,338,7862,Kit Brinquedos De Maquiagem Para Crianças Menina Lavável Cosméticos Definir Jogo Fingir Princesa,False
1670351104,20221206,14218005504,94,31%,136,998,95,normal,338,7862,Kit Brinquedos De Maquiagem Para Crianças Menina Lavável Cosméticos Definir Jogo Fingir Princesa,False
1670345491,20221206,14218005504,94,31%,136,999,95,normal,338,7862,Kit Brinquedos De Maquiagem Para Crianças Menina Lavável Cosméticos Definir Jogo Fingir Princesa,False
1670344151,20221206,14218005504,94,31%,136,999,95,normal,338,7861,Kit Brinquedos De Maquiagem Para Crianças Menina Lavável Cosméticos Definir Jogo Fingir Princesa,False
1670340065,20221206,14218005504,94,31%,136,999,95,normal,338,7859,Kit Brinquedos De Maquiagem Para Crianças Menina Lavável Cosméticos Definir Jogo Fingir Princesa,False
1670333327,20221206,14218005504,94,31%,136,999,95,normal,338,7858,Kit Brinquedos De Maquiagem Para Crianças Menina Lavável Cosméticos Definir Jogo Fingir Princesa,False
1670330414,20221206,14218005504,94,31%,136,999,95,normal,337,7855,Kit Brinquedos De Maquiagem Para Crianças Menina Lavável Cosméticos Definir Jogo Fingir Princesa,False
1670303850,20221206,14218005504,94,31%,136,999,95,normal,337,7854,Kit Brinquedos De Maquiagem Para Crianças Menina Lavável Cosméticos Definir Jogo Fingir Princesa,False
1670298027,20221206,14218005504,94,31%,136,999,95,normal,337,7853,Kit Brinquedos De Maquiagem Para Crianças Menina Lavável Cosméticos Definir Jogo Fingir Princesa,False
1670294740,20221206,14218005504,94,31%,136,998,95,normal,337,7853,Kit Brinquedos De Maquiagem Para Crianças Menina Lavável Cosméticos Definir Jogo Fingir Princesa,False
1670290768,20221206,14218005504,94,31%,136,999,95,normal,337,7853,Kit Brinquedos De Maquiagem Para Crianças Menina Lavável Cosméticos Definir Jogo Fingir Princesa,False
1670283536,20221205,14218005504,94,31%,136,999,95,normal,337,7850,Kit Brinquedos De Maquiagem Para Crianças Menina Lavável Cosméticos Definir Jogo Fingir Princesa,False
